[1,5]<stdout>:mi200000000:120042:120142 [5] NCCL INFO Channel 01/0 : 5[600000] -> 4[500000] via P2P/IPC comm 0x1b20310 nRanks 32
[1,21]<stdout>:mi200000001:470427:470519 [5] NCCL INFO Connected all trees
[1,21]<stdout>:mi200000001:470427:470519 [5] NCCL INFO threadThresholds 8/8/64 | 256/8/64 | 256 | 256
[1,21]<stdout>:mi200000001:470427:470519 [5] NCCL INFO 2 coll channels, 0 nvls channels, 2 p2p channels, 1 p2p channels per peer
[1,5]<stdout>:mi200000000:120042:120142 [5] NCCL INFO Connected all trees
[1,5]<stdout>:mi200000000:120042:120142 [5] NCCL INFO threadThresholds 8/8/64 | 256/8/64 | 256 | 256
[1,5]<stdout>:mi200000000:120042:120142 [5] NCCL INFO 2 coll channels, 0 nvls channels, 2 p2p channels, 1 p2p channels per peer
[1,20]<stdout>:mi200000001:470426:470514 [4] NCCL INFO Connected all trees
[1,20]<stdout>:mi200000001:470426:470514 [4] NCCL INFO threadThresholds 8/8/64 | 256/8/64 | 256 | 256
[1,20]<stdout>:mi200000001:470426:470514 [4] NCCL INFO 2 coll channels, 0 nvls channels, 2 p2p channels, 1 p2p channels per peer
[1,4]<stdout>:mi200000000:120041:120137 [4] NCCL INFO Connected all trees
[1,4]<stdout>:mi200000000:120041:120137 [4] NCCL INFO threadThresholds 8/8/64 | 256/8/64 | 256 | 256
[1,4]<stdout>:mi200000000:120041:120137 [4] NCCL INFO 2 coll channels, 0 nvls channels, 2 p2p channels, 1 p2p channels per peer
[1,13]<stdout>:mi200000000:120050:120131 [13] NCCL INFO Channel 01/0 : 13[e00000] -> 15[1000000] via P2P/IPC comm 0xe78d40 nRanks 32
[1,2]<stdout>:mi200000000:120039:120143 [2] NCCL INFO Connected all trees
[1,2]<stdout>:mi200000000:120039:120143 [2] NCCL INFO threadThresholds 8/8/64 | 256/8/64 | 256 | 256
[1,2]<stdout>:mi200000000:120039:120143 [2] NCCL INFO 2 coll channels, 0 nvls channels, 2 p2p channels, 1 p2p channels per peer
[1,3]<stdout>:mi200000000:120040:120138 [3] NCCL INFO Connected all trees
[1,3]<stdout>:mi200000000:120040:120138 [3] NCCL INFO threadThresholds 8/8/64 | 256/8/64 | 256 | 256
[1,3]<stdout>:mi200000000:120040:120138 [3] NCCL INFO 2 coll channels, 0 nvls channels, 2 p2p channels, 1 p2p channels per peer
[1,29]<stdout>:mi200000001:470435:470510 [13] NCCL INFO Channel 01/0 : 29[e00000] -> 31[1000000] via P2P/IPC comm 0x2e81220 nRanks 32
[1,15]<stdout>:mi200000000:120052:120134 [15] NCCL INFO Channel 00/0 : 15[1000000] -> 14[f00000] via P2P/IPC comm 0x1ea7bf0 nRanks 32
[1,13]<stdout>:mi200000000:120050:120131 [13] NCCL INFO Channel 00/0 : 29[e00000] -> 13[e00000] [receive] via NET/IB/6 comm 0xe78d40 nRanks 32
[1,13]<stdout>:mi200000000:120050:120131 [13] NCCL INFO Channel 00/0 : 13[e00000] -> 29[e00000] [send] via NET/IB/6 comm 0xe78d40 nRanks 32
[1,22]<stdout>:mi200000001:470428:470521 [6] NCCL INFO MSCCL: No external scheduler found, using internal implementation
[1,22]<stdout>:mi200000001:470428:470521 [6] NCCL INFO Using MSCCL files from /home/amdautomation/xuting/rccl/build/release/msccl-algorithms
[1,31]<stdout>:mi200000001:470437:470522 [15] NCCL INFO Channel 00/0 : 31[1000000] -> 30[f00000] via P2P/IPC comm 0x1e57350 nRanks 32
[1,29]<stdout>:mi200000001:470435:470510 [13] NCCL INFO Channel 00/0 : 13[e00000] -> 29[e00000] [receive] via NET/IB/6 comm 0x2e81220 nRanks 32
[1,22]<stdout>:mi200000001:470428:470521 [6] NCCL INFO MSCCL: Initialization finished, localSize 400
[1,29]<stdout>:mi200000001:470435:470510 [13] NCCL INFO Channel 00/0 : 29[e00000] -> 13[e00000] [send] via NET/IB/6 comm 0x2e81220 nRanks 32
[1,15]<stdout>:mi200000000:120052:120134 [15] NCCL INFO Channel 01/0 : 15[1000000] -> 14[f00000] via P2P/IPC comm 0x1ea7bf0 nRanks 32
[1,31]<stdout>:mi200000001:470437:470522 [15] NCCL INFO Channel 01/0 : 31[1000000] -> 30[f00000] via P2P/IPC comm 0x1e57350 nRanks 32
[1,12]<stdout>:mi200000000:120049:120140 [12] NCCL INFO Connected all trees
[1,12]<stdout>:mi200000000:120049:120140 [12] NCCL INFO threadThresholds 8/8/64 | 256/8/64 | 256 | 256
[1,12]<stdout>:mi200000000:120049:120140 [12] NCCL INFO 2 coll channels, 0 nvls channels, 2 p2p channels, 1 p2p channels per peer
[1,28]<stdout>:mi200000001:470434:470513 [12] NCCL INFO Connected all trees
[1,28]<stdout>:mi200000001:470434:470513 [12] NCCL INFO threadThresholds 8/8/64 | 256/8/64 | 256 | 256
[1,28]<stdout>:mi200000001:470434:470513 [12] NCCL INFO 2 coll channels, 0 nvls channels, 2 p2p channels, 1 p2p channels per peer
[1,19]<stdout>:mi200000001:470425:470526 [3] NCCL INFO MSCCL: No external scheduler found, using internal implementation
[1,19]<stdout>:mi200000001:470425:470526 [3] NCCL INFO Using MSCCL files from /home/amdautomation/xuting/rccl/build/release/msccl-algorithms
[1,15]<stdout>:mi200000000:120052:120134 [15] NCCL INFO Connected all trees
[1,15]<stdout>:mi200000000:120052:120134 [15] NCCL INFO threadThresholds 8/8/64 | 256/8/64 | 256 | 256
[1,15]<stdout>:mi200000000:120052:120134 [15] NCCL INFO 2 coll channels, 0 nvls channels, 2 p2p channels, 1 p2p channels per peer
[1,14]<stdout>:mi200000000:120051:120141 [14] NCCL INFO Connected all trees
[1,14]<stdout>:mi200000000:120051:120141 [14] NCCL INFO threadThresholds 8/8/64 | 256/8/64 | 256 | 256
[1,14]<stdout>:mi200000000:120051:120141 [14] NCCL INFO 2 coll channels, 0 nvls channels, 2 p2p channels, 1 p2p channels per peer
[1,18]<stdout>:mi200000001:470424:470523 [2] NCCL INFO MSCCL: No external scheduler found, using internal implementation
[1,18]<stdout>:mi200000001:470424:470523 [2] NCCL INFO Using MSCCL files from /home/amdautomation/xuting/rccl/build/release/msccl-algorithms
[1,19]<stdout>:mi200000001:470425:470526 [3] NCCL INFO MSCCL: Initialization finished, localSize 400
[1,31]<stdout>:mi200000001:470437:470522 [15] NCCL INFO Connected all trees
[1,31]<stdout>:mi200000001:470437:470522 [15] NCCL INFO threadThresholds 8/8/64 | 256/8/64 | 256 | 256
[1,31]<stdout>:mi200000001:470437:470522 [15] NCCL INFO 2 coll channels, 0 nvls channels, 2 p2p channels, 1 p2p channels per peer
[1,30]<stdout>:mi200000001:470436:470512 [14] NCCL INFO Connected all trees
[1,30]<stdout>:mi200000001:470436:470512 [14] NCCL INFO threadThresholds 8/8/64 | 256/8/64 | 256 | 256
[1,30]<stdout>:mi200000001:470436:470512 [14] NCCL INFO 2 coll channels, 0 nvls channels, 2 p2p channels, 1 p2p channels per peer
[1,18]<stdout>:mi200000001:470424:470523 [2] NCCL INFO MSCCL: Initialization finished, localSize 400
[1,8]<stdout>:mi200000000:120045:120136 [8] NCCL INFO Connected all trees
[1,8]<stdout>:mi200000000:120045:120136 [8] NCCL INFO threadThresholds 8/8/64 | 256/8/64 | 256 | 256
[1,8]<stdout>:mi200000000:120045:120136 [8] NCCL INFO 2 coll channels, 0 nvls channels, 2 p2p channels, 1 p2p channels per peer
[1,9]<stdout>:mi200000000:120046:120146 [9] NCCL INFO Connected all trees
[1,9]<stdout>:mi200000000:120046:120146 [9] NCCL INFO threadThresholds 8/8/64 | 256/8/64 | 256 | 256
[1,9]<stdout>:mi200000000:120046:120146 [9] NCCL INFO 2 coll channels, 0 nvls channels, 2 p2p channels, 1 p2p channels per peer
[1,24]<stdout>:mi200000001:470430:470511 [8] NCCL INFO Connected all trees
[1,24]<stdout>:mi200000001:470430:470511 [8] NCCL INFO threadThresholds 8/8/64 | 256/8/64 | 256 | 256
[1,24]<stdout>:mi200000001:470430:470511 [8] NCCL INFO 2 coll channels, 0 nvls channels, 2 p2p channels, 1 p2p channels per peer
[1,25]<stdout>:mi200000001:470431:470517 [9] NCCL INFO Connected all trees
[1,25]<stdout>:mi200000001:470431:470517 [9] NCCL INFO threadThresholds 8/8/64 | 256/8/64 | 256 | 256
[1,25]<stdout>:mi200000001:470431:470517 [9] NCCL INFO 2 coll channels, 0 nvls channels, 2 p2p channels, 1 p2p channels per peer
[1,21]<stdout>:mi200000001:470427:470519 [5] NCCL INFO MSCCL: No external scheduler found, using internal implementation
[1,21]<stdout>:mi200000001:470427:470519 [5] NCCL INFO Using MSCCL files from /home/amdautomation/xuting/rccl/build/release/msccl-algorithms
[1,21]<stdout>:mi200000001:470427:470519 [5] NCCL INFO MSCCL: Initialization finished, localSize 400
[1,5]<stdout>:mi200000000:120042:120142 [5] NCCL INFO MSCCL: No external scheduler found, using internal implementation
[1,20]<stdout>:mi200000001:470426:470514 [4] NCCL INFO MSCCL: No external scheduler found, using internal implementation
[1,5]<stdout>:mi200000000:120042:120142 [5] NCCL INFO Using MSCCL files from /home/amdautomation/xuting/rccl/build/release/msccl-algorithms
[1,20]<stdout>:mi200000001:470426:470514 [4] NCCL INFO Using MSCCL files from /home/amdautomation/xuting/rccl/build/release/msccl-algorithms
[1,6]<stdout>:mi200000000:120043:120132 [6] NCCL INFO MSCCL: No external scheduler found, using internal implementation
[1,6]<stdout>:mi200000000:120043:120132 [6] NCCL INFO Using MSCCL files from /home/amdautomation/xuting/rccl/build/release/msccl-algorithms
[1,20]<stdout>:mi200000001:470426:470514 [4] NCCL INFO MSCCL: Initialization finished, localSize 400
[1,4]<stdout>:mi200000000:120041:120137 [4] NCCL INFO MSCCL: No external scheduler found, using internal implementation
[1,4]<stdout>:mi200000000:120041:120137 [4] NCCL INFO Using MSCCL files from /home/amdautomation/xuting/rccl/build/release/msccl-algorithms
[1,5]<stdout>:mi200000000:120042:120142 [5] NCCL INFO MSCCL: Initialization finished, localSize 400
[1,6]<stdout>:mi200000000:120043:120132 [6] NCCL INFO MSCCL: Initialization finished, localSize 400
[1,4]<stdout>:mi200000000:120041:120137 [4] NCCL INFO MSCCL: Initialization finished, localSize 400
[1,2]<stdout>:mi200000000:120039:120143 [2] NCCL INFO MSCCL: No external scheduler found, using internal implementation
[1,2]<stdout>:mi200000000:120039:120143 [2] NCCL INFO Using MSCCL files from /home/amdautomation/xuting/rccl/build/release/msccl-algorithms
[1,3]<stdout>:mi200000000:120040:120138 [3] NCCL INFO MSCCL: No external scheduler found, using internal implementation
[1,3]<stdout>:mi200000000:120040:120138 [3] NCCL INFO Using MSCCL files from /home/amdautomation/xuting/rccl/build/release/msccl-algorithms
[1,2]<stdout>:mi200000000:120039:120143 [2] NCCL INFO MSCCL: Initialization finished, localSize 400
[1,3]<stdout>:mi200000000:120040:120138 [3] NCCL INFO MSCCL: Initialization finished, localSize 400
[1,15]<stdout>:mi200000000:120052:120134 [15] NCCL INFO MSCCL: No external scheduler found, using internal implementation
[1,15]<stdout>:mi200000000:120052:120134 [15] NCCL INFO Using MSCCL files from /home/amdautomation/xuting/rccl/build/release/msccl-algorithms
[1,31]<stdout>:mi200000001:470437:470522 [15] NCCL INFO MSCCL: No external scheduler found, using internal implementation
[1,31]<stdout>:mi200000001:470437:470522 [15] NCCL INFO Using MSCCL files from /home/amdautomation/xuting/rccl/build/release/msccl-algorithms
[1,14]<stdout>:mi200000000:120051:120141 [14] NCCL INFO MSCCL: No external scheduler found, using internal implementation
[1,14]<stdout>:mi200000000:120051:120141 [14] NCCL INFO Using MSCCL files from /home/amdautomation/xuting/rccl/build/release/msccl-algorithms
[1,15]<stdout>:mi200000000:120052:120134 [15] NCCL INFO MSCCL: Initialization finished, localSize 400
[1,31]<stdout>:mi200000001:470437:470522 [15] NCCL INFO MSCCL: Initialization finished, localSize 400
[1,14]<stdout>:mi200000000:120051:120141 [14] NCCL INFO MSCCL: Initialization finished, localSize 400
[1,30]<stdout>:mi200000001:470436:470512 [14] NCCL INFO MSCCL: No external scheduler found, using internal implementation
[1,30]<stdout>:mi200000001:470436:470512 [14] NCCL INFO Using MSCCL files from /home/amdautomation/xuting/rccl/build/release/msccl-algorithms
[1,12]<stdout>:mi200000000:120049:120140 [12] NCCL INFO MSCCL: No external scheduler found, using internal implementation
[1,12]<stdout>:mi200000000:120049:120140 [12] NCCL INFO Using MSCCL files from /home/amdautomation/xuting/rccl/build/release/msccl-algorithms
[1,30]<stdout>:mi200000001:470436:470512 [14] NCCL INFO MSCCL: Initialization finished, localSize 400
[1,12]<stdout>:mi200000000:120049:120140 [12] NCCL INFO MSCCL: Initialization finished, localSize 400
[1,28]<stdout>:mi200000001:470434:470513 [12] NCCL INFO MSCCL: No external scheduler found, using internal implementation
[1,28]<stdout>:mi200000001:470434:470513 [12] NCCL INFO Using MSCCL files from /home/amdautomation/xuting/rccl/build/release/msccl-algorithms
[1,28]<stdout>:mi200000001:470434:470513 [12] NCCL INFO MSCCL: Initialization finished, localSize 400
[1,8]<stdout>:mi200000000:120045:120136 [8] NCCL INFO MSCCL: No external scheduler found, using internal implementation
[1,8]<stdout>:mi200000000:120045:120136 [8] NCCL INFO Using MSCCL files from /home/amdautomation/xuting/rccl/build/release/msccl-algorithms
[1,8]<stdout>:mi200000000:120045:120136 [8] NCCL INFO MSCCL: Initialization finished, localSize 400
[1,9]<stdout>:mi200000000:120046:120146 [9] NCCL INFO MSCCL: No external scheduler found, using internal implementation
[1,9]<stdout>:mi200000000:120046:120146 [9] NCCL INFO Using MSCCL files from /home/amdautomation/xuting/rccl/build/release/msccl-algorithms
[1,9]<stdout>:mi200000000:120046:120146 [9] NCCL INFO MSCCL: Initialization finished, localSize 400
[1,23]<stdout>:mi200000001:470429:470520 [7] NCCL INFO Connected all trees
[1,23]<stdout>:mi200000001:470429:470520 [7] NCCL INFO threadThresholds 8/8/64 | 256/8/64 | 256 | 256
[1,23]<stdout>:mi200000001:470429:470520 [7] NCCL INFO 2 coll channels, 0 nvls channels, 2 p2p channels, 1 p2p channels per peer
[1,7]<stdout>:mi200000000:120044:120139 [7] NCCL INFO Connected all trees
[1,7]<stdout>:mi200000000:120044:120139 [7] NCCL INFO threadThresholds 8/8/64 | 256/8/64 | 256 | 256
[1,7]<stdout>:mi200000000:120044:120139 [7] NCCL INFO 2 coll channels, 0 nvls channels, 2 p2p channels, 1 p2p channels per peer
[1,25]<stdout>:mi200000001:470431:470517 [9] NCCL INFO MSCCL: No external scheduler found, using internal implementation
[1,25]<stdout>:mi200000001:470431:470517 [9] NCCL INFO Using MSCCL files from /home/amdautomation/xuting/rccl/build/release/msccl-algorithms
[1,25]<stdout>:mi200000001:470431:470517 [9] NCCL INFO MSCCL: Initialization finished, localSize 400
[1,24]<stdout>:mi200000001:470430:470511 [8] NCCL INFO MSCCL: No external scheduler found, using internal implementation
[1,24]<stdout>:mi200000001:470430:470511 [8] NCCL INFO Using MSCCL files from /home/amdautomation/xuting/rccl/build/release/msccl-algorithms
[1,24]<stdout>:mi200000001:470430:470511 [8] NCCL INFO MSCCL: Initialization finished, localSize 400
[1,29]<stdout>:mi200000001:470435:470510 [13] NCCL INFO Connected all trees
[1,29]<stdout>:mi200000001:470435:470510 [13] NCCL INFO threadThresholds 8/8/64 | 256/8/64 | 256 | 256
[1,29]<stdout>:mi200000001:470435:470510 [13] NCCL INFO 2 coll channels, 0 nvls channels, 2 p2p channels, 1 p2p channels per peer
[1,13]<stdout>:mi200000000:120050:120131 [13] NCCL INFO Connected all trees
[1,13]<stdout>:mi200000000:120050:120131 [13] NCCL INFO threadThresholds 8/8/64 | 256/8/64 | 256 | 256
[1,13]<stdout>:mi200000000:120050:120131 [13] NCCL INFO 2 coll channels, 0 nvls channels, 2 p2p channels, 1 p2p channels per peer
[1,7]<stdout>:mi200000000:120044:120139 [7] NCCL INFO MSCCL: No external scheduler found, using internal implementation
[1,7]<stdout>:mi200000000:120044:120139 [7] NCCL INFO Using MSCCL files from /home/amdautomation/xuting/rccl/build/release/msccl-algorithms
[1,7]<stdout>:mi200000000:120044:120139 [7] NCCL INFO MSCCL: Initialization finished, localSize 400
[1,23]<stdout>:mi200000001:470429:470520 [7] NCCL INFO MSCCL: No external scheduler found, using internal implementation
[1,23]<stdout>:mi200000001:470429:470520 [7] NCCL INFO Using MSCCL files from /home/amdautomation/xuting/rccl/build/release/msccl-algorithms
[1,23]<stdout>:mi200000001:470429:470520 [7] NCCL INFO MSCCL: Initialization finished, localSize 400
[1,29]<stdout>:mi200000001:470435:470510 [13] NCCL INFO MSCCL: No external scheduler found, using internal implementation
[1,29]<stdout>:mi200000001:470435:470510 [13] NCCL INFO Using MSCCL files from /home/amdautomation/xuting/rccl/build/release/msccl-algorithms
[1,29]<stdout>:mi200000001:470435:470510 [13] NCCL INFO MSCCL: Initialization finished, localSize 400
[1,13]<stdout>:mi200000000:120050:120131 [13] NCCL INFO MSCCL: No external scheduler found, using internal implementation
[1,13]<stdout>:mi200000000:120050:120131 [13] NCCL INFO Using MSCCL files from /home/amdautomation/xuting/rccl/build/release/msccl-algorithms
[1,21]<stdout>:mi200000001:470427:470519 [5] NCCL INFO comm 0x285e260 rank 21 nranks 32 cudaDev 5 busId 600000 commId 0x2d5eed5e62b7c265 localSize 112 used 49343584 bytes - Init COMPLETE
[1,29]<stdout>:mi200000001:470435:470510 [13] NCCL INFO comm 0x2e81220 rank 29 nranks 32 cudaDev 13 busId e00000 commId 0x2d5eed5e62b7c265 localSize 112 used 45149280 bytes - Init COMPLETE
[1,31]<stdout>:mi200000001:470437:470522 [15] NCCL INFO comm 0x1e57350 rank 31 nranks 32 cudaDev 15 busId 1000000 commId 0x2d5eed5e62b7c265 localSize 112 used 49343584 bytes - Init COMPLETE
[1,23]<stdout>:mi200000001:470429:470520 [7] NCCL INFO comm 0x11f3650 rank 23 nranks 32 cudaDev 7 busId 800000 commId 0x2d5eed5e62b7c265 localSize 112 used 45149280 bytes - Init COMPLETE
[1,13]<stdout>:mi200000000:120050:120131 [13] NCCL INFO MSCCL: Initialization finished, localSize 400
[1,19]<stdout>:mi200000001:470425:470526 [3] NCCL INFO comm 0x2d99960 rank 19 nranks 32 cudaDev 3 busId 400000 commId 0x2d5eed5e62b7c265 localSize 112 used 59829344 bytes - Init COMPLETE
[1,27]<stdout>:mi200000001:470433:470525 [11] NCCL INFO comm 0x1feade0 rank 27 nranks 32 cudaDev 11 busId c00000 commId 0x2d5eed5e62b7c265 localSize 112 used 59829344 bytes - Init COMPLETE
[1,17]<stdout>:mi200000001:470423:470518 [1] NCCL INFO comm 0xb48930 rank 17 nranks 32 cudaDev 1 busId 200000 commId 0x2d5eed5e62b7c265 localSize 112 used 59829344 bytes - Init COMPLETE
[1,8]<stdout>:mi200000000:120045:120136 [8] NCCL INFO comm 0x13068f0 rank 8 nranks 32 cudaDev 8 busId 900000 commId 0x2d5eed5e62b7c265 localSize 112 used 59829344 bytes - Init COMPLETE
[1,0]<stdout>:mi200000000:120037:120133 [0] NCCL INFO comm 0x2cd50b0 rank 0 nranks 32 cudaDev 0 busId 100000 commId 0x2d5eed5e62b7c265 localSize 112 used 59829344 bytes - Init COMPLETE
[1,7]<stdout>:mi200000000:120044:120139 [7] NCCL INFO comm 0x2945ce0 rank 7 nranks 32 cudaDev 7 busId 800000 commId 0x2d5eed5e62b7c265 localSize 112 used 45149280 bytes - Init COMPLETE
[1,15]<stdout>:mi200000000:120052:120134 [15] NCCL INFO comm 0x1ea7bf0 rank 15 nranks 32 cudaDev 15 busId 1000000 commId 0x2d5eed5e62b7c265 localSize 112 used 49343584 bytes - Init COMPLETE
[1,3]<stdout>:mi200000000:120040:120138 [3] NCCL INFO comm 0x16d3880 rank 3 nranks 32 cudaDev 3 busId 400000 commId 0x2d5eed5e62b7c265 localSize 112 used 59829344 bytes - Init COMPLETE
[1,11]<stdout>:mi200000000:120048:120145 [11] NCCL INFO comm 0x251da10 rank 11 nranks 32 cudaDev 11 busId c00000 commId 0x2d5eed5e62b7c265 localSize 112 used 59829344 bytes - Init COMPLETE
[1,12]<stdout>:mi200000000:120049:120140 [12] NCCL INFO comm 0x1580600 rank 12 nranks 32 cudaDev 12 busId d00000 commId 0x2d5eed5e62b7c265 localSize 112 used 59829344 bytes - Init COMPLETE
[1,4]<stdout>:mi200000000:120041:120137 [4] NCCL INFO comm 0xe822d0 rank 4 nranks 32 cudaDev 4 busId 500000 commId 0x2d5eed5e62b7c265 localSize 112 used 59829344 bytes - Init COMPLETE
[1,0]<stdout>:#
[1,0]<stdout>:#                                                              out-of-place                       in-place          
[1,0]<stdout>:#       size         count      type   redop    root     time   algbw   busbw #wrong     time   algbw   busbw #wrong
[1,0]<stdout>:#        (B)    (elements)                               (us)  (GB/s)  (GB/s)            (us)  (GB/s)  (GB/s)       
[1,13]<stdout>:mi200000000:120050:120131 [13] NCCL INFO comm 0xe78d40 rank 13 nranks 32 cudaDev 13 busId e00000 commId 0x2d5eed5e62b7c265 localSize 112 used 45149280 bytes - Init COMPLETE
[1,5]<stdout>:mi200000000:120042:120142 [5] NCCL INFO comm 0x1b20310 rank 5 nranks 32 cudaDev 5 busId 600000 commId 0x2d5eed5e62b7c265 localSize 112 used 49343584 bytes - Init COMPLETE
[1,6]<stdout>:mi200000000:120043:120132 [6] NCCL INFO comm 0x1311b10 rank 6 nranks 32 cudaDev 6 busId 700000 commId 0x2d5eed5e62b7c265 localSize 112 used 59829344 bytes - Init COMPLETE
[1,10]<stdout>:mi200000000:120047:120144 [10] NCCL INFO comm 0x248a7d0 rank 10 nranks 32 cudaDev 10 busId b00000 commId 0x2d5eed5e62b7c265 localSize 112 used 59829344 bytes - Init COMPLETE
[1,2]<stdout>:mi200000000:120039:120143 [2] NCCL INFO comm 0x1bc3e50 rank 2 nranks 32 cudaDev 2 busId 300000 commId 0x2d5eed5e62b7c265 localSize 112 used 59829344 bytes - Init COMPLETE
[1,14]<stdout>:mi200000000:120051:120141 [14] NCCL INFO comm 0x15b2a90 rank 14 nranks 32 cudaDev 14 busId f00000 commId 0x2d5eed5e62b7c265 localSize 112 used 59829344 bytes - Init COMPLETE
[1,9]<stdout>:mi200000000:120046:120146 [9] NCCL INFO comm 0x10feae0 rank 9 nranks 32 cudaDev 9 busId a00000 commId 0x2d5eed5e62b7c265 localSize 112 used 59829344 bytes - Init COMPLETE
[1,1]<stdout>:mi200000000:120038:120135 [1] NCCL INFO comm 0x15d46c0 rank 1 nranks 32 cudaDev 1 busId 200000 commId 0x2d5eed5e62b7c265 localSize 112 used 59829344 bytes - Init COMPLETE
[1,22]<stdout>:mi200000001:470428:470521 [6] NCCL INFO comm 0x103b4c0 rank 22 nranks 32 cudaDev 6 busId 700000 commId 0x2d5eed5e62b7c265 localSize 112 used 59829344 bytes - Init COMPLETE
[1,26]<stdout>:mi200000001:470432:470524 [10] NCCL INFO comm 0x14c3fc0 rank 26 nranks 32 cudaDev 10 busId b00000 commId 0x2d5eed5e62b7c265 localSize 112 used 59829344 bytes - Init COMPLETE
[1,18]<stdout>:mi200000001:470424:470523 [2] NCCL INFO comm 0x1d78b80 rank 18 nranks 32 cudaDev 2 busId 300000 commId 0x2d5eed5e62b7c265 localSize 112 used 59829344 bytes - Init COMPLETE
[1,30]<stdout>:mi200000001:470436:470512 [14] NCCL INFO comm 0x17ace30 rank 30 nranks 32 cudaDev 14 busId f00000 commId 0x2d5eed5e62b7c265 localSize 112 used 59829344 bytes - Init COMPLETE
[1,24]<stdout>:mi200000001:470430:470511 [8] NCCL INFO comm 0xe38ff0 rank 24 nranks 32 cudaDev 8 busId 900000 commId 0x2d5eed5e62b7c265 localSize 112 used 59829344 bytes - Init COMPLETE
[1,28]<stdout>:mi200000001:470434:470513 [12] NCCL INFO comm 0x12c3ee0 rank 28 nranks 32 cudaDev 12 busId d00000 commId 0x2d5eed5e62b7c265 localSize 112 used 59829344 bytes - Init COMPLETE
[1,16]<stdout>:mi200000001:470422:470516 [0] NCCL INFO comm 0x2424e80 rank 16 nranks 32 cudaDev 0 busId 100000 commId 0x2d5eed5e62b7c265 localSize 112 used 59829344 bytes - Init COMPLETE
[1,20]<stdout>:mi200000001:470426:470514 [4] NCCL INFO comm 0x2729230 rank 20 nranks 32 cudaDev 4 busId 500000 commId 0x2d5eed5e62b7c265 localSize 112 used 59829344 bytes - Init COMPLETE
[1,25]<stdout>:mi200000001:470431:470517 [9] NCCL INFO comm 0x1a79780 rank 25 nranks 32 cudaDev 9 busId a00000 commId 0x2d5eed5e62b7c265 localSize 112 used 59829344 bytes - Init COMPLETE
[1,6]<stdout>:mi200000000:120043:120043 [6] NCCL INFO RCCL_MSCCL_FORCE_ENABLE set by environment to 1.
[1,5]<stdout>:mi200000000:120042:120042 [5] NCCL INFO RCCL_MSCCL_FORCE_ENABLE set by environment to 1.
[1,8]<stdout>:mi200000000:120045:120045 [8] NCCL INFO RCCL_MSCCL_FORCE_ENABLE set by environment to 1.
[1,3]<stdout>:mi200000000:120040:120040 [3] NCCL INFO RCCL_MSCCL_FORCE_ENABLE set by environment to 1.
[1,9]<stdout>:mi200000000:120046:120046 [9] NCCL INFO RCCL_MSCCL_FORCE_ENABLE set by environment to 1.
[1,7]<stdout>:mi200000000:120044:120044 [7] NCCL INFO RCCL_MSCCL_FORCE_ENABLE set by environment to 1.
[1,1]<stdout>:mi200000000:120038:120038 [1] NCCL INFO RCCL_MSCCL_FORCE_ENABLE set by environment to 1.
[1,15]<stdout>:mi200000000:120052:120052 [15] NCCL INFO RCCL_MSCCL_FORCE_ENABLE set by environment to 1.
[1,2]<stdout>:mi200000000:120039:120039 [2] NCCL INFO RCCL_MSCCL_FORCE_ENABLE set by environment to 1.
[1,12]<stdout>:mi200000000:120049:120049 [12] NCCL INFO RCCL_MSCCL_FORCE_ENABLE set by environment to 1.
[1,4]<stdout>:mi200000000:120041:120041 [4] NCCL INFO RCCL_MSCCL_FORCE_ENABLE set by environment to 1.
[1,10]<stdout>:mi200000000:120047:120047 [10] NCCL INFO RCCL_MSCCL_FORCE_ENABLE set by environment to 1.
[1,11]<stdout>:mi200000000:120048:120048 [11] NCCL INFO RCCL_MSCCL_FORCE_ENABLE set by environment to 1.
[1,0]<stdout>:           0             0     float    none      -1mi200000000:120037:120037 [0] NCCL INFO RCCL_MSCCL_FORCE_ENABLE set by environment to 1.
[1,13]<stdout>:mi200000000:120050:120050 [13] NCCL INFO RCCL_MSCCL_FORCE_ENABLE set by environment to 1.
[1,14]<stdout>:mi200000000:120051:120051 [14] NCCL INFO RCCL_MSCCL_FORCE_ENABLE set by environment to 1.
[1,27]<stdout>:mi200000001:470433:470433 [11] NCCL INFO RCCL_MSCCL_FORCE_ENABLE set by environment to 1.
[1,28]<stdout>:mi200000001:470434:470434 [12] NCCL INFO RCCL_MSCCL_FORCE_ENABLE set by environment to 1.
[1,19]<stdout>:mi200000001:470425:470425 [3] NCCL INFO RCCL_MSCCL_FORCE_ENABLE set by environment to 1.
[1,20]<stdout>:mi200000001:470426:470426 [4] NCCL INFO RCCL_MSCCL_FORCE_ENABLE set by environment to 1.
[1,23]<stdout>:mi200000001:470429:470429 [7] NCCL INFO RCCL_MSCCL_FORCE_ENABLE set by environment to 1.
[1,24]<stdout>:mi200000001:470430:470430 [8] NCCL INFO RCCL_MSCCL_FORCE_ENABLE set by environment to 1.
[1,31]<stdout>:mi200000001:470437:470437 [15] NCCL INFO RCCL_MSCCL_FORCE_ENABLE set by environment to 1.
[1,16]<stdout>:mi200000001:470422:470422 [0] NCCL INFO RCCL_MSCCL_FORCE_ENABLE set by environment to 1.
[1,29]<stdout>:mi200000001:470435:470435 [13] NCCL INFO RCCL_MSCCL_FORCE_ENABLE set by environment to 1.
[1,21]<stdout>:mi200000001:470427:470427 [5] NCCL INFO RCCL_MSCCL_FORCE_ENABLE set by environment to 1.
[1,25]<stdout>:mi200000001:470431:470431 [9] NCCL INFO RCCL_MSCCL_FORCE_ENABLE set by environment to 1.
[1,26]<stdout>:mi200000001:470432:470432 [10] NCCL INFO RCCL_MSCCL_FORCE_ENABLE set by environment to 1.
[1,17]<stdout>:mi200000001:470423:470423 [1] NCCL INFO RCCL_MSCCL_FORCE_ENABLE set by environment to 1.
[1,18]<stdout>:mi200000001:470424:470424 [2] NCCL INFO RCCL_MSCCL_FORCE_ENABLE set by environment to 1.
[1,30]<stdout>:mi200000001:470436:470436 [14] NCCL INFO RCCL_MSCCL_FORCE_ENABLE set by environment to 1.
[1,22]<stdout>:mi200000001:470428:470428 [6] NCCL INFO RCCL_MSCCL_FORCE_ENABLE set by environment to 1.
[1,0]<stdout>:    13.41    0.00    0.00      0     9.95    0.00    0.00      0
[1,0]<stdout>:           0             0     float    none      -1    10.10    0.00    0.00      0    10.11    0.00    0.00      0
[1,0]<stdout>:           0             0     float    none      -1    10.17    0.00    0.00      0    10.16    0.00    0.00      0
[1,0]<stdout>:           0             0     float    none      -1    10.04    0.00    0.00      0     9.90    0.00    0.00      0
[1,0]<stdout>:           0             0     float    none      -1    10.13    0.00    0.00      0    10.14    0.00    0.00      0
[1,0]<stdout>:           0             0     float    none      -1    10.10    0.00    0.00      0    10.14    0.00    0.00      0
[1,0]<stdout>:         512             4     float    none      -1    122.1    0.00    0.00      0    106.5    0.00    0.00      0
[1,0]<stdout>:        1024             8     float    none      -1    107.0    0.01    0.01      0    107.0    0.01    0.01      0
[1,0]<stdout>:        2048            16     float    none      -1    108.2    0.02    0.02      0    108.0    0.02    0.02      0
[1,0]<stdout>:        4096            32     float    none      -1    107.3    0.04    0.04      0    107.1    0.04    0.04      0
[1,7]<stdout>:mi200000000:120044:120044 [7] NCCL INFO Channel 00/0 : 7[800000] -> 8[900000] via P2P/IPC comm 0x2945ce0 nRanks 32
[1,19]<stdout>:mi200000001:470425:470425 [3] NCCL INFO Channel 00/0 : 19[400000] -> 23[800000] via P2P/IPC comm 0x2d99960 nRanks 32
[1,1]<stdout>:mi200000000:120038:120038 [1] NCCL INFO Channel 00/0 : 1[200000] -> 5[600000] via P2P/IPC comm 0x15d46c0 nRanks 32
[1,27]<stdout>:mi200000001:470433:470433 [11] NCCL INFO Channel 00/0 : 27[c00000] -> 29[e00000] via P2P/IPC comm 0x1feade0 nRanks 32
[1,4]<stdout>:mi200000000:120041:120041 [4] NCCL INFO Channel 00/0 : 4[500000] -> 6[700000] via P2P/IPC comm 0xe822d0 nRanks 32
[1,20]<stdout>:mi200000001:470426:470426 [4] NCCL INFO Channel 00/0 : 20[500000] -> 22[700000] via P2P/IPC comm 0x2729230 nRanks 32
[1,17]<stdout>:mi200000001:470423:470423 [1] NCCL INFO Channel 00/0 : 13[e00000] -> 17[200000] [receive] via NET/IB/1 comm 0xb48930 nRanks 32
[1,5]<stdout>:mi200000000:120042:120042 [5] NCCL INFO Channel 00/0 : 5[600000] -> 6[700000] via P2P/IPC comm 0x1b20310 nRanks 32
[1,9]<stdout>:mi200000000:120046:120046 [9] NCCL INFO Channel 00/0 : 9[a00000] -> 13[e00000] via P2P/IPC comm 0x10feae0 nRanks 32
[1,3]<stdout>:mi200000000:120040:120040 [3] NCCL INFO Channel 00/0 : 3[400000] -> 7[800000] via P2P/IPC comm 0x16d3880 nRanks 32
[1,17]<stdout>:mi200000001:470423:470423 [1] NCCL INFO Channel 01/0 : 13[e00000] -> 17[200000] [receive] via NET/IB/1 comm 0xb48930 nRanks 32
[1,17]<stdout>:mi200000001:470423:470423 [1] NCCL INFO Channel 00/0 : 17[200000] -> 21[600000] via P2P/IPC comm 0xb48930 nRanks 32
[1,18]<stdout>:mi200000001:470424:470424 [2] NCCL INFO Channel 00/0 : 14[f00000] -> 18[300000] [receive] via NET/IB/0 comm 0x1d78b80 nRanks 32
[1,25]<stdout>:mi200000001:470431:470431 [9] NCCL INFO Channel 00/0 : 25[a00000] -> 29[e00000] via P2P/IPC comm 0x1a79780 nRanks 32
[1,13]<stdout>:mi200000000:120050:120050 [13] NCCL INFO Channel 00/0 : 13[e00000] -> 14[f00000] via P2P/IPC comm 0xe78d40 nRanks 32
[1,0]<stdout>:        8192            64     float    none      -1    106.5    0.08    0.07      0mi200000000:120037:120037 [0] NCCL INFO Channel 00/0 : 24[900000] -> 0[100000] [receive] via NET/IB/0 comm 0x2cd50b0 nRanks 32
[1,16]<stdout>:mi200000001:470422:470422 [0] NCCL INFO Channel 00/0 : 16[100000] -> 24[900000] via P2P/IPC comm 0x2424e80 nRanks 32
[1,12]<stdout>:mi200000000:120049:120049 [12] NCCL INFO Channel 00/0 : 12[d00000] -> 14[f00000] via P2P/IPC comm 0x1580600 nRanks 32
[1,2]<stdout>:mi200000000:120039:120039 [2] NCCL INFO Channel 00/0 : 2[300000] -> 9[a00000] via P2P/IPC comm 0x1bc3e50 nRanks 32
[1,0]<stdout>:mi200000000:120037:120037 [0] NCCL INFO Channel 01/0 : 24[900000] -> 0[100000] [receive] via NET/IB/0 comm 0x2cd50b0 nRanks 32
[1,0]<stdout>:mi200000000:120037:120037 [0] NCCL INFO Channel 00/0 : 0[100000] -> 8[900000] via P2P/IPC comm 0x2cd50b0 nRanks 32
[1,18]<stdout>:mi200000001:470424:470424 [2] NCCL INFO Channel 01/0 : 14[f00000] -> 18[300000] [receive] via NET/IB/0 comm 0x1d78b80 nRanks 32
[1,21]<stdout>:mi200000001:470427:470427 [5] NCCL INFO Channel 00/0 : 21[600000] -> 22[700000] via P2P/IPC comm 0x285e260 nRanks 32
[1,29]<stdout>:mi200000001:470435:470435 [13] NCCL INFO Channel 00/0 : 29[e00000] -> 30[f00000] via P2P/IPC comm 0x2e81220 nRanks 32
[1,28]<stdout>:mi200000001:470434:470434 [12] NCCL INFO Channel 00/0 : 28[d00000] -> 30[f00000] via P2P/IPC comm 0x12c3ee0 nRanks 32
[1,11]<stdout>:mi200000000:120048:120048 [11] NCCL INFO Channel 00/0 : 11[c00000] -> 13[e00000] via P2P/IPC comm 0x251da10 nRanks 32
[1,19]<stdout>:mi200000001:470425:470425 [3] NCCL INFO Channel 01/0 : 19[400000] -> 23[800000] via P2P/IPC comm 0x2d99960 nRanks 32
[1,27]<stdout>:mi200000001:470433:470433 [11] NCCL INFO Channel 01/0 : 27[c00000] -> 29[e00000] via P2P/IPC comm 0x1feade0 nRanks 32
[1,1]<stdout>:mi200000000:120038:120038 [1] NCCL INFO Channel 01/0 : 1[200000] -> 5[600000] via P2P/IPC comm 0x15d46c0 nRanks 32
[1,4]<stdout>:mi200000000:120041:120041 [4] NCCL INFO Channel 01/0 : 4[500000] -> 6[700000] via P2P/IPC comm 0xe822d0 nRanks 32
[1,20]<stdout>:mi200000001:470426:470426 [4] NCCL INFO Channel 01/0 : 20[500000] -> 22[700000] via P2P/IPC comm 0x2729230 nRanks 32
[1,7]<stdout>:mi200000000:120044:120044 [7] NCCL INFO Channel 01/0 : 7[800000] -> 8[900000] via P2P/IPC comm 0x2945ce0 nRanks 32
[1,5]<stdout>:mi200000000:120042:120042 [5] NCCL INFO Channel 01/0 : 5[600000] -> 6[700000] via P2P/IPC comm 0x1b20310 nRanks 32
[1,9]<stdout>:mi200000000:120046:120046 [9] NCCL INFO Channel 01/0 : 9[a00000] -> 13[e00000] via P2P/IPC comm 0x10feae0 nRanks 32
[1,21]<stdout>:mi200000001:470427:470427 [5] NCCL INFO Channel 01/0 : 21[600000] -> 22[700000] via P2P/IPC comm 0x285e260 nRanks 32
[1,17]<stdout>:mi200000001:470423:470423 [1] NCCL INFO Channel 01/0 : 17[200000] -> 21[600000] via P2P/IPC comm 0xb48930 nRanks 32
[1,16]<stdout>:mi200000001:470422:470422 [0] NCCL INFO Channel 01/0 : 16[100000] -> 24[900000] via P2P/IPC comm 0x2424e80 nRanks 32
[1,3]<stdout>:mi200000000:120040:120040 [3] NCCL INFO Channel 01/0 : 3[400000] -> 7[800000] via P2P/IPC comm 0x16d3880 nRanks 32
[1,13]<stdout>:mi200000000:120050:120050 [13] NCCL INFO Channel 01/0 : 13[e00000] -> 14[f00000] via P2P/IPC comm 0xe78d40 nRanks 32
[1,25]<stdout>:mi200000001:470431:470431 [9] NCCL INFO Channel 01/0 : 25[a00000] -> 29[e00000] via P2P/IPC comm 0x1a79780 nRanks 32
[1,12]<stdout>:mi200000000:120049:120049 [12] NCCL INFO Channel 01/0 : 12[d00000] -> 14[f00000] via P2P/IPC comm 0x1580600 nRanks 32
[1,0]<stdout>:mi200000000:120037:120037 [0] NCCL INFO Channel 01/0 : 0[100000] -> 8[900000] via P2P/IPC comm 0x2cd50b0 nRanks 32
[1,2]<stdout>:mi200000000:120039:120039 [2] NCCL INFO Channel 01/0 : 2[300000] -> 9[a00000] via P2P/IPC comm 0x1bc3e50 nRanks 32
[1,11]<stdout>:mi200000000:120048:120048 [11] NCCL INFO Channel 01/0 : 11[c00000] -> 13[e00000] via P2P/IPC comm 0x251da10 nRanks 32
[1,29]<stdout>:mi200000001:470435:470435 [13] NCCL INFO Channel 01/0 : 29[e00000] -> 30[f00000] via P2P/IPC comm 0x2e81220 nRanks 32
[1,28]<stdout>:mi200000001:470434:470434 [12] NCCL INFO Channel 01/0 : 28[d00000] -> 30[f00000] via P2P/IPC comm 0x12c3ee0 nRanks 32
[1,5]<stdout>:mi200000000:120042:120042 [5] NCCL INFO Channel 01/0 : 5[600000] -> 7[800000] via P2P/IPC comm 0x1b20310 nRanks 32
[1,21]<stdout>:mi200000001:470427:470427 [5] NCCL INFO Channel 01/0 : 21[600000] -> 23[800000] via P2P/IPC comm 0x285e260 nRanks 32
[1,4]<stdout>:mi200000000:120041:120041 [4] NCCL INFO Channel 00/0 : 4[500000] -> 20[500000] [send] via NET/IB/2 comm 0xe822d0 nRanks 32
[1,6]<stdout>:mi200000000:120043:120043 [6] NCCL INFO Channel 00/0 : 28[d00000] -> 6[700000] [receive] via NET/IB/2 comm 0x1311b10 nRanks 32
[1,4]<stdout>:mi200000000:120041:120041 [4] NCCL INFO Channel 01/0 : 4[500000] -> 20[500000] [send] via NET/IB/2 comm 0xe822d0 nRanks 32
[1,6]<stdout>:mi200000000:120043:120043 [6] NCCL INFO Channel 01/0 : 28[d00000] -> 6[700000] [receive] via NET/IB/2 comm 0x1311b10 nRanks 32
[1,13]<stdout>:mi200000000:120050:120050 [13] NCCL INFO Channel 00/0 : 13[e00000] -> 15[1000000] via P2P/IPC comm 0xe78d40 nRanks 32
[1,6]<stdout>:mi200000000:120043:120043 [6] NCCL INFO Channel 00/0 : 6[700000] -> 16[100000] [send] via NET/IB/2 comm 0x1311b10 nRanks 32
[1,8]<stdout>:mi200000000:120045:120045 [8] NCCL INFO Channel 00/0 : 30[f00000] -> 8[900000] [receive] via NET/IB/4 comm 0x13068f0 nRanks 32
[1,12]<stdout>:mi200000000:120049:120049 [12] NCCL INFO Channel 00/0 : 12[d00000] -> 18[300000] [send] via NET/IB/6 comm 0x1580600 nRanks 32
[1,6]<stdout>:mi200000000:120043:120043 [6] NCCL INFO Channel 01/0 : 6[700000] -> 16[100000] [send] via NET/IB/2 comm 0x1311b10 nRanks 32
[1,8]<stdout>:mi200000000:120045:120045 [8] NCCL INFO Channel 01/0 : 30[f00000] -> 8[900000] [receive] via NET/IB/4 comm 0x13068f0 nRanks 32
[1,12]<stdout>:mi200000000:120049:120049 [12] NCCL INFO Channel 01/0 : 12[d00000] -> 18[300000] [send] via NET/IB/6 comm 0x1580600 nRanks 32
[1,28]<stdout>:mi200000001:470434:470434 [12] NCCL INFO Channel 00/0 : 28[d00000] -> 3[400000] [send] via NET/IB/6 comm 0x12c3ee0 nRanks 32
[1,29]<stdout>:mi200000001:470435:470435 [13] NCCL INFO Channel 00/0 : 29[e00000] -> 31[1000000] via P2P/IPC comm 0x2e81220 nRanks 32
[1,22]<stdout>:mi200000001:470428:470428 [6] NCCL INFO Channel 00/0 : 22[700000] -> 2[300000] [send] via NET/IB/2 comm 0x103b4c0 nRanks 32
[1,28]<stdout>:mi200000001:470434:470434 [12] NCCL INFO Channel 01/0 : 28[d00000] -> 3[400000] [send] via NET/IB/6 comm 0x12c3ee0 nRanks 32
[1,20]<stdout>:mi200000001:470426:470426 [4] NCCL INFO Channel 00/0 : 11[c00000] -> 20[500000] [receive] via NET/IB/2 comm 0x2729230 nRanks 32
[1,22]<stdout>:mi200000001:470428:470428 [6] NCCL INFO Channel 01/0 : 22[700000] -> 2[300000] [send] via NET/IB/2 comm 0x103b4c0 nRanks 32
[1,20]<stdout>:mi200000001:470426:470426 [4] NCCL INFO Channel 01/0 : 11[c00000] -> 20[500000] [receive] via NET/IB/2 comm 0x2729230 nRanks 32
[1,21]<stdout>:mi200000001:470427:470427 [5] NCCL INFO Channel 00/0 : 21[600000] -> 0[100000] [send] via NET/IB/3 comm 0x285e260 nRanks 32
[1,11]<stdout>:mi200000000:120048:120048 [11] NCCL INFO Channel 00/0 : 11[c00000] -> 14[f00000] via P2P/IPC comm 0x251da10 nRanks 32
[1,21]<stdout>:mi200000001:470427:470427 [5] NCCL INFO Channel 01/0 : 21[600000] -> 0[100000] [send] via NET/IB/3 comm 0x285e260 nRanks 32
[1,1]<stdout>:mi200000000:120038:120038 [1] NCCL INFO Channel 00/0 : 25[a00000] -> 1[200000] [receive] via NET/IB/1 comm 0x15d46c0 nRanks 32
[1,7]<stdout>:mi200000000:120044:120044 [7] NCCL INFO Channel 00/0 : 7[800000] -> 16[100000] [send] via NET/IB/3 comm 0x2945ce0 nRanks 32
[1,5]<stdout>:mi200000000:120042:120042 [5] NCCL INFO Channel 00/0 : 30[f00000] -> 5[600000] [receive] via NET/IB/3 comm 0x1b20310 nRanks 32
[1,3]<stdout>:mi200000000:120040:120040 [3] NCCL INFO Channel 00/0 : 28[d00000] -> 3[400000] [receive] via NET/IB/1 comm 0x16d3880 nRanks 32
[1,1]<stdout>:mi200000000:120038:120038 [1] NCCL INFO Channel 01/0 : 25[a00000] -> 1[200000] [receive] via NET/IB/1 comm 0x15d46c0 nRanks 32
[1,7]<stdout>:mi200000000:120044:120044 [7] NCCL INFO Channel 01/0 : 7[800000] -> 16[100000] [send] via NET/IB/3 comm 0x2945ce0 nRanks 32
[1,5]<stdout>:mi200000000:120042:120042 [5] NCCL INFO Channel 01/0 : 30[f00000] -> 5[600000] [receive] via NET/IB/3 comm 0x1b20310 nRanks 32
[1,3]<stdout>:mi200000000:120040:120040 [3] NCCL INFO Channel 01/0 : 28[d00000] -> 3[400000] [receive] via NET/IB/1 comm 0x16d3880 nRanks 32
[1,19]<stdout>:mi200000001:470425:470425 [3] NCCL INFO Channel 00/0 : 14[f00000] -> 19[400000] [receive] via NET/IB/1 comm 0x2d99960 nRanks 32
[1,23]<stdout>:mi200000001:470429:470429 [7] NCCL INFO Channel 00/0 : 23[800000] -> 2[300000] [send] via NET/IB/3 comm 0x11f3650 nRanks 32
[1,19]<stdout>:mi200000001:470425:470425 [3] NCCL INFO Channel 01/0 : 14[f00000] -> 19[400000] [receive] via NET/IB/1 comm 0x2d99960 nRanks 32
[1,23]<stdout>:mi200000001:470429:470429 [7] NCCL INFO Channel 01/0 : 23[800000] -> 2[300000] [send] via NET/IB/3 comm 0x11f3650 nRanks 32
[1,27]<stdout>:mi200000001:470433:470433 [11] NCCL INFO Channel 00/0 : 27[c00000] -> 30[f00000] via P2P/IPC comm 0x1feade0 nRanks 32
[1,3]<stdout>:mi200000000:120040:120040 [3] NCCL INFO Channel 00/0 : 25[a00000] -> 3[400000] [receive] via NET/IB/1 comm 0x16d3880 nRanks 32
[1,11]<stdout>:mi200000000:120048:120048 [11] NCCL INFO Channel 01/0 : 11[c00000] -> 14[f00000] via P2P/IPC comm 0x251da10 nRanks 32
[1,3]<stdout>:mi200000000:120040:120040 [3] NCCL INFO Channel 01/0 : 25[a00000] -> 3[400000] [receive] via NET/IB/1 comm 0x16d3880 nRanks 32
[1,28]<stdout>:mi200000001:470434:470434 [12] NCCL INFO Channel 00/0 : 28[d00000] -> 6[700000] [send] via NET/IB/6 comm 0x12c3ee0 nRanks 32
[1,28]<stdout>:mi200000001:470434:470434 [12] NCCL INFO Channel 01/0 : 28[d00000] -> 6[700000] [send] via NET/IB/6 comm 0x12c3ee0 nRanks 32
[1,27]<stdout>:mi200000001:470433:470433 [11] NCCL INFO Channel 01/0 : 27[c00000] -> 30[f00000] via P2P/IPC comm 0x1feade0 nRanks 32
[1,28]<stdout>:mi200000001:470434:470434 [12] NCCL INFO Channel 00/0 : 28[d00000] -> 10[b00000] [send] via NET/IB/6 comm 0x12c3ee0 nRanks 32
[1,28]<stdout>:mi200000001:470434:470434 [12] NCCL INFO Channel 01/0 : 28[d00000] -> 10[b00000] [send] via NET/IB/6 comm 0x12c3ee0 nRanks 32
[1,13]<stdout>:mi200000000:120050:120050 [13] NCCL INFO Channel 00/0 : 13[e00000] -> 17[200000] [send] via NET/IB/7 comm 0xe78d40 nRanks 32
[1,13]<stdout>:mi200000000:120050:120050 [13] NCCL INFO Channel 01/0 : 13[e00000] -> 17[200000] [send] via NET/IB/7 comm 0xe78d40 nRanks 32
[1,11]<stdout>:mi200000000:120048:120048 [11] NCCL INFO Channel 00/0 : 11[c00000] -> 15[1000000] via P2P/IPC comm 0x251da10 nRanks 32
[1,14]<stdout>:mi200000000:120051:120051 [14] NCCL INFO Channel 00/0 : 14[f00000] -> 18[300000] [send] via NET/IB/6 comm 0x15b2a90 nRanks 32
[1,9]<stdout>:mi200000000:120046:120046 [9] NCCL INFO Channel 00/0 : 9[a00000] -> 15[1000000] via P2P/IPC comm 0x10feae0 nRanks 32
[1,14]<stdout>:mi200000000:120051:120051 [14] NCCL INFO Channel 01/0 : 14[f00000] -> 18[300000] [send] via NET/IB/6 comm 0x15b2a90 nRanks 32
[1,27]<stdout>:mi200000001:470433:470433 [11] NCCL INFO Channel 00/0 : 27[c00000] -> 31[1000000] via P2P/IPC comm 0x1feade0 nRanks 32
[1,30]<stdout>:mi200000001:470436:470436 [14] NCCL INFO Channel 00/0 : 30[f00000] -> 5[600000] [send] via NET/IB/6 comm 0x17ace30 nRanks 32
[1,30]<stdout>:mi200000001:470436:470436 [14] NCCL INFO Channel 01/0 : 30[f00000] -> 5[600000] [send] via NET/IB/6 comm 0x17ace30 nRanks 32
[1,13]<stdout>:mi200000000:120050:120050 [13] NCCL INFO Channel 00/0 : 13[e00000] -> 18[300000] [send] via NET/IB/7 comm 0xe78d40 nRanks 32
[1,13]<stdout>:mi200000000:120050:120050 [13] NCCL INFO Channel 01/0 : 13[e00000] -> 18[300000] [send] via NET/IB/7 comm 0xe78d40 nRanks 32
[1,14]<stdout>:mi200000000:120051:120051 [14] NCCL INFO Channel 00/0 : 14[f00000] -> 19[400000] [send] via NET/IB/6 comm 0x15b2a90 nRanks 32
[1,17]<stdout>:mi200000001:470423:470423 [1] NCCL INFO Channel 00/0 : 17[200000] -> 26[b00000] via P2P/IPC comm 0xb48930 nRanks 32
[1,30]<stdout>:mi200000001:470436:470436 [14] NCCL INFO Channel 00/0 : 30[f00000] -> 8[900000] [send] via NET/IB/6 comm 0x17ace30 nRanks 32
[1,14]<stdout>:mi200000000:120051:120051 [14] NCCL INFO Channel 01/0 : 14[f00000] -> 19[400000] [send] via NET/IB/6 comm 0x15b2a90 nRanks 32
[1,5]<stdout>:mi200000000:120042:120042 [5] NCCL INFO Channel 00/0 : 27[c00000] -> 5[600000] [receive] via NET/IB/3 comm 0x1b20310 nRanks 32
[1,27]<stdout>:mi200000001:470433:470433 [11] NCCL INFO Channel 01/0 : 27[c00000] -> 31[1000000] via P2P/IPC comm 0x1feade0 nRanks 32
[1,30]<stdout>:mi200000001:470436:470436 [14] NCCL INFO Channel 01/0 : 30[f00000] -> 8[900000] [send] via NET/IB/6 comm 0x17ace30 nRanks 32
[1,11]<stdout>:mi200000000:120048:120048 [11] NCCL INFO Channel 01/0 : 11[c00000] -> 15[1000000] via P2P/IPC comm 0x251da10 nRanks 32
[1,5]<stdout>:mi200000000:120042:120042 [5] NCCL INFO Channel 01/0 : 27[c00000] -> 5[600000] [receive] via NET/IB/3 comm 0x1b20310 nRanks 32
[1,29]<stdout>:mi200000001:470435:470435 [13] NCCL INFO Channel 00/0 : 14[f00000] -> 29[e00000] [receive] via NET/IB/7 comm 0x2e81220 nRanks 32
[1,18]<stdout>:mi200000001:470424:470424 [2] NCCL INFO Channel 00/0 : 13[e00000] -> 18[300000] [receive] via NET/IB/0 comm 0x1d78b80 nRanks 32
[1,29]<stdout>:mi200000001:470435:470435 [13] NCCL INFO Channel 01/0 : 14[f00000] -> 29[e00000] [receive] via NET/IB/7 comm 0x2e81220 nRanks 32
[1,9]<stdout>:mi200000000:120046:120046 [9] NCCL INFO Channel 01/0 : 9[a00000] -> 15[1000000] via P2P/IPC comm 0x10feae0 nRanks 32
[1,18]<stdout>:mi200000001:470424:470424 [2] NCCL INFO Channel 01/0 : 13[e00000] -> 18[300000] [receive] via NET/IB/0 comm 0x1d78b80 nRanks 32
[1,14]<stdout>:mi200000000:120051:120051 [14] NCCL INFO Channel 00/0 : 14[f00000] -> 29[e00000] [send] via NET/IB/6 comm 0x15b2a90 nRanks 32
[1,30]<stdout>:mi200000001:470436:470436 [14] NCCL INFO Channel 00/0 : 30[f00000] -> 10[b00000] [send] via NET/IB/6 comm 0x17ace30 nRanks 32
[1,14]<stdout>:mi200000000:120051:120051 [14] NCCL INFO Channel 01/0 : 14[f00000] -> 29[e00000] [send] via NET/IB/6 comm 0x15b2a90 nRanks 32
[1,8]<stdout>:mi200000000:120045:120045 [8] NCCL INFO Channel 00/0 : 27[c00000] -> 8[900000] [receive] via NET/IB/4 comm 0x13068f0 nRanks 32
[1,30]<stdout>:mi200000001:470436:470436 [14] NCCL INFO Channel 01/0 : 30[f00000] -> 10[b00000] [send] via NET/IB/6 comm 0x17ace30 nRanks 32
[1,8]<stdout>:mi200000000:120045:120045 [8] NCCL INFO Channel 01/0 : 27[c00000] -> 8[900000] [receive] via NET/IB/4 comm 0x13068f0 nRanks 32
[1,19]<stdout>:mi200000001:470425:470425 [3] NCCL INFO Channel 00/0 : 19[400000] -> 4[500000] [send] via NET/IB/1 comm 0x2d99960 nRanks 32
[1,18]<stdout>:mi200000001:470424:470424 [2] NCCL INFO Channel 00/0 : 12[d00000] -> 18[300000] [receive] via NET/IB/0 comm 0x1d78b80 nRanks 32
[1,17]<stdout>:mi200000001:470423:470423 [1] NCCL INFO Channel 01/0 : 17[200000] -> 26[b00000] via P2P/IPC comm 0xb48930 nRanks 32
[1,13]<stdout>:mi200000000:120050:120050 [13] NCCL INFO Channel 00/0 : 13[e00000] -> 25[a00000] [send] via NET/IB/7 comm 0xe78d40 nRanks 32
[1,19]<stdout>:mi200000001:470425:470425 [3] NCCL INFO Channel 01/0 : 19[400000] -> 4[500000] [send] via NET/IB/1 comm 0x2d99960 nRanks 32
[1,13]<stdout>:mi200000000:120050:120050 [13] NCCL INFO Channel 01/0 : 13[e00000] -> 25[a00000] [send] via NET/IB/7 comm 0xe78d40 nRanks 32
[1,18]<stdout>:mi200000001:470424:470424 [2] NCCL INFO Channel 01/0 : 12[d00000] -> 18[300000] [receive] via NET/IB/0 comm 0x1d78b80 nRanks 32
[1,27]<stdout>:mi200000001:470433:470433 [11] NCCL INFO Channel 00/0 : 27[c00000] -> 5[600000] [send] via NET/IB/5 comm 0x1feade0 nRanks 32
[1,31]<stdout>:mi200000001:470437:470437 [15] NCCL INFO Channel 00/0 : 15[1000000] -> 31[1000000] [receive] via NET/IB/7 comm 0x1e57350 nRanks 32
[1,18]<stdout>:mi200000001:470424:470424 [2] NCCL INFO Channel 00/0 : 18[300000] -> 24[900000] via P2P/IPC comm 0x1d78b80 nRanks 32
[1,27]<stdout>:mi200000001:470433:470433 [11] NCCL INFO Channel 01/0 : 27[c00000] -> 5[600000] [send] via NET/IB/5 comm 0x1feade0 nRanks 32
[1,31]<stdout>:mi200000001:470437:470437 [15] NCCL INFO Channel 01/0 : 15[1000000] -> 31[1000000] [receive] via NET/IB/7 comm 0x1e57350 nRanks 32
[1,14]<stdout>:mi200000000:120051:120051 [14] NCCL INFO Channel 00/0 : 26[b00000] -> 14[f00000] [receive] via NET/IB/6 comm 0x15b2a90 nRanks 32
[1,14]<stdout>:mi200000000:120051:120051 [14] NCCL INFO Channel 01/0 : 26[b00000] -> 14[f00000] [receive] via NET/IB/6 comm 0x15b2a90 nRanks 32
[1,11]<stdout>:mi200000000:120048:120048 [11] NCCL INFO Channel 00/0 : 11[c00000] -> 18[300000] [send] via NET/IB/5 comm 0x251da10 nRanks 32
[1,29]<stdout>:mi200000001:470435:470435 [13] NCCL INFO Channel 01/0 : 29[e00000] -> 13[e00000] [send] via NET/IB/7 comm 0x2e81220 nRanks 32
[1,11]<stdout>:mi200000000:120048:120048 [11] NCCL INFO Channel 01/0 : 11[c00000] -> 18[300000] [send] via NET/IB/5 comm 0x251da10 nRanks 32
[1,5]<stdout>:mi200000000:120042:120042 [5] NCCL INFO Channel 00/0 : 23[800000] -> 5[600000] [receive] via NET/IB/3 comm 0x1b20310 nRanks 32
[1,27]<stdout>:mi200000001:470433:470433 [11] NCCL INFO Channel 00/0 : 27[c00000] -> 7[800000] [send] via NET/IB/5 comm 0x1feade0 nRanks 32
[1,5]<stdout>:mi200000000:120042:120042 [5] NCCL INFO Channel 01/0 : 23[800000] -> 5[600000] [receive] via NET/IB/3 comm 0x1b20310 nRanks 32
[1,27]<stdout>:mi200000001:470433:470433 [11] NCCL INFO Channel 01/0 : 27[c00000] -> 7[800000] [send] via NET/IB/5 comm 0x1feade0 nRanks 32
[1,18]<stdout>:mi200000001:470424:470424 [2] NCCL INFO Channel 01/0 : 18[300000] -> 24[900000] via P2P/IPC comm 0x1d78b80 nRanks 32
[1,15]<stdout>:mi200000000:120052:120052 [15] NCCL INFO Channel 00/0 : 15[1000000] -> 25[a00000] [send] via NET/IB/7 comm 0x1ea7bf0 nRanks 32
[1,15]<stdout>:mi200000000:120052:120052 [15] NCCL INFO Channel 01/0 : 15[1000000] -> 25[a00000] [send] via NET/IB/7 comm 0x1ea7bf0 nRanks 32
[1,12]<stdout>:mi200000000:120049:120049 [12] NCCL INFO Channel 00/0 : 28[d00000] -> 12[d00000] [receive] via NET/IB/6 comm 0x1580600 nRanks 32
[1,12]<stdout>:mi200000000:120049:120049 [12] NCCL INFO Channel 01/0 : 28[d00000] -> 12[d00000] [receive] via NET/IB/6 comm 0x1580600 nRanks 32
[1,18]<stdout>:mi200000001:470424:470424 [2] NCCL INFO Channel 00/0 : 11[c00000] -> 18[300000] [receive] via NET/IB/0 comm 0x1d78b80 nRanks 32
[1,18]<stdout>:mi200000001:470424:470424 [2] NCCL INFO Channel 01/0 : 11[c00000] -> 18[300000] [receive] via NET/IB/0 comm 0x1d78b80 nRanks 32
[1,18]<stdout>:mi200000001:470424:470424 [2] NCCL INFO Channel 00/0 : 18[300000] -> 25[a00000] via P2P/IPC comm 0x1d78b80 nRanks 32
[1,18]<stdout>:mi200000001:470424:470424 [2] NCCL INFO Channel 01/0 : 18[300000] -> 25[a00000] via P2P/IPC comm 0x1d78b80 nRanks 32
[1,2]<stdout>:mi200000000:120039:120039 [2] NCCL INFO Channel 00/0 : 2[300000] -> 10[b00000] via P2P/IPC comm 0x1bc3e50 nRanks 32
[1,9]<stdout>:mi200000000:120046:120046 [9] NCCL INFO Channel 00/0 : 9[a00000] -> 2[300000] via P2P/IPC comm 0x10feae0 nRanks 32
[1,24]<stdout>:mi200000001:470430:470430 [8] NCCL INFO Channel 00/0 : 24[900000] -> 0[100000] [send] via NET/IB/4 comm 0xe38ff0 nRanks 32
[1,24]<stdout>:mi200000001:470430:470430 [8] NCCL INFO Channel 01/0 : 24[900000] -> 0[100000] [send] via NET/IB/4 comm 0xe38ff0 nRanks 32
[1,11]<stdout>:mi200000000:120048:120048 [11] NCCL INFO Channel 00/0 : 11[c00000] -> 20[500000] [send] via NET/IB/5 comm 0x251da10 nRanks 32
[1,18]<stdout>:mi200000001:470424:470424 [2] NCCL INFO Channel 00/0 : 18[300000] -> 26[b00000] via P2P/IPC comm 0x1d78b80 nRanks 32
[1,9]<stdout>:mi200000000:120046:120046 [9] NCCL INFO Channel 01/0 : 9[a00000] -> 2[300000] via P2P/IPC comm 0x10feae0 nRanks 32
[1,11]<stdout>:mi200000000:120048:120048 [11] NCCL INFO Channel 01/0 : 11[c00000] -> 20[500000] [send] via NET/IB/5 comm 0x251da10 nRanks 32
[1,25]<stdout>:mi200000001:470431:470431 [9] NCCL INFO Channel 00/0 : 25[a00000] -> 1[200000] [send] via NET/IB/5 comm 0x1a79780 nRanks 32
[1,16]<stdout>:mi200000001:470422:470422 [0] NCCL INFO Channel 00/0 : 7[800000] -> 16[100000] [receive] via NET/IB/0 comm 0x2424e80 nRanks 32
[1,25]<stdout>:mi200000001:470431:470431 [9] NCCL INFO Channel 01/0 : 25[a00000] -> 1[200000] [send] via NET/IB/5 comm 0x1a79780 nRanks 32
[1,16]<stdout>:mi200000001:470422:470422 [0] NCCL INFO Channel 01/0 : 7[800000] -> 16[100000] [receive] via NET/IB/0 comm 0x2424e80 nRanks 32
[1,2]<stdout>:mi200000000:120039:120039 [2] NCCL INFO Channel 01/0 : 2[300000] -> 10[b00000] via P2P/IPC comm 0x1bc3e50 nRanks 32
