[1,0]<stdout>:mi200000000:120037:120037 [0] NCCL INFO Channel 00/0 : 21[600000] -> 0[100000] [receive] via NET/IB/0 comm 0x2cd50b0 nRanks 32
[1,24]<stdout>:mi200000001:470430:470430 [8] NCCL INFO Channel 00/0 : 24[900000] -> 3[400000] [send] via NET/IB/4 comm 0xe38ff0 nRanks 32
[1,1]<stdout>:mi200000000:120038:120038 [1] NCCL INFO Channel 00/0 : 1[200000] -> 10[b00000] via P2P/IPC comm 0x15d46c0 nRanks 32
[1,0]<stdout>:mi200000000:120037:120037 [0] NCCL INFO Channel 01/0 : 21[600000] -> 0[100000] [receive] via NET/IB/0 comm 0x2cd50b0 nRanks 32
[1,0]<stdout>:mi200000000:120037:120037 [0] NCCL INFO Channel 00/0 : 0[100000] -> 11[c00000] via P2P/IPC comm 0x2cd50b0 nRanks 32
[1,24]<stdout>:mi200000001:470430:470430 [8] NCCL INFO Channel 01/0 : 24[900000] -> 3[400000] [send] via NET/IB/4 comm 0xe38ff0 nRanks 32
[1,25]<stdout>:mi200000001:470431:470431 [9] NCCL INFO Channel 00/0 : 15[1000000] -> 25[a00000] [receive] via NET/IB/5 comm 0x1a79780 nRanks 32
[1,7]<stdout>:mi200000000:120044:120044 [7] NCCL INFO Channel 00/0 : 27[c00000] -> 7[800000] [receive] via NET/IB/3 comm 0x2945ce0 nRanks 32
[1,16]<stdout>:mi200000001:470422:470422 [0] NCCL INFO Channel 00/0 : 6[700000] -> 16[100000] [receive] via NET/IB/0 comm 0x2424e80 nRanks 32
[1,18]<stdout>:mi200000001:470424:470424 [2] NCCL INFO Channel 01/0 : 18[300000] -> 26[b00000] via P2P/IPC comm 0x1d78b80 nRanks 32
[1,7]<stdout>:mi200000000:120044:120044 [7] NCCL INFO Channel 01/0 : 27[c00000] -> 7[800000] [receive] via NET/IB/3 comm 0x2945ce0 nRanks 32
[1,25]<stdout>:mi200000001:470431:470431 [9] NCCL INFO Channel 01/0 : 15[1000000] -> 25[a00000] [receive] via NET/IB/5 comm 0x1a79780 nRanks 32
[1,16]<stdout>:mi200000001:470422:470422 [0] NCCL INFO Channel 01/0 : 6[700000] -> 16[100000] [receive] via NET/IB/0 comm 0x2424e80 nRanks 32
[1,20]<stdout>:mi200000001:470426:470426 [4] NCCL INFO Channel 00/0 : 4[500000] -> 20[500000] [receive] via NET/IB/2 comm 0x2729230 nRanks 32
[1,25]<stdout>:mi200000001:470431:470431 [9] NCCL INFO Channel 00/0 : 25[a00000] -> 3[400000] [send] via NET/IB/5 comm 0x1a79780 nRanks 32
[1,20]<stdout>:mi200000001:470426:470426 [4] NCCL INFO Channel 01/0 : 4[500000] -> 20[500000] [receive] via NET/IB/2 comm 0x2729230 nRanks 32
[1,25]<stdout>:mi200000001:470431:470431 [9] NCCL INFO Channel 01/0 : 25[a00000] -> 3[400000] [send] via NET/IB/5 comm 0x1a79780 nRanks 32
[1,2]<stdout>:mi200000000:120039:120039 [2] NCCL INFO Channel 00/0 : 23[800000] -> 2[300000] [receive] via NET/IB/0 comm 0x1bc3e50 nRanks 32
[1,7]<stdout>:mi200000000:120044:120044 [7] NCCL INFO Channel 00/0 : 22[700000] -> 7[800000] [receive] via NET/IB/3 comm 0x2945ce0 nRanks 32
[1,16]<stdout>:mi200000001:470422:470422 [0] NCCL INFO Channel 00/0 : 3[400000] -> 16[100000] [receive] via NET/IB/0 comm 0x2424e80 nRanks 32
[1,6]<stdout>:mi200000000:120043:120043 [6] NCCL INFO Channel 00/0 : 20[500000] -> 6[700000] [receive] via NET/IB/2 comm 0x1311b10 nRanks 32
[1,1]<stdout>:mi200000000:120038:120038 [1] NCCL INFO Channel 01/0 : 1[200000] -> 10[b00000] via P2P/IPC comm 0x15d46c0 nRanks 32
[1,2]<stdout>:mi200000000:120039:120039 [2] NCCL INFO Channel 01/0 : 23[800000] -> 2[300000] [receive] via NET/IB/0 comm 0x1bc3e50 nRanks 32
[1,4]<stdout>:mi200000000:120041:120041 [4] NCCL INFO Channel 00/0 : 19[400000] -> 4[500000] [receive] via NET/IB/2 comm 0xe822d0 nRanks 32
[1,7]<stdout>:mi200000000:120044:120044 [7] NCCL INFO Channel 01/0 : 22[700000] -> 7[800000] [receive] via NET/IB/3 comm 0x2945ce0 nRanks 32
[1,16]<stdout>:mi200000001:470422:470422 [0] NCCL INFO Channel 01/0 : 3[400000] -> 16[100000] [receive] via NET/IB/0 comm 0x2424e80 nRanks 32
[1,6]<stdout>:mi200000000:120043:120043 [6] NCCL INFO Channel 01/0 : 20[500000] -> 6[700000] [receive] via NET/IB/2 comm 0x1311b10 nRanks 32
[1,15]<stdout>:mi200000000:120052:120052 [15] NCCL INFO Channel 00/0 : 15[1000000] -> 31[1000000] [send] via NET/IB/7 comm 0x1ea7bf0 nRanks 32
[1,20]<stdout>:mi200000001:470426:470426 [4] NCCL INFO Channel 00/0 : 2[300000] -> 20[500000] [receive] via NET/IB/2 comm 0x2729230 nRanks 32
[1,4]<stdout>:mi200000000:120041:120041 [4] NCCL INFO Channel 01/0 : 19[400000] -> 4[500000] [receive] via NET/IB/2 comm 0xe822d0 nRanks 32
[1,0]<stdout>:mi200000000:120037:120037 [0] NCCL INFO Channel 01/0 : 0[100000] -> 11[c00000] via P2P/IPC comm 0x2cd50b0 nRanks 32
[1,15]<stdout>:mi200000000:120052:120052 [15] NCCL INFO Channel 01/0 : 15[1000000] -> 31[1000000] [send] via NET/IB/7 comm 0x1ea7bf0 nRanks 32
[1,27]<stdout>:mi200000001:470433:470433 [11] NCCL INFO Channel 00/0 : 27[c00000] -> 8[900000] [send] via NET/IB/5 comm 0x1feade0 nRanks 32
[1,20]<stdout>:mi200000001:470426:470426 [4] NCCL INFO Channel 01/0 : 2[300000] -> 20[500000] [receive] via NET/IB/2 comm 0x2729230 nRanks 32
[1,27]<stdout>:mi200000001:470433:470433 [11] NCCL INFO Channel 01/0 : 27[c00000] -> 8[900000] [send] via NET/IB/5 comm 0x1feade0 nRanks 32
[1,20]<stdout>:mi200000001:470426:470426 [4] NCCL INFO Channel 00/0 : 20[500000] -> 6[700000] [send] via NET/IB/2 comm 0x2729230 nRanks 32
[1,18]<stdout>:mi200000001:470424:470424 [2] NCCL INFO Channel 00/0 : 0[100000] -> 18[300000] [receive] via NET/IB/0 comm 0x1d78b80 nRanks 32
[1,20]<stdout>:mi200000001:470426:470426 [4] NCCL INFO Channel 01/0 : 20[500000] -> 6[700000] [send] via NET/IB/2 comm 0x2729230 nRanks 32
[1,18]<stdout>:mi200000001:470424:470424 [2] NCCL INFO Channel 01/0 : 0[100000] -> 18[300000] [receive] via NET/IB/0 comm 0x1d78b80 nRanks 32
[1,3]<stdout>:mi200000000:120040:120040 [3] NCCL INFO Channel 00/0 : 24[900000] -> 3[400000] [receive] via NET/IB/1 comm 0x16d3880 nRanks 32
[1,25]<stdout>:mi200000001:470431:470431 [9] NCCL INFO Channel 00/0 : 13[e00000] -> 25[a00000] [receive] via NET/IB/5 comm 0x1a79780 nRanks 32
[1,15]<stdout>:mi200000000:120052:120052 [15] NCCL INFO Channel 00/0 : 15[1000000] -> 11[c00000] via P2P/IPC comm 0x1ea7bf0 nRanks 32
[1,2]<stdout>:mi200000000:120039:120039 [2] NCCL INFO Channel 00/0 : 22[700000] -> 2[300000] [receive] via NET/IB/0 comm 0x1bc3e50 nRanks 32
[1,3]<stdout>:mi200000000:120040:120040 [3] NCCL INFO Channel 01/0 : 24[900000] -> 3[400000] [receive] via NET/IB/1 comm 0x16d3880 nRanks 32
[1,4]<stdout>:mi200000000:120041:120041 [4] NCCL INFO Channel 00/0 : 17[200000] -> 4[500000] [receive] via NET/IB/2 comm 0xe822d0 nRanks 32
[1,2]<stdout>:mi200000000:120039:120039 [2] NCCL INFO Channel 01/0 : 22[700000] -> 2[300000] [receive] via NET/IB/0 comm 0x1bc3e50 nRanks 32
[1,25]<stdout>:mi200000001:470431:470431 [9] NCCL INFO Channel 01/0 : 13[e00000] -> 25[a00000] [receive] via NET/IB/5 comm 0x1a79780 nRanks 32
[1,8]<stdout>:mi200000000:120045:120045 [8] NCCL INFO Channel 00/0 : 8[900000] -> 23[800000] [send] via NET/IB/4 comm 0x13068f0 nRanks 32
[1,27]<stdout>:mi200000001:470433:470433 [11] NCCL INFO Channel 00/0 : 13[e00000] -> 27[c00000] [receive] via NET/IB/5 comm 0x1feade0 nRanks 32
[1,4]<stdout>:mi200000000:120041:120041 [4] NCCL INFO Channel 01/0 : 17[200000] -> 4[500000] [receive] via NET/IB/2 comm 0xe822d0 nRanks 32
[1,27]<stdout>:mi200000001:470433:470433 [11] NCCL INFO Channel 01/0 : 13[e00000] -> 27[c00000] [receive] via NET/IB/5 comm 0x1feade0 nRanks 32
[1,8]<stdout>:mi200000000:120045:120045 [8] NCCL INFO Channel 01/0 : 8[900000] -> 23[800000] [send] via NET/IB/4 comm 0x13068f0 nRanks 32
[1,19]<stdout>:mi200000001:470425:470425 [3] NCCL INFO Channel 00/0 : 19[400000] -> 14[f00000] [send] via NET/IB/1 comm 0x2d99960 nRanks 32
[1,23]<stdout>:mi200000001:470429:470429 [7] NCCL INFO Channel 00/0 : 23[800000] -> 5[600000] [send] via NET/IB/3 comm 0x11f3650 nRanks 32
[1,31]<stdout>:mi200000001:470437:470437 [15] NCCL INFO Channel 00/0 : 12[d00000] -> 31[1000000] [receive] via NET/IB/7 comm 0x1e57350 nRanks 32
[1,19]<stdout>:mi200000001:470425:470425 [3] NCCL INFO Channel 01/0 : 19[400000] -> 14[f00000] [send] via NET/IB/1 comm 0x2d99960 nRanks 32
[1,23]<stdout>:mi200000001:470429:470429 [7] NCCL INFO Channel 01/0 : 23[800000] -> 5[600000] [send] via NET/IB/3 comm 0x11f3650 nRanks 32
[1,31]<stdout>:mi200000001:470437:470437 [15] NCCL INFO Channel 01/0 : 12[d00000] -> 31[1000000] [receive] via NET/IB/7 comm 0x1e57350 nRanks 32
[1,3]<stdout>:mi200000000:120040:120040 [3] NCCL INFO Channel 00/0 : 3[400000] -> 16[100000] [send] via NET/IB/1 comm 0x16d3880 nRanks 32
[1,13]<stdout>:mi200000000:120050:120050 [13] NCCL INFO Channel 00/0 : 13[e00000] -> 27[c00000] [send] via NET/IB/7 comm 0xe78d40 nRanks 32
[1,3]<stdout>:mi200000000:120040:120040 [3] NCCL INFO Channel 01/0 : 3[400000] -> 16[100000] [send] via NET/IB/1 comm 0x16d3880 nRanks 32
[1,2]<stdout>:mi200000000:120039:120039 [2] NCCL INFO Channel 00/0 : 2[300000] -> 17[200000] [send] via NET/IB/0 comm 0x1bc3e50 nRanks 32
[1,25]<stdout>:mi200000001:470431:470431 [9] NCCL INFO Channel 00/0 : 2[300000] -> 25[a00000] [receive] via NET/IB/5 comm 0x1a79780 nRanks 32
[1,6]<stdout>:mi200000000:120043:120043 [6] NCCL INFO Channel 00/0 : 16[100000] -> 6[700000] [receive] via NET/IB/2 comm 0x1311b10 nRanks 32
[1,13]<stdout>:mi200000000:120050:120050 [13] NCCL INFO Channel 01/0 : 13[e00000] -> 27[c00000] [send] via NET/IB/7 comm 0xe78d40 nRanks 32
[1,25]<stdout>:mi200000001:470431:470431 [9] NCCL INFO Channel 01/0 : 2[300000] -> 25[a00000] [receive] via NET/IB/5 comm 0x1a79780 nRanks 32
[1,2]<stdout>:mi200000000:120039:120039 [2] NCCL INFO Channel 01/0 : 2[300000] -> 17[200000] [send] via NET/IB/0 comm 0x1bc3e50 nRanks 32
[1,24]<stdout>:mi200000001:470430:470430 [8] NCCL INFO Channel 00/0 : 11[c00000] -> 24[900000] [receive] via NET/IB/4 comm 0xe38ff0 nRanks 32
[1,6]<stdout>:mi200000000:120043:120043 [6] NCCL INFO Channel 01/0 : 16[100000] -> 6[700000] [receive] via NET/IB/2 comm 0x1311b10 nRanks 32
[1,22]<stdout>:mi200000001:470428:470428 [6] NCCL INFO Channel 00/0 : 22[700000] -> 7[800000] [send] via NET/IB/2 comm 0x103b4c0 nRanks 32
[1,15]<stdout>:mi200000000:120052:120052 [15] NCCL INFO Channel 01/0 : 15[1000000] -> 11[c00000] via P2P/IPC comm 0x1ea7bf0 nRanks 32
[1,5]<stdout>:mi200000000:120042:120042 [5] NCCL INFO Channel 00/0 : 21[600000] -> 5[600000] [receive] via NET/IB/3 comm 0x1b20310 nRanks 32
[1,24]<stdout>:mi200000001:470430:470430 [8] NCCL INFO Channel 01/0 : 11[c00000] -> 24[900000] [receive] via NET/IB/4 comm 0xe38ff0 nRanks 32
[1,5]<stdout>:mi200000000:120042:120042 [5] NCCL INFO Channel 01/0 : 21[600000] -> 5[600000] [receive] via NET/IB/3 comm 0x1b20310 nRanks 32
[1,22]<stdout>:mi200000001:470428:470428 [6] NCCL INFO Channel 01/0 : 22[700000] -> 7[800000] [send] via NET/IB/2 comm 0x103b4c0 nRanks 32
[1,23]<stdout>:mi200000001:470429:470429 [7] NCCL INFO Channel 00/0 : 8[900000] -> 23[800000] [receive] via NET/IB/3 comm 0x11f3650 nRanks 32
[1,23]<stdout>:mi200000001:470429:470429 [7] NCCL INFO Channel 01/0 : 8[900000] -> 23[800000] [receive] via NET/IB/3 comm 0x11f3650 nRanks 32
[1,5]<stdout>:mi200000000:120042:120042 [5] NCCL INFO Channel 00/0 : 5[600000] -> 21[600000] [send] via NET/IB/3 comm 0x1b20310 nRanks 32
[1,11]<stdout>:mi200000000:120048:120048 [11] NCCL INFO Channel 00/0 : 11[c00000] -> 24[900000] [send] via NET/IB/5 comm 0x251da10 nRanks 32
[1,0]<stdout>:mi200000000:120037:120037 [0] NCCL INFO Channel 00/0 : 17[200000] -> 0[100000] [receive] via NET/IB/0 comm 0x2cd50b0 nRanks 32
[1,5]<stdout>:mi200000000:120042:120042 [5] NCCL INFO Channel 01/0 : 5[600000] -> 21[600000] [send] via NET/IB/3 comm 0x1b20310 nRanks 32
[1,11]<stdout>:mi200000000:120048:120048 [11] NCCL INFO Channel 01/0 : 11[c00000] -> 24[900000] [send] via NET/IB/5 comm 0x251da10 nRanks 32
[1,21]<stdout>:mi200000001:470427:470427 [5] NCCL INFO Channel 00/0 : 5[600000] -> 21[600000] [receive] via NET/IB/3 comm 0x285e260 nRanks 32
[1,0]<stdout>:mi200000000:120037:120037 [0] NCCL INFO Channel 01/0 : 17[200000] -> 0[100000] [receive] via NET/IB/0 comm 0x2cd50b0 nRanks 32
[1,13]<stdout>:mi200000000:120050:120050 [13] NCCL INFO Channel 01/0 : 29[e00000] -> 13[e00000] [receive] via NET/IB/7 comm 0xe78d40 nRanks 32
[1,21]<stdout>:mi200000001:470427:470427 [5] NCCL INFO Channel 01/0 : 5[600000] -> 21[600000] [receive] via NET/IB/3 comm 0x285e260 nRanks 32
[1,16]<stdout>:mi200000001:470422:470422 [0] NCCL INFO Channel 00/0 : 1[200000] -> 16[100000] [receive] via NET/IB/0 comm 0x2424e80 nRanks 32
[1,21]<stdout>:mi200000001:470427:470427 [5] NCCL INFO Channel 00/0 : 21[600000] -> 5[600000] [send] via NET/IB/3 comm 0x285e260 nRanks 32
[1,7]<stdout>:mi200000000:120044:120044 [7] NCCL INFO Channel 00/0 : 21[600000] -> 7[800000] [receive] via NET/IB/3 comm 0x2945ce0 nRanks 32
[1,22]<stdout>:mi200000001:470428:470428 [6] NCCL INFO Channel 00/0 : 22[700000] -> 10[b00000] [send] via NET/IB/2 comm 0x103b4c0 nRanks 32
[1,16]<stdout>:mi200000001:470422:470422 [0] NCCL INFO Channel 01/0 : 1[200000] -> 16[100000] [receive] via NET/IB/0 comm 0x2424e80 nRanks 32
[1,21]<stdout>:mi200000001:470427:470427 [5] NCCL INFO Channel 01/0 : 21[600000] -> 5[600000] [send] via NET/IB/3 comm 0x285e260 nRanks 32
[1,8]<stdout>:mi200000000:120045:120045 [8] NCCL INFO Channel 00/0 : 23[800000] -> 8[900000] [receive] via NET/IB/4 comm 0x13068f0 nRanks 32
[1,27]<stdout>:mi200000001:470433:470433 [11] NCCL INFO Channel 00/0 : 10[b00000] -> 27[c00000] [receive] via NET/IB/5 comm 0x1feade0 nRanks 32
[1,22]<stdout>:mi200000001:470428:470428 [6] NCCL INFO Channel 01/0 : 22[700000] -> 10[b00000] [send] via NET/IB/2 comm 0x103b4c0 nRanks 32
[1,1]<stdout>:mi200000000:120038:120038 [1] NCCL INFO Channel 00/0 : 1[200000] -> 16[100000] [send] via NET/IB/1 comm 0x15d46c0 nRanks 32
[1,17]<stdout>:mi200000001:470423:470423 [1] NCCL INFO Channel 00/0 : 2[300000] -> 17[200000] [receive] via NET/IB/1 comm 0xb48930 nRanks 32
[1,27]<stdout>:mi200000001:470433:470433 [11] NCCL INFO Channel 01/0 : 10[b00000] -> 27[c00000] [receive] via NET/IB/5 comm 0x1feade0 nRanks 32
[1,26]<stdout>:mi200000001:470432:470432 [10] NCCL INFO Channel 00/0 : 11[c00000] -> 26[b00000] [receive] via NET/IB/4 comm 0x14c3fc0 nRanks 32
[1,8]<stdout>:mi200000000:120045:120045 [8] NCCL INFO Channel 01/0 : 23[800000] -> 8[900000] [receive] via NET/IB/4 comm 0x13068f0 nRanks 32
[1,1]<stdout>:mi200000000:120038:120038 [1] NCCL INFO Channel 01/0 : 1[200000] -> 16[100000] [send] via NET/IB/1 comm 0x15d46c0 nRanks 32
[1,17]<stdout>:mi200000001:470423:470423 [1] NCCL INFO Channel 01/0 : 2[300000] -> 17[200000] [receive] via NET/IB/1 comm 0xb48930 nRanks 32
[1,13]<stdout>:mi200000000:120050:120050 [13] NCCL INFO Channel 00/0 : 26[b00000] -> 13[e00000] [receive] via NET/IB/7 comm 0xe78d40 nRanks 32
[1,10]<stdout>:mi200000000:120047:120047 [10] NCCL INFO Channel 00/0 : 30[f00000] -> 10[b00000] [receive] via NET/IB/4 comm 0x248a7d0 nRanks 32
[1,11]<stdout>:mi200000000:120048:120048 [11] NCCL INFO Channel 00/0 : 11[c00000] -> 26[b00000] [send] via NET/IB/5 comm 0x251da10 nRanks 32
[1,23]<stdout>:mi200000001:470429:470429 [7] NCCL INFO Channel 00/0 : 23[800000] -> 8[900000] [send] via NET/IB/3 comm 0x11f3650 nRanks 32
[1,26]<stdout>:mi200000001:470432:470432 [10] NCCL INFO Channel 01/0 : 11[c00000] -> 26[b00000] [receive] via NET/IB/4 comm 0x14c3fc0 nRanks 32
[1,17]<stdout>:mi200000001:470423:470423 [1] NCCL INFO Channel 00/0 : 17[200000] -> 0[100000] [send] via NET/IB/1 comm 0xb48930 nRanks 32
[1,23]<stdout>:mi200000001:470429:470429 [7] NCCL INFO Channel 01/0 : 23[800000] -> 8[900000] [send] via NET/IB/3 comm 0x11f3650 nRanks 32
[1,13]<stdout>:mi200000000:120050:120050 [13] NCCL INFO Channel 01/0 : 26[b00000] -> 13[e00000] [receive] via NET/IB/7 comm 0xe78d40 nRanks 32
[1,11]<stdout>:mi200000000:120048:120048 [11] NCCL INFO Channel 01/0 : 11[c00000] -> 26[b00000] [send] via NET/IB/5 comm 0x251da10 nRanks 32
[1,17]<stdout>:mi200000001:470423:470423 [1] NCCL INFO Channel 01/0 : 17[200000] -> 0[100000] [send] via NET/IB/1 comm 0xb48930 nRanks 32
[1,10]<stdout>:mi200000000:120047:120047 [10] NCCL INFO Channel 01/0 : 30[f00000] -> 10[b00000] [receive] via NET/IB/4 comm 0x248a7d0 nRanks 32
[1,24]<stdout>:mi200000001:470430:470430 [8] NCCL INFO Channel 00/0 : 5[600000] -> 24[900000] [receive] via NET/IB/4 comm 0xe38ff0 nRanks 32
[1,29]<stdout>:mi200000001:470435:470435 [13] NCCL INFO Channel 00/0 : 10[b00000] -> 29[e00000] [receive] via NET/IB/7 comm 0x2e81220 nRanks 32
[1,5]<stdout>:mi200000000:120042:120042 [5] NCCL INFO Channel 00/0 : 5[600000] -> 23[800000] [send] via NET/IB/3 comm 0x1b20310 nRanks 32
[1,8]<stdout>:mi200000000:120045:120045 [8] NCCL INFO Channel 00/0 : 18[300000] -> 8[900000] [receive] via NET/IB/4 comm 0x13068f0 nRanks 32
[1,1]<stdout>:mi200000000:120038:120038 [1] NCCL INFO Channel 00/0 : 1[200000] -> 23[800000] [send] via NET/IB/1 comm 0x15d46c0 nRanks 32
[1,24]<stdout>:mi200000001:470430:470430 [8] NCCL INFO Channel 01/0 : 5[600000] -> 24[900000] [receive] via NET/IB/4 comm 0xe38ff0 nRanks 32
[1,21]<stdout>:mi200000001:470427:470427 [5] NCCL INFO Channel 00/0 : 21[600000] -> 7[800000] [send] via NET/IB/3 comm 0x285e260 nRanks 32
[1,29]<stdout>:mi200000001:470435:470435 [13] NCCL INFO Channel 01/0 : 10[b00000] -> 29[e00000] [receive] via NET/IB/7 comm 0x2e81220 nRanks 32
[1,1]<stdout>:mi200000000:120038:120038 [1] NCCL INFO Channel 01/0 : 1[200000] -> 23[800000] [send] via NET/IB/1 comm 0x15d46c0 nRanks 32
[1,8]<stdout>:mi200000000:120045:120045 [8] NCCL INFO Channel 01/0 : 18[300000] -> 8[900000] [receive] via NET/IB/4 comm 0x13068f0 nRanks 32
[1,11]<stdout>:mi200000000:120048:120048 [11] NCCL INFO Channel 00/0 : 26[b00000] -> 11[c00000] [receive] via NET/IB/5 comm 0x251da10 nRanks 32
[1,8]<stdout>:mi200000000:120045:120045 [8] NCCL INFO Channel 00/0 : 8[900000] -> 30[f00000] [send] via NET/IB/4 comm 0x13068f0 nRanks 32
[1,10]<stdout>:mi200000000:120047:120047 [10] NCCL INFO Channel 00/0 : 28[d00000] -> 10[b00000] [receive] via NET/IB/4 comm 0x248a7d0 nRanks 32
[1,8]<stdout>:mi200000000:120045:120045 [8] NCCL INFO Channel 01/0 : 8[900000] -> 30[f00000] [send] via NET/IB/4 comm 0x13068f0 nRanks 32
[1,11]<stdout>:mi200000000:120048:120048 [11] NCCL INFO Channel 01/0 : 26[b00000] -> 11[c00000] [receive] via NET/IB/5 comm 0x251da10 nRanks 32
[1,2]<stdout>:mi200000000:120039:120039 [2] NCCL INFO Channel 00/0 : 17[200000] -> 2[300000] [receive] via NET/IB/0 comm 0x1bc3e50 nRanks 32
[1,10]<stdout>:mi200000000:120047:120047 [10] NCCL INFO Channel 01/0 : 28[d00000] -> 10[b00000] [receive] via NET/IB/4 comm 0x248a7d0 nRanks 32
[1,23]<stdout>:mi200000001:470429:470429 [7] NCCL INFO Channel 00/0 : 5[600000] -> 23[800000] [receive] via NET/IB/3 comm 0x11f3650 nRanks 32
[1,21]<stdout>:mi200000001:470427:470427 [5] NCCL INFO Channel 00/0 : 21[600000] -> 17[200000] via P2P/IPC comm 0x285e260 nRanks 32
[1,26]<stdout>:mi200000001:470432:470432 [10] NCCL INFO Channel 00/0 : 26[b00000] -> 11[c00000] [send] via NET/IB/4 comm 0x14c3fc0 nRanks 32
[1,2]<stdout>:mi200000000:120039:120039 [2] NCCL INFO Channel 01/0 : 17[200000] -> 2[300000] [receive] via NET/IB/0 comm 0x1bc3e50 nRanks 32
[1,7]<stdout>:mi200000000:120044:120044 [7] NCCL INFO Channel 00/0 : 7[800000] -> 29[e00000] [send] via NET/IB/3 comm 0x2945ce0 nRanks 32
[1,30]<stdout>:mi200000001:470436:470436 [14] NCCL INFO Channel 00/0 : 8[900000] -> 30[f00000] [receive] via NET/IB/6 comm 0x17ace30 nRanks 32
[1,26]<stdout>:mi200000001:470432:470432 [10] NCCL INFO Channel 01/0 : 26[b00000] -> 11[c00000] [send] via NET/IB/4 comm 0x14c3fc0 nRanks 32
[1,7]<stdout>:mi200000000:120044:120044 [7] NCCL INFO Channel 01/0 : 7[800000] -> 29[e00000] [send] via NET/IB/3 comm 0x2945ce0 nRanks 32
[1,30]<stdout>:mi200000001:470436:470436 [14] NCCL INFO Channel 01/0 : 8[900000] -> 30[f00000] [receive] via NET/IB/6 comm 0x17ace30 nRanks 32
[1,0]<stdout>:mi200000000:120037:120037 [0] NCCL INFO Channel 00/0 : 0[100000] -> 18[300000] [send] via NET/IB/0 comm 0x2cd50b0 nRanks 32
[1,17]<stdout>:mi200000001:470423:470423 [1] NCCL INFO Channel 00/0 : 17[200000] -> 2[300000] [send] via NET/IB/1 comm 0xb48930 nRanks 32
[1,0]<stdout>:mi200000000:120037:120037 [0] NCCL INFO Channel 01/0 : 0[100000] -> 18[300000] [send] via NET/IB/0 comm 0x2cd50b0 nRanks 32
[1,17]<stdout>:mi200000001:470423:470423 [1] NCCL INFO Channel 01/0 : 17[200000] -> 2[300000] [send] via NET/IB/1 comm 0xb48930 nRanks 32
[1,10]<stdout>:mi200000000:120047:120047 [10] NCCL INFO Channel 00/0 : 10[b00000] -> 27[c00000] [send] via NET/IB/4 comm 0x248a7d0 nRanks 32
[1,23]<stdout>:mi200000001:470429:470429 [7] NCCL INFO Channel 00/0 : 1[200000] -> 23[800000] [receive] via NET/IB/3 comm 0x11f3650 nRanks 32
[1,5]<stdout>:mi200000000:120042:120042 [5] NCCL INFO Channel 00/0 : 18[300000] -> 5[600000] [receive] via NET/IB/3 comm 0x1b20310 nRanks 32
[1,10]<stdout>:mi200000000:120047:120047 [10] NCCL INFO Channel 01/0 : 10[b00000] -> 27[c00000] [send] via NET/IB/4 comm 0x248a7d0 nRanks 32
[1,5]<stdout>:mi200000000:120042:120042 [5] NCCL INFO Channel 01/0 : 18[300000] -> 5[600000] [receive] via NET/IB/3 comm 0x1b20310 nRanks 32
[1,11]<stdout>:mi200000000:120048:120048 [11] NCCL INFO Channel 00/0 : 11[c00000] -> 31[1000000] [send] via NET/IB/5 comm 0x251da10 nRanks 32
[1,23]<stdout>:mi200000001:470429:470429 [7] NCCL INFO Channel 01/0 : 1[200000] -> 23[800000] [receive] via NET/IB/3 comm 0x11f3650 nRanks 32
[1,5]<stdout>:mi200000000:120042:120042 [5] NCCL INFO Channel 00/0 : 5[600000] -> 24[900000] [send] via NET/IB/3 comm 0x1b20310 nRanks 32
[1,28]<stdout>:mi200000001:470434:470434 [12] NCCL INFO Channel 00/0 : 28[d00000] -> 12[d00000] [send] via NET/IB/6 comm 0x12c3ee0 nRanks 32
[1,21]<stdout>:mi200000001:470427:470427 [5] NCCL INFO Channel 01/0 : 21[600000] -> 17[200000] via P2P/IPC comm 0x285e260 nRanks 32
[1,26]<stdout>:mi200000001:470432:470432 [10] NCCL INFO Channel 00/0 : 26[b00000] -> 13[e00000] [send] via NET/IB/4 comm 0x14c3fc0 nRanks 32
[1,11]<stdout>:mi200000000:120048:120048 [11] NCCL INFO Channel 01/0 : 11[c00000] -> 31[1000000] [send] via NET/IB/5 comm 0x251da10 nRanks 32
[1,5]<stdout>:mi200000000:120042:120042 [5] NCCL INFO Channel 01/0 : 5[600000] -> 24[900000] [send] via NET/IB/3 comm 0x1b20310 nRanks 32
[1,2]<stdout>:mi200000000:120039:120039 [2] NCCL INFO Channel 00/0 : 2[300000] -> 20[500000] [send] via NET/IB/0 comm 0x1bc3e50 nRanks 32
[1,2]<stdout>:mi200000000:120039:120039 [2] NCCL INFO Channel 01/0 : 2[300000] -> 20[500000] [send] via NET/IB/0 comm 0x1bc3e50 nRanks 32
[1,28]<stdout>:mi200000001:470434:470434 [12] NCCL INFO Channel 01/0 : 28[d00000] -> 12[d00000] [send] via NET/IB/6 comm 0x12c3ee0 nRanks 32
[1,23]<stdout>:mi200000001:470429:470429 [7] NCCL INFO Channel 00/0 : 23[800000] -> 13[e00000] [send] via NET/IB/3 comm 0x11f3650 nRanks 32
[1,26]<stdout>:mi200000001:470432:470432 [10] NCCL INFO Channel 01/0 : 26[b00000] -> 13[e00000] [send] via NET/IB/4 comm 0x14c3fc0 nRanks 32
[1,23]<stdout>:mi200000001:470429:470429 [7] NCCL INFO Channel 01/0 : 23[800000] -> 13[e00000] [send] via NET/IB/3 comm 0x11f3650 nRanks 32
[1,17]<stdout>:mi200000001:470423:470423 [1] NCCL INFO Channel 00/0 : 17[200000] -> 4[500000] [send] via NET/IB/1 comm 0xb48930 nRanks 32
[1,17]<stdout>:mi200000001:470423:470423 [1] NCCL INFO Channel 01/0 : 17[200000] -> 4[500000] [send] via NET/IB/1 comm 0xb48930 nRanks 32
[1,18]<stdout>:mi200000001:470424:470424 [2] NCCL INFO Channel 00/0 : 18[300000] -> 5[600000] [send] via NET/IB/0 comm 0x1d78b80 nRanks 32
[1,30]<stdout>:mi200000001:470436:470436 [14] NCCL INFO Channel 00/0 : 2[300000] -> 30[f00000] [receive] via NET/IB/6 comm 0x17ace30 nRanks 32
[1,10]<stdout>:mi200000000:120047:120047 [10] NCCL INFO Channel 00/0 : 10[b00000] -> 29[e00000] [send] via NET/IB/4 comm 0x248a7d0 nRanks 32
[1,18]<stdout>:mi200000001:470424:470424 [2] NCCL INFO Channel 01/0 : 18[300000] -> 5[600000] [send] via NET/IB/0 comm 0x1d78b80 nRanks 32
[1,30]<stdout>:mi200000001:470436:470436 [14] NCCL INFO Channel 01/0 : 2[300000] -> 30[f00000] [receive] via NET/IB/6 comm 0x17ace30 nRanks 32
[1,10]<stdout>:mi200000000:120047:120047 [10] NCCL INFO Channel 01/0 : 10[b00000] -> 29[e00000] [send] via NET/IB/4 comm 0x248a7d0 nRanks 32
[1,12]<stdout>:mi200000000:120049:120049 [12] NCCL INFO Channel 00/0 : 12[d00000] -> 31[1000000] [send] via NET/IB/6 comm 0x1580600 nRanks 32
[1,28]<stdout>:mi200000001:470434:470434 [12] NCCL INFO Channel 00/0 : 28[d00000] -> 20[500000] via P2P/IPC comm 0x12c3ee0 nRanks 32
[1,27]<stdout>:mi200000001:470433:470433 [11] NCCL INFO Channel 00/0 : 27[c00000] -> 16[100000] via P2P/IPC comm 0x1feade0 nRanks 32
[1,13]<stdout>:mi200000000:120050:120050 [13] NCCL INFO Channel 00/0 : 24[900000] -> 13[e00000] [receive] via NET/IB/7 comm 0xe78d40 nRanks 32
[1,26]<stdout>:mi200000001:470432:470432 [10] NCCL INFO Channel 00/0 : 26[b00000] -> 14[f00000] [send] via NET/IB/4 comm 0x14c3fc0 nRanks 32
[1,12]<stdout>:mi200000000:120049:120049 [12] NCCL INFO Channel 01/0 : 12[d00000] -> 31[1000000] [send] via NET/IB/6 comm 0x1580600 nRanks 32
[1,26]<stdout>:mi200000001:470432:470432 [10] NCCL INFO Channel 01/0 : 26[b00000] -> 14[f00000] [send] via NET/IB/4 comm 0x14c3fc0 nRanks 32
[1,13]<stdout>:mi200000000:120050:120050 [13] NCCL INFO Channel 01/0 : 24[900000] -> 13[e00000] [receive] via NET/IB/7 comm 0xe78d40 nRanks 32
[1,2]<stdout>:mi200000000:120039:120039 [2] NCCL INFO Channel 00/0 : 2[300000] -> 25[a00000] [send] via NET/IB/0 comm 0x1bc3e50 nRanks 32
[1,2]<stdout>:mi200000000:120039:120039 [2] NCCL INFO Channel 01/0 : 2[300000] -> 25[a00000] [send] via NET/IB/0 comm 0x1bc3e50 nRanks 32
[1,4]<stdout>:mi200000000:120041:120041 [4] NCCL INFO Channel 00/0 : 4[500000] -> 29[e00000] [send] via NET/IB/2 comm 0xe822d0 nRanks 32
[1,4]<stdout>:mi200000000:120041:120041 [4] NCCL INFO Channel 01/0 : 4[500000] -> 29[e00000] [send] via NET/IB/2 comm 0xe822d0 nRanks 32
[1,5]<stdout>:mi200000000:120042:120042 [5] NCCL INFO Channel 00/0 : 5[600000] -> 1[200000] via P2P/IPC comm 0x1b20310 nRanks 32
[1,18]<stdout>:mi200000001:470424:470424 [2] NCCL INFO Channel 00/0 : 18[300000] -> 8[900000] [send] via NET/IB/0 comm 0x1d78b80 nRanks 32
[1,18]<stdout>:mi200000001:470424:470424 [2] NCCL INFO Channel 01/0 : 18[300000] -> 8[900000] [send] via NET/IB/0 comm 0x1d78b80 nRanks 32
[1,10]<stdout>:mi200000000:120047:120047 [10] NCCL INFO Channel 00/0 : 22[700000] -> 10[b00000] [receive] via NET/IB/4 comm 0x248a7d0 nRanks 32
[1,26]<stdout>:mi200000001:470432:470432 [10] NCCL INFO Channel 00/0 : 26[b00000] -> 17[200000] via P2P/IPC comm 0x14c3fc0 nRanks 32
[1,14]<stdout>:mi200000000:120051:120051 [14] NCCL INFO Channel 00/0 : 19[400000] -> 14[f00000] [receive] via NET/IB/6 comm 0x15b2a90 nRanks 32
[1,24]<stdout>:mi200000001:470430:470430 [8] NCCL INFO Channel 00/0 : 24[900000] -> 13[e00000] [send] via NET/IB/4 comm 0xe38ff0 nRanks 32
[1,12]<stdout>:mi200000000:120049:120049 [12] NCCL INFO Channel 00/0 : 22[700000] -> 12[d00000] [receive] via NET/IB/6 comm 0x1580600 nRanks 32
[1,10]<stdout>:mi200000000:120047:120047 [10] NCCL INFO Channel 01/0 : 22[700000] -> 10[b00000] [receive] via NET/IB/4 comm 0x248a7d0 nRanks 32
[1,27]<stdout>:mi200000001:470433:470433 [11] NCCL INFO Channel 01/0 : 27[c00000] -> 16[100000] via P2P/IPC comm 0x1feade0 nRanks 32
[1,14]<stdout>:mi200000000:120051:120051 [14] NCCL INFO Channel 01/0 : 19[400000] -> 14[f00000] [receive] via NET/IB/6 comm 0x15b2a90 nRanks 32
[1,24]<stdout>:mi200000001:470430:470430 [8] NCCL INFO Channel 01/0 : 24[900000] -> 13[e00000] [send] via NET/IB/4 comm 0xe38ff0 nRanks 32
[1,12]<stdout>:mi200000000:120049:120049 [12] NCCL INFO Channel 01/0 : 22[700000] -> 12[d00000] [receive] via NET/IB/6 comm 0x1580600 nRanks 32
[1,29]<stdout>:mi200000001:470435:470435 [13] NCCL INFO Channel 00/0 : 7[800000] -> 29[e00000] [receive] via NET/IB/7 comm 0x2e81220 nRanks 32
[1,8]<stdout>:mi200000000:120045:120045 [8] NCCL INFO Channel 00/0 : 8[900000] -> 0[100000] via P2P/IPC comm 0x13068f0 nRanks 32
[1,29]<stdout>:mi200000001:470435:470435 [13] NCCL INFO Channel 01/0 : 7[800000] -> 29[e00000] [receive] via NET/IB/7 comm 0x2e81220 nRanks 32
[1,31]<stdout>:mi200000001:470437:470437 [15] NCCL INFO Channel 00/0 : 11[c00000] -> 31[1000000] [receive] via NET/IB/7 comm 0x1e57350 nRanks 32
[1,28]<stdout>:mi200000001:470434:470434 [12] NCCL INFO Channel 01/0 : 28[d00000] -> 20[500000] via P2P/IPC comm 0x12c3ee0 nRanks 32
[1,25]<stdout>:mi200000001:470431:470431 [9] NCCL INFO Channel 00/0 : 0[100000] -> 25[a00000] [receive] via NET/IB/5 comm 0x1a79780 nRanks 32
[1,31]<stdout>:mi200000001:470437:470437 [15] NCCL INFO Channel 01/0 : 11[c00000] -> 31[1000000] [receive] via NET/IB/7 comm 0x1e57350 nRanks 32
[1,25]<stdout>:mi200000001:470431:470431 [9] NCCL INFO Channel 01/0 : 0[100000] -> 25[a00000] [receive] via NET/IB/5 comm 0x1a79780 nRanks 32
[1,25]<stdout>:mi200000001:470431:470431 [9] NCCL INFO Channel 00/0 : 25[a00000] -> 18[300000] via P2P/IPC comm 0x1a79780 nRanks 32
[1,24]<stdout>:mi200000001:470430:470430 [8] NCCL INFO Channel 00/0 : 1[200000] -> 24[900000] [receive] via NET/IB/4 comm 0xe38ff0 nRanks 32
[1,13]<stdout>:mi200000000:120050:120050 [13] NCCL INFO Channel 00/0 : 23[800000] -> 13[e00000] [receive] via NET/IB/7 comm 0xe78d40 nRanks 32
[1,10]<stdout>:mi200000000:120047:120047 [10] NCCL INFO Channel 00/0 : 10[b00000] -> 31[1000000] [send] via NET/IB/4 comm 0x248a7d0 nRanks 32
[1,7]<stdout>:mi200000000:120044:120044 [7] NCCL INFO Channel 00/0 : 7[800000] -> 0[100000] via P2P/IPC comm 0x2945ce0 nRanks 32
[1,5]<stdout>:mi200000000:120042:120042 [5] NCCL INFO Channel 01/0 : 5[600000] -> 1[200000] via P2P/IPC comm 0x1b20310 nRanks 32
[1,13]<stdout>:mi200000000:120050:120050 [13] NCCL INFO Channel 01/0 : 23[800000] -> 13[e00000] [receive] via NET/IB/7 comm 0xe78d40 nRanks 32
[1,24]<stdout>:mi200000001:470430:470430 [8] NCCL INFO Channel 01/0 : 1[200000] -> 24[900000] [receive] via NET/IB/4 comm 0xe38ff0 nRanks 32
[1,14]<stdout>:mi200000000:120051:120051 [14] NCCL INFO Channel 00/0 : 14[f00000] -> 11[c00000] via P2P/IPC comm 0x15b2a90 nRanks 32
[1,0]<stdout>:mi200000000:120037:120037 [0] NCCL INFO Channel 00/0 : 0[100000] -> 24[900000] [send] via NET/IB/0 comm 0x2cd50b0 nRanks 32
[1,29]<stdout>:mi200000001:470435:470435 [13] NCCL INFO Channel 00/0 : 4[500000] -> 29[e00000] [receive] via NET/IB/7 comm 0x2e81220 nRanks 32
[1,10]<stdout>:mi200000000:120047:120047 [10] NCCL INFO Channel 01/0 : 10[b00000] -> 31[1000000] [send] via NET/IB/4 comm 0x248a7d0 nRanks 32
[1,0]<stdout>:mi200000000:120037:120037 [0] NCCL INFO Channel 01/0 : 0[100000] -> 24[900000] [send] via NET/IB/0 comm 0x2cd50b0 nRanks 32
[1,22]<stdout>:mi200000001:470428:470428 [6] NCCL INFO Channel 00/0 : 22[700000] -> 12[d00000] [send] via NET/IB/2 comm 0x103b4c0 nRanks 32
[1,29]<stdout>:mi200000001:470435:470435 [13] NCCL INFO Channel 01/0 : 4[500000] -> 29[e00000] [receive] via NET/IB/7 comm 0x2e81220 nRanks 32
[1,11]<stdout>:mi200000000:120048:120048 [11] NCCL INFO Channel 00/0 : 18[300000] -> 11[c00000] [receive] via NET/IB/5 comm 0x251da10 nRanks 32
[1,31]<stdout>:mi200000001:470437:470437 [15] NCCL INFO Channel 00/0 : 10[b00000] -> 31[1000000] [receive] via NET/IB/7 comm 0x1e57350 nRanks 32
[1,22]<stdout>:mi200000001:470428:470428 [6] NCCL INFO Channel 01/0 : 22[700000] -> 12[d00000] [send] via NET/IB/2 comm 0x103b4c0 nRanks 32
[1,11]<stdout>:mi200000000:120048:120048 [11] NCCL INFO Channel 01/0 : 18[300000] -> 11[c00000] [receive] via NET/IB/5 comm 0x251da10 nRanks 32
[1,26]<stdout>:mi200000001:470432:470432 [10] NCCL INFO Channel 01/0 : 26[b00000] -> 17[200000] via P2P/IPC comm 0x14c3fc0 nRanks 32
[1,31]<stdout>:mi200000001:470437:470437 [15] NCCL INFO Channel 01/0 : 10[b00000] -> 31[1000000] [receive] via NET/IB/7 comm 0x1e57350 nRanks 32
[1,16]<stdout>:mi200000001:470422:470422 [0] NCCL INFO Channel 00/0 : 16[100000] -> 6[700000] [send] via NET/IB/0 comm 0x2424e80 nRanks 32
[1,27]<stdout>:mi200000001:470433:470433 [11] NCCL INFO Channel 00/0 : 1[200000] -> 27[c00000] [receive] via NET/IB/5 comm 0x1feade0 nRanks 32
[1,16]<stdout>:mi200000001:470422:470422 [0] NCCL INFO Channel 01/0 : 16[100000] -> 6[700000] [send] via NET/IB/0 comm 0x2424e80 nRanks 32
[1,8]<stdout>:mi200000000:120045:120045 [8] NCCL INFO Channel 01/0 : 8[900000] -> 0[100000] via P2P/IPC comm 0x13068f0 nRanks 32
[1,27]<stdout>:mi200000001:470433:470433 [11] NCCL INFO Channel 01/0 : 1[200000] -> 27[c00000] [receive] via NET/IB/5 comm 0x1feade0 nRanks 32
[1,13]<stdout>:mi200000000:120050:120050 [13] NCCL INFO Channel 00/0 : 20[500000] -> 13[e00000] [receive] via NET/IB/7 comm 0xe78d40 nRanks 32
[1,1]<stdout>:mi200000000:120038:120038 [1] NCCL INFO Channel 00/0 : 1[200000] -> 24[900000] [send] via NET/IB/1 comm 0x15d46c0 nRanks 32
[1,13]<stdout>:mi200000000:120050:120050 [13] NCCL INFO Channel 01/0 : 20[500000] -> 13[e00000] [receive] via NET/IB/7 comm 0xe78d40 nRanks 32
[1,1]<stdout>:mi200000000:120038:120038 [1] NCCL INFO Channel 01/0 : 1[200000] -> 24[900000] [send] via NET/IB/1 comm 0x15d46c0 nRanks 32
[1,29]<stdout>:mi200000001:470435:470435 [13] NCCL INFO Channel 00/0 : 29[e00000] -> 25[a00000] via P2P/IPC comm 0x2e81220 nRanks 32
[1,10]<stdout>:mi200000000:120047:120047 [10] NCCL INFO Channel 00/0 : 10[b00000] -> 1[200000] via P2P/IPC comm 0x248a7d0 nRanks 32
[1,31]<stdout>:mi200000001:470437:470437 [15] NCCL INFO Channel 00/0 : 31[1000000] -> 27[c00000] via P2P/IPC comm 0x1e57350 nRanks 32
[1,22]<stdout>:mi200000001:470428:470428 [6] NCCL INFO Channel 00/0 : 22[700000] -> 17[200000] via P2P/IPC comm 0x103b4c0 nRanks 32
[1,20]<stdout>:mi200000001:470426:470426 [4] NCCL INFO Channel 00/0 : 20[500000] -> 12[d00000] [send] via NET/IB/2 comm 0x2729230 nRanks 32
[1,12]<stdout>:mi200000000:120049:120049 [12] NCCL INFO Channel 00/0 : 20[500000] -> 12[d00000] [receive] via NET/IB/6 comm 0x1580600 nRanks 32
[1,25]<stdout>:mi200000001:470431:470431 [9] NCCL INFO Channel 01/0 : 25[a00000] -> 18[300000] via P2P/IPC comm 0x1a79780 nRanks 32
[1,14]<stdout>:mi200000000:120051:120051 [14] NCCL INFO Channel 01/0 : 14[f00000] -> 11[c00000] via P2P/IPC comm 0x15b2a90 nRanks 32
[1,20]<stdout>:mi200000001:470426:470426 [4] NCCL INFO Channel 01/0 : 20[500000] -> 12[d00000] [send] via NET/IB/2 comm 0x2729230 nRanks 32
[1,7]<stdout>:mi200000000:120044:120044 [7] NCCL INFO Channel 01/0 : 7[800000] -> 0[100000] via P2P/IPC comm 0x2945ce0 nRanks 32
[1,12]<stdout>:mi200000000:120049:120049 [12] NCCL INFO Channel 01/0 : 20[500000] -> 12[d00000] [receive] via NET/IB/6 comm 0x1580600 nRanks 32
[1,6]<stdout>:mi200000000:120043:120043 [6] NCCL INFO Channel 00/0 : 6[700000] -> 4[500000] via P2P/IPC comm 0x1311b10 nRanks 32
[1,26]<stdout>:mi200000001:470432:470432 [10] NCCL INFO Channel 00/0 : 26[b00000] -> 18[300000] via P2P/IPC comm 0x14c3fc0 nRanks 32
[1,24]<stdout>:mi200000001:470430:470430 [8] NCCL INFO Channel 00/0 : 0[100000] -> 24[900000] [receive] via NET/IB/4 comm 0xe38ff0 nRanks 32
[1,12]<stdout>:mi200000000:120049:120049 [12] NCCL INFO Channel 00/0 : 12[d00000] -> 7[800000] via P2P/IPC comm 0x1580600 nRanks 32
[1,24]<stdout>:mi200000001:470430:470430 [8] NCCL INFO Channel 01/0 : 0[100000] -> 24[900000] [receive] via NET/IB/4 comm 0xe38ff0 nRanks 32
[1,24]<stdout>:mi200000001:470430:470430 [8] NCCL INFO Channel 00/0 : 24[900000] -> 16[100000] via P2P/IPC comm 0xe38ff0 nRanks 32
[1,29]<stdout>:mi200000001:470435:470435 [13] NCCL INFO Channel 01/0 : 29[e00000] -> 25[a00000] via P2P/IPC comm 0x2e81220 nRanks 32
[1,20]<stdout>:mi200000001:470426:470426 [4] NCCL INFO Channel 00/0 : 20[500000] -> 13[e00000] [send] via NET/IB/2 comm 0x2729230 nRanks 32
[1,20]<stdout>:mi200000001:470426:470426 [4] NCCL INFO Channel 01/0 : 20[500000] -> 13[e00000] [send] via NET/IB/2 comm 0x2729230 nRanks 32
[1,22]<stdout>:mi200000001:470428:470428 [6] NCCL INFO Channel 01/0 : 22[700000] -> 17[200000] via P2P/IPC comm 0x103b4c0 nRanks 32
[1,10]<stdout>:mi200000000:120047:120047 [10] NCCL INFO Channel 01/0 : 10[b00000] -> 1[200000] via P2P/IPC comm 0x248a7d0 nRanks 32
[1,31]<stdout>:mi200000001:470437:470437 [15] NCCL INFO Channel 01/0 : 31[1000000] -> 27[c00000] via P2P/IPC comm 0x1e57350 nRanks 32
[1,6]<stdout>:mi200000000:120043:120043 [6] NCCL INFO Channel 01/0 : 6[700000] -> 4[500000] via P2P/IPC comm 0x1311b10 nRanks 32
[1,12]<stdout>:mi200000000:120049:120049 [12] NCCL INFO Channel 01/0 : 12[d00000] -> 7[800000] via P2P/IPC comm 0x1580600 nRanks 32
[1,26]<stdout>:mi200000001:470432:470432 [10] NCCL INFO Channel 01/0 : 26[b00000] -> 18[300000] via P2P/IPC comm 0x14c3fc0 nRanks 32
[1,13]<stdout>:mi200000000:120050:120050 [13] NCCL INFO Channel 00/0 : 13[e00000] -> 9[a00000] via P2P/IPC comm 0xe78d40 nRanks 32
[1,23]<stdout>:mi200000001:470429:470429 [7] NCCL INFO Channel 00/0 : 23[800000] -> 19[400000] via P2P/IPC comm 0x11f3650 nRanks 32
[1,24]<stdout>:mi200000001:470430:470430 [8] NCCL INFO Channel 01/0 : 24[900000] -> 16[100000] via P2P/IPC comm 0xe38ff0 nRanks 32
[1,6]<stdout>:mi200000000:120043:120043 [6] NCCL INFO Channel 00/0 : 6[700000] -> 5[600000] via P2P/IPC comm 0x1311b10 nRanks 32
[1,10]<stdout>:mi200000000:120047:120047 [10] NCCL INFO Channel 00/0 : 10[b00000] -> 2[300000] via P2P/IPC comm 0x248a7d0 nRanks 32
[1,1]<stdout>:mi200000000:120038:120038 [1] NCCL INFO Channel 00/0 : 1[200000] -> 27[c00000] [send] via NET/IB/1 comm 0x15d46c0 nRanks 32
[1,1]<stdout>:mi200000000:120038:120038 [1] NCCL INFO Channel 01/0 : 1[200000] -> 27[c00000] [send] via NET/IB/1 comm 0x15d46c0 nRanks 32
[1,13]<stdout>:mi200000000:120050:120050 [13] NCCL INFO Channel 01/0 : 13[e00000] -> 9[a00000] via P2P/IPC comm 0xe78d40 nRanks 32
[1,22]<stdout>:mi200000001:470428:470428 [6] NCCL INFO Channel 00/0 : 22[700000] -> 20[500000] via P2P/IPC comm 0x103b4c0 nRanks 32
[1,26]<stdout>:mi200000001:470432:470432 [10] NCCL INFO Channel 00/0 : 0[100000] -> 26[b00000] [receive] via NET/IB/4 comm 0x14c3fc0 nRanks 32
[1,6]<stdout>:mi200000000:120043:120043 [6] NCCL INFO Channel 01/0 : 6[700000] -> 5[600000] via P2P/IPC comm 0x1311b10 nRanks 32
[1,23]<stdout>:mi200000001:470429:470429 [7] NCCL INFO Channel 01/0 : 23[800000] -> 19[400000] via P2P/IPC comm 0x11f3650 nRanks 32
[1,26]<stdout>:mi200000001:470432:470432 [10] NCCL INFO Channel 01/0 : 0[100000] -> 26[b00000] [receive] via NET/IB/4 comm 0x14c3fc0 nRanks 32
[1,10]<stdout>:mi200000000:120047:120047 [10] NCCL INFO Channel 01/0 : 10[b00000] -> 2[300000] via P2P/IPC comm 0x248a7d0 nRanks 32
[1,16]<stdout>:mi200000001:470422:470422 [0] NCCL INFO Channel 00/0 : 16[100000] -> 11[c00000] [send] via NET/IB/0 comm 0x2424e80 nRanks 32
[1,22]<stdout>:mi200000001:470428:470428 [6] NCCL INFO Channel 01/0 : 22[700000] -> 20[500000] via P2P/IPC comm 0x103b4c0 nRanks 32
[1,16]<stdout>:mi200000001:470422:470422 [0] NCCL INFO Channel 01/0 : 16[100000] -> 11[c00000] [send] via NET/IB/0 comm 0x2424e80 nRanks 32
[1,27]<stdout>:mi200000001:470433:470433 [11] NCCL INFO Channel 00/0 : 27[c00000] -> 23[800000] via P2P/IPC comm 0x1feade0 nRanks 32
[1,18]<stdout>:mi200000001:470424:470424 [2] NCCL INFO Channel 00/0 : 18[300000] -> 11[c00000] [send] via NET/IB/0 comm 0x1d78b80 nRanks 32
[1,18]<stdout>:mi200000001:470424:470424 [2] NCCL INFO Channel 01/0 : 18[300000] -> 11[c00000] [send] via NET/IB/0 comm 0x1d78b80 nRanks 32
[1,22]<stdout>:mi200000001:470428:470428 [6] NCCL INFO Channel 00/0 : 22[700000] -> 21[600000] via P2P/IPC comm 0x103b4c0 nRanks 32
[1,17]<stdout>:mi200000001:470423:470423 [1] NCCL INFO Channel 00/0 : 17[200000] -> 15[1000000] [send] via NET/IB/1 comm 0xb48930 nRanks 32
[1,11]<stdout>:mi200000000:120048:120048 [11] NCCL INFO Channel 00/0 : 16[100000] -> 11[c00000] [receive] via NET/IB/5 comm 0x251da10 nRanks 32
[1,17]<stdout>:mi200000001:470423:470423 [1] NCCL INFO Channel 01/0 : 17[200000] -> 15[1000000] [send] via NET/IB/1 comm 0xb48930 nRanks 32
[1,27]<stdout>:mi200000001:470433:470433 [11] NCCL INFO Channel 01/0 : 27[c00000] -> 23[800000] via P2P/IPC comm 0x1feade0 nRanks 32
[1,11]<stdout>:mi200000000:120048:120048 [11] NCCL INFO Channel 01/0 : 16[100000] -> 11[c00000] [receive] via NET/IB/5 comm 0x251da10 nRanks 32
[1,0]<stdout>:mi200000000:120037:120037 [0] NCCL INFO Channel 00/0 : 0[100000] -> 25[a00000] [send] via NET/IB/0 comm 0x2cd50b0 nRanks 32
[1,0]<stdout>:mi200000000:120037:120037 [0] NCCL INFO Channel 01/0 : 0[100000] -> 25[a00000] [send] via NET/IB/0 comm 0x2cd50b0 nRanks 32
[1,22]<stdout>:mi200000001:470428:470428 [6] NCCL INFO Channel 01/0 : 22[700000] -> 21[600000] via P2P/IPC comm 0x103b4c0 nRanks 32
[1,0]<stdout>:mi200000000:120037:120037 [0] NCCL INFO Channel 00/0 : 0[100000] -> 26[b00000] [send] via NET/IB/0 comm 0x2cd50b0 nRanks 32
[1,31]<stdout>:mi200000001:470437:470437 [15] NCCL INFO Channel 00/0 : 31[1000000] -> 29[e00000] via P2P/IPC comm 0x1e57350 nRanks 32
[1,0]<stdout>:mi200000000:120037:120037 [0] NCCL INFO Channel 01/0 : 0[100000] -> 26[b00000] [send] via NET/IB/0 comm 0x2cd50b0 nRanks 32
[1,23]<stdout>:mi200000001:470429:470429 [7] NCCL INFO Channel 01/0 : 23[800000] -> 21[600000] via P2P/IPC comm 0x11f3650 nRanks 32
[1,2]<stdout>:mi200000000:120039:120039 [2] NCCL INFO Channel 00/0 : 2[300000] -> 30[f00000] [send] via NET/IB/0 comm 0x1bc3e50 nRanks 32
[1,2]<stdout>:mi200000000:120039:120039 [2] NCCL INFO Channel 01/0 : 2[300000] -> 30[f00000] [send] via NET/IB/0 comm 0x1bc3e50 nRanks 32
[1,30]<stdout>:mi200000001:470436:470436 [14] NCCL INFO Channel 00/0 : 30[f00000] -> 27[c00000] via P2P/IPC comm 0x17ace30 nRanks 32
[1,7]<stdout>:mi200000000:120044:120044 [7] NCCL INFO Channel 00/0 : 7[800000] -> 3[400000] via P2P/IPC comm 0x2945ce0 nRanks 32
[1,15]<stdout>:mi200000000:120052:120052 [15] NCCL INFO Channel 00/0 : 17[200000] -> 15[1000000] [receive] via NET/IB/7 comm 0x1ea7bf0 nRanks 32
[1,15]<stdout>:mi200000000:120052:120052 [15] NCCL INFO Channel 01/0 : 17[200000] -> 15[1000000] [receive] via NET/IB/7 comm 0x1ea7bf0 nRanks 32
[1,30]<stdout>:mi200000001:470436:470436 [14] NCCL INFO Channel 01/0 : 30[f00000] -> 27[c00000] via P2P/IPC comm 0x17ace30 nRanks 32
[1,13]<stdout>:mi200000000:120050:120050 [13] NCCL INFO Channel 00/0 : 13[e00000] -> 11[c00000] via P2P/IPC comm 0xe78d40 nRanks 32
[1,7]<stdout>:mi200000000:120044:120044 [7] NCCL INFO Channel 01/0 : 7[800000] -> 3[400000] via P2P/IPC comm 0x2945ce0 nRanks 32
[1,30]<stdout>:mi200000001:470436:470436 [14] NCCL INFO Channel 00/0 : 30[f00000] -> 28[d00000] via P2P/IPC comm 0x17ace30 nRanks 32
[1,13]<stdout>:mi200000000:120050:120050 [13] NCCL INFO Channel 01/0 : 13[e00000] -> 11[c00000] via P2P/IPC comm 0xe78d40 nRanks 32
[1,7]<stdout>:mi200000000:120044:120044 [7] NCCL INFO Channel 01/0 : 7[800000] -> 5[600000] via P2P/IPC comm 0x2945ce0 nRanks 32
[1,9]<stdout>:mi200000000:120046:120046 [9] NCCL INFO MSCCL: Setup connections finished, used 99136936
[1,29]<stdout>:mi200000001:470435:470435 [13] NCCL INFO Channel 00/0 : 29[e00000] -> 27[c00000] via P2P/IPC comm 0x2e81220 nRanks 32
[1,14]<stdout>:mi200000000:120051:120051 [14] NCCL INFO Channel 00/0 : 14[f00000] -> 12[d00000] via P2P/IPC comm 0x15b2a90 nRanks 32
[1,30]<stdout>:mi200000001:470436:470436 [14] NCCL INFO Channel 01/0 : 30[f00000] -> 28[d00000] via P2P/IPC comm 0x17ace30 nRanks 32
[1,29]<stdout>:mi200000001:470435:470435 [13] NCCL INFO Channel 01/0 : 29[e00000] -> 27[c00000] via P2P/IPC comm 0x2e81220 nRanks 32
[1,14]<stdout>:mi200000000:120051:120051 [14] NCCL INFO Channel 01/0 : 14[f00000] -> 12[d00000] via P2P/IPC comm 0x15b2a90 nRanks 32
[1,30]<stdout>:mi200000001:470436:470436 [14] NCCL INFO Channel 00/0 : 30[f00000] -> 29[e00000] via P2P/IPC comm 0x17ace30 nRanks 32
[1,14]<stdout>:mi200000000:120051:120051 [14] NCCL INFO Channel 00/0 : 14[f00000] -> 13[e00000] via P2P/IPC comm 0x15b2a90 nRanks 32
[1,30]<stdout>:mi200000001:470436:470436 [14] NCCL INFO Channel 01/0 : 30[f00000] -> 29[e00000] via P2P/IPC comm 0x17ace30 nRanks 32
[1,14]<stdout>:mi200000000:120051:120051 [14] NCCL INFO Channel 01/0 : 14[f00000] -> 13[e00000] via P2P/IPC comm 0x15b2a90 nRanks 32
[1,28]<stdout>:mi200000001:470434:470434 [12] NCCL INFO MSCCL: Setup connections finished, used 82359720
[1,6]<stdout>:mi200000000:120043:120043 [6] NCCL INFO MSCCL: Setup connections finished, used 94942632
[1,19]<stdout>:mi200000001:470425:470425 [3] NCCL INFO MSCCL: Setup connections finished, used 78165416
[1,7]<stdout>:mi200000000:120044:120044 [7] NCCL INFO MSCCL: Setup connections finished, used 92845480
[1,4]<stdout>:mi200000000:120041:120041 [4] NCCL INFO MSCCL: Setup connections finished, used 78165416
[1,22]<stdout>:mi200000001:470428:470428 [6] NCCL INFO MSCCL: Setup connections finished, used 99136936
[1,3]<stdout>:mi200000000:120040:120040 [3] NCCL INFO MSCCL: Setup connections finished, used 78165416
[1,10]<stdout>:mi200000000:120047:120047 [10] NCCL INFO MSCCL: Setup connections finished, used 94942632
[1,17]<stdout>:mi200000001:470423:470423 [1] NCCL INFO MSCCL: Setup connections finished, used 107525544
[1,31]<stdout>:mi200000001:470437:470437 [15] NCCL INFO MSCCL: Setup connections finished, used 76068264
[1,15]<stdout>:mi200000000:120052:120052 [15] NCCL INFO MSCCL: Setup connections finished, used 86554024
[1,14]<stdout>:mi200000000:120051:120051 [14] NCCL INFO MSCCL: Setup connections finished, used 111719848
[1,2]<stdout>:mi200000000:120039:120039 [2] NCCL INFO MSCCL: Setup connections finished, used 94942632
[1,1]<stdout>:mi200000000:120038:120038 [1] NCCL INFO MSCCL: Setup connections finished, used 94942632
[1,12]<stdout>:mi200000000:120049:120049 [12] NCCL INFO MSCCL: Setup connections finished, used 82359720
[1,30]<stdout>:mi200000001:470436:470436 [14] NCCL INFO MSCCL: Setup connections finished, used 111719848
[1,0]<stdout>:mi200000000:120037:120037 [0] NCCL INFO MSCCL: Setup connections finished, used 94942632
[1,25]<stdout>:mi200000001:470431:470431 [9] NCCL INFO MSCCL: Setup connections finished, used 94942632
[1,16]<stdout>:mi200000001:470422:470422 [0] NCCL INFO MSCCL: Setup connections finished, used 90748328
[1,29]<stdout>:mi200000001:470435:470435 [13] NCCL INFO MSCCL: Setup connections finished, used 105428392
[1,21]<stdout>:mi200000001:470427:470427 [5] NCCL INFO MSCCL: Setup connections finished, used 92845480
[1,26]<stdout>:mi200000001:470432:470432 [10] NCCL INFO MSCCL: Setup connections finished, used 94942632
[1,27]<stdout>:mi200000001:470433:470433 [11] NCCL INFO MSCCL: Setup connections finished, used 120108456
[1,8]<stdout>:mi200000000:120045:120045 [8] NCCL INFO MSCCL: Setup connections finished, used 90748328
[1,18]<stdout>:mi200000001:470424:470424 [2] NCCL INFO MSCCL: Setup connections finished, used 99136936
[1,11]<stdout>:mi200000000:120048:120048 [11] NCCL INFO MSCCL: Setup connections finished, used 124302760
[1,5]<stdout>:mi200000000:120042:120042 [5] NCCL INFO MSCCL: Setup connections finished, used 92845480
[1,23]<stdout>:mi200000001:470429:470429 [7] NCCL INFO MSCCL: Setup connections finished, used 84456872
[1,24]<stdout>:mi200000001:470430:470430 [8] NCCL INFO MSCCL: Setup connections finished, used 90748328
[1,20]<stdout>:mi200000001:470426:470426 [4] NCCL INFO MSCCL: Setup connections finished, used 90748328
[1,13]<stdout>:mi200000000:120050:120050 [13] NCCL INFO MSCCL: Setup connections finished, used 99136936
[1,0]<stdout>:   2040.1    0.00    0.00      0
[1,0]<stdout>:       16384           128     float    none      -1    102.8    0.16    0.15      0    104.1    0.16    0.15      0
[1,0]<stdout>:       32768           256     float    none      -1    101.9    0.32    0.31      0    104.3    0.31    0.30      0
[1,0]<stdout>:       65536           512     float    none      -1    111.0    0.59    0.57      0    103.0    0.64    0.62      0
[1,0]<stdout>:      131072          1024     float    none      -1    112.1    1.17    1.13      0    104.9    1.25    1.21      0
[1,0]<stdout>:      262144          2048     float    none      -1    171.4    1.53    1.48      0    106.2    2.47    2.39      0
[1,0]<stdout>:      524288          4096     float    none      -1    295.3    1.78    1.72      0    117.4    4.46    4.32      0
[1,0]<stdout>:     1048576          8192     float    none      -1    546.3    1.92    1.86      0    171.2    6.12    5.93      0
[1,0]<stdout>:     2097152         16384     float    none      -1    409.6    5.12    4.96      0    256.4    8.18    7.92      0
[1,0]<stdout>:     4194304         32768     float    none      -1    586.3    7.15    6.93      0    406.8   10.31    9.99      0
[1,0]<stdout>:     8388608         65536     float    none      -1   1051.4    7.98    7.73      0    708.3   11.84   11.47      0
[1,0]<stdout>:    16777216        131072     float    none      -1   1915.2    8.76    8.49      0   1316.4   12.74   12.35      0
[1,0]<stdout>:    33554432        262144     float    none      -1   4003.7    8.38    8.12      0   2564.4   13.08   12.68      0
[1,0]<stdout>:    67108864        524288     float    none      -1   8021.1    8.37    8.11      0   5066.6   13.25   12.83      0
[1,0]<stdout>:   134217728       1048576     float    none      -1    15933    8.42    8.16      0   9978.5   13.45   13.03      0
[1,0]<stdout>:   268435456       2097152     float    none      -1    31908    8.41    8.15      0    18263   14.70   14.24      0
[1,7]<stdout>:
[1,7]<stdout>:mi200000000:120044:120285 [7] /home/amdautomation/xuting/rccl/build/release/hipify/src/misc/socket.cc:57 NCCL WARN socketProgress: Connection closed by remote peer mi200000000.internal.cloudapp.net<51944>
[1,7]<stdout>:mi200000000:120044:120285 [7] NCCL INFO /home/amdautomation/xuting/rccl/build/release/hipify/src/misc/socket.cc:791 -> 6
[1,7]<stdout>:mi200000000:120044:120285 [7] NCCL INFO /home/amdautomation/xuting/rccl/build/release/hipify/src/misc/socket.cc:435 -> 6
[1,7]<stdout>:mi200000000:120044:120285 [7] NCCL INFO /home/amdautomation/xuting/rccl/build/release/hipify/src/misc/socket.cc:569 -> 6
[1,7]<stdout>:mi200000000:120044:120285 [7] NCCL INFO /home/amdautomation/xuting/rccl/build/release/hipify/src/misc/socket.cc:707 -> 6
[1,7]<stdout>:
[1,7]<stdout>:mi200000000:120044:120285 [7] /home/amdautomation/xuting/rccl/build/release/hipify/src/proxy.cc:1461 NCCL WARN [Service thread] Accept failed Success
[1,7]<stdout>:
[1,7]<stdout>:mi200000000:120044:120285 [7] /home/amdautomation/xuting/rccl/build/release/hipify/src/misc/socket.cc:439 NCCL WARN socketFinalizeAccept: wrong magic 1e300010316 != 34e9e4496bac9633
[1,7]<stdout>:
