[1,29]<stdout>:mi200000001:470435:470510 [13] NCCL INFO rocm_smi_lib: version 6.0.0.0
[1,28]<stdout>:mi200000001:470434:470513 [12] NCCL INFO rocm_smi_lib: version 6.0.0.0
[1,16]<stdout>:mi200000001:470422:470516 [0] NCCL INFO rocm_smi_lib: version 6.0.0.0
[1,10]<stdout>:mi200000000:120047:120144 [10] NCCL INFO rocm_smi_lib: version 6.0.0.0
[1,20]<stdout>:mi200000001:470426:470514 [4] NCCL INFO rocm_smi_lib: version 6.0.0.0
[1,17]<stdout>:mi200000001:470423:470518 [1] NCCL INFO rocm_smi_lib: version 6.0.0.0
[1,25]<stdout>:mi200000001:470431:470517 [9] NCCL INFO rocm_smi_lib: version 6.0.0.0
[1,21]<stdout>:mi200000001:470427:470519 [5] NCCL INFO rocm_smi_lib: version 6.0.0.0
[1,24]<stdout>:mi200000001:470430:470511 [8] NCCL INFO rocm_smi_lib: version 6.0.0.0
[1,17]<stdout>:mi200000001:470423:470518 [1] NCCL INFO Setting affinity for GPU 1 to ffff,ff000000
[1,20]<stdout>:mi200000001:470426:470514 [4] NCCL INFO Setting affinity for GPU 4 to ffffff
[1,26]<stdout>:mi200000001:470432:470524 [10] NCCL INFO rocm_smi_lib: version 6.0.0.0
[1,22]<stdout>:mi200000001:470428:470521 [6] NCCL INFO rocm_smi_lib: version 6.0.0.0
[1,30]<stdout>:mi200000001:470436:470512 [14] NCCL INFO rocm_smi_lib: version 6.0.0.0
[1,23]<stdout>:mi200000001:470429:470520 [7] NCCL INFO rocm_smi_lib: version 6.0.0.0
[1,18]<stdout>:mi200000001:470424:470523 [2] NCCL INFO rocm_smi_lib: version 6.0.0.0
[1,19]<stdout>:mi200000001:470425:470526 [3] NCCL INFO rocm_smi_lib: version 6.0.0.0
[1,31]<stdout>:mi200000001:470437:470522 [15] NCCL INFO rocm_smi_lib: version 6.0.0.0
[1,27]<stdout>:mi200000001:470433:470525 [11] NCCL INFO rocm_smi_lib: version 6.0.0.0
[1,30]<stdout>:mi200000001:470436:470512 [14] NCCL INFO Setting affinity for GPU 14 to ff,ffff0000,00000000
[1,14]<stdout>:mi200000000:120051:120141 [14] NCCL INFO rocm_smi_lib: version 6.0.0.0
[1,27]<stdout>:mi200000001:470433:470525 [11] NCCL INFO Setting affinity for GPU 11 to ffffff00,00000000,00000000
[1,14]<stdout>:mi200000000:120051:120141 [14] NCCL INFO Setting affinity for GPU 14 to ff,ffff0000,00000000
[1,11]<stdout>:mi200000000:120048:120145 [11] NCCL INFO rocm_smi_lib: version 6.0.0.0
[1,1]<stdout>:mi200000000:120038:120135 [1] NCCL INFO rocm_smi_lib: version 6.0.0.0
[1,11]<stdout>:mi200000000:120048:120145 [11] NCCL INFO Setting affinity for GPU 11 to ffffff00,00000000,00000000
[1,6]<stdout>:mi200000000:120043:120132 [6] NCCL INFO rocm_smi_lib: version 6.0.0.0
[1,3]<stdout>:mi200000000:120040:120138 [3] NCCL INFO rocm_smi_lib: version 6.0.0.0
[1,7]<stdout>:mi200000000:120044:120139 [7] NCCL INFO rocm_smi_lib: version 6.0.0.0
[1,1]<stdout>:mi200000000:120038:120135 [1] NCCL INFO Setting affinity for GPU 1 to ffff,ff000000
[1,5]<stdout>:mi200000000:120042:120142 [5] NCCL INFO rocm_smi_lib: version 6.0.0.0
[1,13]<stdout>:mi200000000:120050:120131 [13] NCCL INFO rocm_smi_lib: version 6.0.0.0
[1,4]<stdout>:mi200000000:120041:120137 [4] NCCL INFO rocm_smi_lib: version 6.0.0.0
[1,9]<stdout>:mi200000000:120046:120146 [9] NCCL INFO rocm_smi_lib: version 6.0.0.0
[1,8]<stdout>:mi200000000:120045:120136 [8] NCCL INFO rocm_smi_lib: version 6.0.0.0
[1,0]<stdout>:mi200000000:120037:120133 [0] NCCL INFO rocm_smi_lib: version 6.0.0.0
[1,15]<stdout>:mi200000000:120052:120134 [15] NCCL INFO rocm_smi_lib: version 6.0.0.0
[1,12]<stdout>:mi200000000:120049:120140 [12] NCCL INFO rocm_smi_lib: version 6.0.0.0
[1,2]<stdout>:mi200000000:120039:120143 [2] NCCL INFO rocm_smi_lib: version 6.0.0.0
[1,4]<stdout>:mi200000000:120041:120137 [4] NCCL INFO Setting affinity for GPU 4 to ffffff
[1,12]<stdout>:mi200000000:120049:120140 [12] NCCL INFO NCCL_MAX_NCHANNELS set by environment to 2.
[1,12]<stdout>:mi200000000:120049:120140 [12] NCCL INFO Trees [0] 8/-1/-1->12->13 [1] 8/-1/-1->12->13 comm 0x1580600 nRanks 32 busId d00000
[1,12]<stdout>:mi200000000:120049:120140 [12] NCCL INFO P2P Chunksize set to 131072
[1,13]<stdout>:mi200000000:120050:120131 [13] NCCL INFO NCCL_MAX_NCHANNELS set by environment to 2.
[1,13]<stdout>:mi200000000:120050:120131 [13] NCCL INFO Trees [0] 12/29/-1->13->-1 [1] 12/-1/-1->13->15 comm 0xe78d40 nRanks 32 busId e00000
[1,13]<stdout>:mi200000000:120050:120131 [13] NCCL INFO P2P Chunksize set to 131072
[1,11]<stdout>:mi200000000:120048:120145 [11] NCCL INFO NCCL_MAX_NCHANNELS set by environment to 2.
[1,11]<stdout>:mi200000000:120048:120145 [11] NCCL INFO Trees [0] 10/-1/-1->11->3 [1] 10/-1/-1->11->3 comm 0x251da10 nRanks 32 busId c00000
[1,11]<stdout>:mi200000000:120048:120145 [11] NCCL INFO P2P Chunksize set to 131072
[1,14]<stdout>:mi200000000:120051:120141 [14] NCCL INFO NCCL_MAX_NCHANNELS set by environment to 2.
[1,14]<stdout>:mi200000000:120051:120141 [14] NCCL INFO Trees [0] 15/-1/-1->14->10 [1] 15/-1/-1->14->10 comm 0x15b2a90 nRanks 32 busId f00000
[1,14]<stdout>:mi200000000:120051:120141 [14] NCCL INFO P2P Chunksize set to 131072
[1,15]<stdout>:mi200000000:120052:120134 [15] NCCL INFO NCCL_MAX_NCHANNELS set by environment to 2.
[1,15]<stdout>:mi200000000:120052:120134 [15] NCCL INFO Trees [0] -1/-1/-1->15->14 [1] 13/-1/-1->15->14 comm 0x1ea7bf0 nRanks 32 busId 1000000
[1,15]<stdout>:mi200000000:120052:120134 [15] NCCL INFO P2P Chunksize set to 131072
[1,10]<stdout>:mi200000000:120047:120144 [10] NCCL INFO NCCL_MAX_NCHANNELS set by environment to 2.
[1,10]<stdout>:mi200000000:120047:120144 [10] NCCL INFO Trees [0] 14/-1/-1->10->11 [1] 14/-1/-1->10->11 comm 0x248a7d0 nRanks 32 busId b00000
[1,9]<stdout>:mi200000000:120046:120146 [9] NCCL INFO NCCL_MAX_NCHANNELS set by environment to 2.
[1,9]<stdout>:mi200000000:120046:120146 [9] NCCL INFO Trees [0] 1/-1/-1->9->8 [1] 1/-1/-1->9->8 comm 0x10feae0 nRanks 32 busId a00000
[1,9]<stdout>:mi200000000:120046:120146 [9] NCCL INFO P2P Chunksize set to 131072
[1,10]<stdout>:mi200000000:120047:120144 [10] NCCL INFO P2P Chunksize set to 131072
[1,8]<stdout>:mi200000000:120045:120136 [8] NCCL INFO NCCL_MAX_NCHANNELS set by environment to 2.
[1,8]<stdout>:mi200000000:120045:120136 [8] NCCL INFO Trees [0] 9/-1/-1->8->12 [1] 9/-1/-1->8->12 comm 0x13068f0 nRanks 32 busId 900000
[1,8]<stdout>:mi200000000:120045:120136 [8] NCCL INFO P2P Chunksize set to 131072
[1,7]<stdout>:mi200000000:120044:120139 [7] NCCL INFO NCCL_MAX_NCHANNELS set by environment to 2.
[1,7]<stdout>:mi200000000:120044:120139 [7] NCCL INFO Trees [0] 6/-1/-1->7->5 [1] 6/23/-1->7->-1 comm 0x2945ce0 nRanks 32 busId 800000
[1,7]<stdout>:mi200000000:120044:120139 [7] NCCL INFO P2P Chunksize set to 131072
[1,6]<stdout>:mi200000000:120043:120132 [6] NCCL INFO NCCL_MAX_NCHANNELS set by environment to 2.
[1,6]<stdout>:mi200000000:120043:120132 [6] NCCL INFO Trees [0] 2/-1/-1->6->7 [1] 2/-1/-1->6->7 comm 0x1311b10 nRanks 32 busId 700000
[1,6]<stdout>:mi200000000:120043:120132 [6] NCCL INFO P2P Chunksize set to 131072
[1,0]<stdout>:mi200000000:120037:120133 [0] NCCL INFO NCCL_MAX_NCHANNELS set by environment to 2.
[1,0]<stdout>:mi200000000:120037:120133 [0] NCCL INFO Channel 00/02 :    0   4   5   7   6   2   3  11  10  14  15  29  28  24  25  17  16  20  21  23
[1,0]<stdout>:mi200000000:120037:120133 [0] NCCL INFO Channel 01/02 :    0   4   5  23  22  18  19  27  26  30  31  29  28  24  25  17  16  20  21   7
[1,0]<stdout>:mi200000000:120037:120133 [0] NCCL INFO Trees [0] 4/-1/-1->0->1 [1] 4/-1/-1->0->1 comm 0x2cd50b0 nRanks 32 busId 100000
[1,0]<stdout>:mi200000000:120037:120133 [0] NCCL INFO P2P Chunksize set to 131072
[1,5]<stdout>:mi200000000:120042:120142 [5] NCCL INFO NCCL_MAX_NCHANNELS set by environment to 2.
[1,5]<stdout>:mi200000000:120042:120142 [5] NCCL INFO Trees [0] 7/-1/-1->5->4 [1] -1/-1/-1->5->4 comm 0x1b20310 nRanks 32 busId 600000
[1,5]<stdout>:mi200000000:120042:120142 [5] NCCL INFO P2P Chunksize set to 131072
[1,4]<stdout>:mi200000000:120041:120137 [4] NCCL INFO NCCL_MAX_NCHANNELS set by environment to 2.
[1,4]<stdout>:mi200000000:120041:120137 [4] NCCL INFO Trees [0] 5/-1/-1->4->0 [1] 5/-1/-1->4->0 comm 0xe822d0 nRanks 32 busId 500000
[1,4]<stdout>:mi200000000:120041:120137 [4] NCCL INFO P2P Chunksize set to 131072
[1,1]<stdout>:mi200000000:120038:120135 [1] NCCL INFO NCCL_MAX_NCHANNELS set by environment to 2.
[1,1]<stdout>:mi200000000:120038:120135 [1] NCCL INFO Trees [0] 0/-1/-1->1->9 [1] 0/-1/-1->1->9 comm 0x15d46c0 nRanks 32 busId 200000
[1,1]<stdout>:mi200000000:120038:120135 [1] NCCL INFO P2P Chunksize set to 131072
[1,3]<stdout>:mi200000000:120040:120138 [3] NCCL INFO NCCL_MAX_NCHANNELS set by environment to 2.
[1,3]<stdout>:mi200000000:120040:120138 [3] NCCL INFO Trees [0] 11/-1/-1->3->2 [1] 11/-1/-1->3->2 comm 0x16d3880 nRanks 32 busId 400000
[1,3]<stdout>:mi200000000:120040:120138 [3] NCCL INFO P2P Chunksize set to 131072
[1,2]<stdout>:mi200000000:120039:120143 [2] NCCL INFO NCCL_MAX_NCHANNELS set by environment to 2.
[1,2]<stdout>:mi200000000:120039:120143 [2] NCCL INFO Trees [0] 3/-1/-1->2->6 [1] 3/-1/-1->2->6 comm 0x1bc3e50 nRanks 32 busId 300000
[1,2]<stdout>:mi200000000:120039:120143 [2] NCCL INFO P2P Chunksize set to 131072
[1,31]<stdout>:mi200000001:470437:470522 [15] NCCL INFO NCCL_MAX_NCHANNELS set by environment to 2.
[1,31]<stdout>:mi200000001:470437:470522 [15] NCCL INFO Trees [0] -1/-1/-1->31->30 [1] 29/-1/-1->31->30 comm 0x1e57350 nRanks 32 busId 1000000
[1,31]<stdout>:mi200000001:470437:470522 [15] NCCL INFO P2P Chunksize set to 131072
[1,30]<stdout>:mi200000001:470436:470512 [14] NCCL INFO NCCL_MAX_NCHANNELS set by environment to 2.
[1,30]<stdout>:mi200000001:470436:470512 [14] NCCL INFO Trees [0] 31/-1/-1->30->26 [1] 31/-1/-1->30->26 comm 0x17ace30 nRanks 32 busId f00000
[1,30]<stdout>:mi200000001:470436:470512 [14] NCCL INFO P2P Chunksize set to 131072
[1,27]<stdout>:mi200000001:470433:470525 [11] NCCL INFO NCCL_MAX_NCHANNELS set by environment to 2.
[1,27]<stdout>:mi200000001:470433:470525 [11] NCCL INFO Trees [0] 26/-1/-1->27->19 [1] 26/-1/-1->27->19 comm 0x1feade0 nRanks 32 busId c00000
[1,27]<stdout>:mi200000001:470433:470525 [11] NCCL INFO P2P Chunksize set to 131072
[1,29]<stdout>:mi200000001:470435:470510 [13] NCCL INFO NCCL_MAX_NCHANNELS set by environment to 2.
[1,29]<stdout>:mi200000001:470435:470510 [13] NCCL INFO Trees [0] 28/-1/-1->29->13 [1] 28/-1/-1->29->31 comm 0x2e81220 nRanks 32 busId e00000
[1,29]<stdout>:mi200000001:470435:470510 [13] NCCL INFO P2P Chunksize set to 131072
[1,28]<stdout>:mi200000001:470434:470513 [12] NCCL INFO NCCL_MAX_NCHANNELS set by environment to 2.
[1,28]<stdout>:mi200000001:470434:470513 [12] NCCL INFO Trees [0] 24/-1/-1->28->29 [1] 24/-1/-1->28->29 comm 0x12c3ee0 nRanks 32 busId d00000
[1,28]<stdout>:mi200000001:470434:470513 [12] NCCL INFO P2P Chunksize set to 131072
[1,16]<stdout>:mi200000001:470422:470516 [0] NCCL INFO NCCL_MAX_NCHANNELS set by environment to 2.
[1,16]<stdout>:mi200000001:470422:470516 [0] NCCL INFO Trees [0] 20/-1/-1->16->17 [1] 20/-1/-1->16->17 comm 0x2424e80 nRanks 32 busId 100000
[1,16]<stdout>:mi200000001:470422:470516 [0] NCCL INFO P2P Chunksize set to 131072
[1,25]<stdout>:mi200000001:470431:470517 [9] NCCL INFO NCCL_MAX_NCHANNELS set by environment to 2.
[1,25]<stdout>:mi200000001:470431:470517 [9] NCCL INFO Trees [0] 17/-1/-1->25->24 [1] 17/-1/-1->25->24 comm 0x1a79780 nRanks 32 busId a00000
[1,25]<stdout>:mi200000001:470431:470517 [9] NCCL INFO P2P Chunksize set to 131072
[1,26]<stdout>:mi200000001:470432:470524 [10] NCCL INFO NCCL_MAX_NCHANNELS set by environment to 2.
[1,26]<stdout>:mi200000001:470432:470524 [10] NCCL INFO Trees [0] 30/-1/-1->26->27 [1] 30/-1/-1->26->27 comm 0x14c3fc0 nRanks 32 busId b00000
[1,26]<stdout>:mi200000001:470432:470524 [10] NCCL INFO P2P Chunksize set to 131072
[1,22]<stdout>:mi200000001:470428:470521 [6] NCCL INFO NCCL_MAX_NCHANNELS set by environment to 2.
[1,22]<stdout>:mi200000001:470428:470521 [6] NCCL INFO Trees [0] 18/-1/-1->22->23 [1] 18/-1/-1->22->23 comm 0x103b4c0 nRanks 32 busId 700000
[1,22]<stdout>:mi200000001:470428:470521 [6] NCCL INFO P2P Chunksize set to 131072
[1,24]<stdout>:mi200000001:470430:470511 [8] NCCL INFO NCCL_MAX_NCHANNELS set by environment to 2.
[1,24]<stdout>:mi200000001:470430:470511 [8] NCCL INFO Trees [0] 25/-1/-1->24->28 [1] 25/-1/-1->24->28 comm 0xe38ff0 nRanks 32 busId 900000
[1,24]<stdout>:mi200000001:470430:470511 [8] NCCL INFO P2P Chunksize set to 131072
[1,23]<stdout>:mi200000001:470429:470520 [7] NCCL INFO NCCL_MAX_NCHANNELS set by environment to 2.
[1,23]<stdout>:mi200000001:470429:470520 [7] NCCL INFO Trees [0] 22/-1/-1->23->21 [1] 22/-1/-1->23->7 comm 0x11f3650 nRanks 32 busId 800000
[1,23]<stdout>:mi200000001:470429:470520 [7] NCCL INFO P2P Chunksize set to 131072
[1,17]<stdout>:mi200000001:470423:470518 [1] NCCL INFO NCCL_MAX_NCHANNELS set by environment to 2.
[1,17]<stdout>:mi200000001:470423:470518 [1] NCCL INFO Trees [0] 16/-1/-1->17->25 [1] 16/-1/-1->17->25 comm 0xb48930 nRanks 32 busId 200000
[1,17]<stdout>:mi200000001:470423:470518 [1] NCCL INFO P2P Chunksize set to 131072
[1,21]<stdout>:mi200000001:470427:470519 [5] NCCL INFO NCCL_MAX_NCHANNELS set by environment to 2.
[1,21]<stdout>:mi200000001:470427:470519 [5] NCCL INFO Trees [0] 23/-1/-1->21->20 [1] -1/-1/-1->21->20 comm 0x285e260 nRanks 32 busId 600000
[1,21]<stdout>:mi200000001:470427:470519 [5] NCCL INFO P2P Chunksize set to 131072
[1,20]<stdout>:mi200000001:470426:470514 [4] NCCL INFO NCCL_MAX_NCHANNELS set by environment to 2.
[1,20]<stdout>:mi200000001:470426:470514 [4] NCCL INFO Trees [0] 21/-1/-1->20->16 [1] 21/-1/-1->20->16 comm 0x2729230 nRanks 32 busId 500000
[1,20]<stdout>:mi200000001:470426:470514 [4] NCCL INFO P2P Chunksize set to 131072
[1,18]<stdout>:mi200000001:470424:470523 [2] NCCL INFO NCCL_MAX_NCHANNELS set by environment to 2.
[1,18]<stdout>:mi200000001:470424:470523 [2] NCCL INFO Trees [0] 19/-1/-1->18->22 [1] 19/-1/-1->18->22 comm 0x1d78b80 nRanks 32 busId 300000
[1,18]<stdout>:mi200000001:470424:470523 [2] NCCL INFO P2P Chunksize set to 131072
[1,19]<stdout>:mi200000001:470425:470526 [3] NCCL INFO NCCL_MAX_NCHANNELS set by environment to 2.
[1,19]<stdout>:mi200000001:470425:470526 [3] NCCL INFO Trees [0] 27/-1/-1->19->18 [1] 27/-1/-1->19->18 comm 0x2d99960 nRanks 32 busId 400000
[1,19]<stdout>:mi200000001:470425:470526 [3] NCCL INFO P2P Chunksize set to 131072
[1,0]<stdout>:mi200000000:120037:120133 [0] NCCL INFO Channel 00/0 : 0[100000] -> 4[500000] via P2P/IPC comm 0x2cd50b0 nRanks 32
[1,14]<stdout>:mi200000000:120051:120141 [14] NCCL INFO Channel 00/0 : 14[f00000] -> 15[1000000] via P2P/IPC comm 0x15b2a90 nRanks 32
[1,4]<stdout>:mi200000000:120041:120137 [4] NCCL INFO Channel 00/0 : 4[500000] -> 5[600000] via P2P/IPC comm 0xe822d0 nRanks 32
[1,10]<stdout>:mi200000000:120047:120144 [10] NCCL INFO Channel 00/0 : 10[b00000] -> 14[f00000] via P2P/IPC comm 0x248a7d0 nRanks 32
[1,6]<stdout>:mi200000000:120043:120132 [6] NCCL INFO Channel 00/0 : 6[700000] -> 2[300000] via P2P/IPC comm 0x1311b10 nRanks 32
[1,16]<stdout>:mi200000001:470422:470516 [0] NCCL INFO Channel 00/0 : 16[100000] -> 20[500000] via P2P/IPC comm 0x2424e80 nRanks 32
[1,20]<stdout>:mi200000001:470426:470514 [4] NCCL INFO Channel 00/0 : 20[500000] -> 21[600000] via P2P/IPC comm 0x2729230 nRanks 32
[1,26]<stdout>:mi200000001:470432:470524 [10] NCCL INFO Channel 00/0 : 26[b00000] -> 30[f00000] via P2P/IPC comm 0x14c3fc0 nRanks 32
[1,30]<stdout>:mi200000001:470436:470512 [14] NCCL INFO Channel 00/0 : 30[f00000] -> 31[1000000] via P2P/IPC comm 0x17ace30 nRanks 32
[1,22]<stdout>:mi200000001:470428:470521 [6] NCCL INFO Channel 00/0 : 22[700000] -> 18[300000] via P2P/IPC comm 0x103b4c0 nRanks 32
[1,24]<stdout>:mi200000001:470430:470511 [8] NCCL INFO Channel 00/0 : 24[900000] -> 25[a00000] via P2P/IPC comm 0xe38ff0 nRanks 32
[1,8]<stdout>:mi200000000:120045:120136 [8] NCCL INFO Channel 00/0 : 8[900000] -> 9[a00000] via P2P/IPC comm 0x13068f0 nRanks 32
[1,18]<stdout>:mi200000001:470424:470523 [2] NCCL INFO Channel 00/0 : 18[300000] -> 19[400000] via P2P/IPC comm 0x1d78b80 nRanks 32
[1,12]<stdout>:mi200000000:120049:120140 [12] NCCL INFO Channel 00/0 : 12[d00000] -> 8[900000] via P2P/IPC comm 0x1580600 nRanks 32
[1,2]<stdout>:mi200000000:120039:120143 [2] NCCL INFO Channel 00/0 : 2[300000] -> 3[400000] via P2P/IPC comm 0x1bc3e50 nRanks 32
[1,28]<stdout>:mi200000001:470434:470513 [12] NCCL INFO Channel 00/0 : 28[d00000] -> 24[900000] via P2P/IPC comm 0x12c3ee0 nRanks 32
[1,14]<stdout>:mi200000000:120051:120141 [14] NCCL INFO Channel 01/0 : 14[f00000] -> 15[1000000] via P2P/IPC comm 0x15b2a90 nRanks 32
[1,13]<stdout>:mi200000000:120050:120131 [13] NCCL INFO Channel 00/0 : 31[1000000] -> 13[e00000] [receive] via NET/IB/6 comm 0xe78d40 nRanks 32
[1,4]<stdout>:mi200000000:120041:120137 [4] NCCL INFO Channel 01/0 : 4[500000] -> 5[600000] via P2P/IPC comm 0xe822d0 nRanks 32
[1,0]<stdout>:mi200000000:120037:120133 [0] NCCL INFO Channel 01/0 : 0[100000] -> 4[500000] via P2P/IPC comm 0x2cd50b0 nRanks 32
[1,20]<stdout>:mi200000001:470426:470514 [4] NCCL INFO Channel 01/0 : 20[500000] -> 21[600000] via P2P/IPC comm 0x2729230 nRanks 32
[1,16]<stdout>:mi200000001:470422:470516 [0] NCCL INFO Channel 01/0 : 16[100000] -> 20[500000] via P2P/IPC comm 0x2424e80 nRanks 32
[1,10]<stdout>:mi200000000:120047:120144 [10] NCCL INFO Channel 01/0 : 10[b00000] -> 14[f00000] via P2P/IPC comm 0x248a7d0 nRanks 32
[1,29]<stdout>:mi200000001:470435:470510 [13] NCCL INFO Channel 00/0 : 15[1000000] -> 29[e00000] [receive] via NET/IB/6 comm 0x2e81220 nRanks 32
[1,30]<stdout>:mi200000001:470436:470512 [14] NCCL INFO Channel 01/0 : 30[f00000] -> 31[1000000] via P2P/IPC comm 0x17ace30 nRanks 32
[1,6]<stdout>:mi200000000:120043:120132 [6] NCCL INFO Channel 01/0 : 6[700000] -> 2[300000] via P2P/IPC comm 0x1311b10 nRanks 32
[1,22]<stdout>:mi200000001:470428:470521 [6] NCCL INFO Channel 01/0 : 22[700000] -> 18[300000] via P2P/IPC comm 0x103b4c0 nRanks 32
[1,26]<stdout>:mi200000001:470432:470524 [10] NCCL INFO Channel 01/0 : 26[b00000] -> 30[f00000] via P2P/IPC comm 0x14c3fc0 nRanks 32
[1,8]<stdout>:mi200000000:120045:120136 [8] NCCL INFO Channel 01/0 : 8[900000] -> 9[a00000] via P2P/IPC comm 0x13068f0 nRanks 32
[1,24]<stdout>:mi200000001:470430:470511 [8] NCCL INFO Channel 01/0 : 24[900000] -> 25[a00000] via P2P/IPC comm 0xe38ff0 nRanks 32
[1,18]<stdout>:mi200000001:470424:470523 [2] NCCL INFO Channel 01/0 : 18[300000] -> 19[400000] via P2P/IPC comm 0x1d78b80 nRanks 32
[1,2]<stdout>:mi200000000:120039:120143 [2] NCCL INFO Channel 01/0 : 2[300000] -> 3[400000] via P2P/IPC comm 0x1bc3e50 nRanks 32
[1,12]<stdout>:mi200000000:120049:120140 [12] NCCL INFO Channel 01/0 : 12[d00000] -> 8[900000] via P2P/IPC comm 0x1580600 nRanks 32
[1,5]<stdout>:mi200000000:120042:120142 [5] NCCL INFO Channel 00/0 : 5[600000] -> 7[800000] via P2P/IPC comm 0x1b20310 nRanks 32
[1,28]<stdout>:mi200000001:470434:470513 [12] NCCL INFO Channel 01/0 : 28[d00000] -> 24[900000] via P2P/IPC comm 0x12c3ee0 nRanks 32
[1,21]<stdout>:mi200000001:470427:470519 [5] NCCL INFO Channel 00/0 : 21[600000] -> 23[800000] via P2P/IPC comm 0x285e260 nRanks 32
[1,9]<stdout>:mi200000000:120046:120146 [9] NCCL INFO Channel 00/0 : 9[a00000] -> 1[200000] via P2P/IPC comm 0x10feae0 nRanks 32
[1,25]<stdout>:mi200000001:470431:470517 [9] NCCL INFO Channel 00/0 : 25[a00000] -> 17[200000] via P2P/IPC comm 0x1a79780 nRanks 32
[1,3]<stdout>:mi200000000:120040:120138 [3] NCCL INFO Channel 00/0 : 3[400000] -> 11[c00000] via P2P/IPC comm 0x16d3880 nRanks 32
[1,15]<stdout>:mi200000000:120052:120134 [15] NCCL INFO Channel 00/0 : 15[1000000] -> 29[e00000] [send] via NET/IB/7 comm 0x1ea7bf0 nRanks 32
[1,19]<stdout>:mi200000001:470425:470526 [3] NCCL INFO Channel 00/0 : 19[400000] -> 27[c00000] via P2P/IPC comm 0x2d99960 nRanks 32
[1,5]<stdout>:mi200000000:120042:120142 [5] NCCL INFO Channel 01/0 : 5[600000] -> 23[800000] [send] via NET/IB/2 comm 0x1b20310 nRanks 32
[1,7]<stdout>:mi200000000:120044:120139 [7] NCCL INFO Channel 01/0 : 21[600000] -> 7[800000] [receive] via NET/IB/3 comm 0x2945ce0 nRanks 32
[1,9]<stdout>:mi200000000:120046:120146 [9] NCCL INFO Channel 01/0 : 9[a00000] -> 1[200000] via P2P/IPC comm 0x10feae0 nRanks 32
[1,3]<stdout>:mi200000000:120040:120138 [3] NCCL INFO Channel 01/0 : 3[400000] -> 11[c00000] via P2P/IPC comm 0x16d3880 nRanks 32
[1,15]<stdout>:mi200000000:120052:120134 [15] NCCL INFO Channel 01/0 : 15[1000000] -> 13[e00000] via P2P/IPC comm 0x1ea7bf0 nRanks 32
[1,21]<stdout>:mi200000001:470427:470519 [5] NCCL INFO Channel 01/0 : 21[600000] -> 7[800000] [send] via NET/IB/2 comm 0x285e260 nRanks 32
[1,19]<stdout>:mi200000001:470425:470526 [3] NCCL INFO Channel 01/0 : 19[400000] -> 27[c00000] via P2P/IPC comm 0x2d99960 nRanks 32
[1,31]<stdout>:mi200000001:470437:470522 [15] NCCL INFO Channel 00/0 : 31[1000000] -> 13[e00000] [send] via NET/IB/7 comm 0x1e57350 nRanks 32
[1,23]<stdout>:mi200000001:470429:470520 [7] NCCL INFO Channel 01/0 : 5[600000] -> 23[800000] [receive] via NET/IB/3 comm 0x11f3650 nRanks 32
[1,25]<stdout>:mi200000001:470431:470517 [9] NCCL INFO Channel 01/0 : 25[a00000] -> 17[200000] via P2P/IPC comm 0x1a79780 nRanks 32
[1,31]<stdout>:mi200000001:470437:470522 [15] NCCL INFO Channel 01/0 : 31[1000000] -> 29[e00000] via P2P/IPC comm 0x1e57350 nRanks 32
[1,7]<stdout>:mi200000000:120044:120139 [7] NCCL INFO Channel 00/0 : 7[800000] -> 6[700000] via P2P/IPC comm 0x2945ce0 nRanks 32
[1,11]<stdout>:mi200000000:120048:120145 [11] NCCL INFO Channel 00/0 : 11[c00000] -> 10[b00000] via P2P/IPC comm 0x251da10 nRanks 32
[1,1]<stdout>:mi200000000:120038:120135 [1] NCCL INFO Channel 00/0 : 1[200000] -> 0[100000] via P2P/IPC comm 0x15d46c0 nRanks 32
[1,27]<stdout>:mi200000001:470433:470525 [11] NCCL INFO Channel 00/0 : 27[c00000] -> 26[b00000] via P2P/IPC comm 0x1feade0 nRanks 32
[1,23]<stdout>:mi200000001:470429:470520 [7] NCCL INFO Channel 00/0 : 23[800000] -> 22[700000] via P2P/IPC comm 0x11f3650 nRanks 32
[1,4]<stdout>:mi200000000:120041:120137 [4] NCCL INFO Channel 00/2 : 4[500000] -> 5[600000] via P2P/IPC comm 0xe822d0 nRanks 32
[1,20]<stdout>:mi200000001:470426:470514 [4] NCCL INFO Channel 00/2 : 20[500000] -> 21[600000] via P2P/IPC comm 0x2729230 nRanks 32
[1,17]<stdout>:mi200000001:470423:470518 [1] NCCL INFO Channel 00/0 : 17[200000] -> 16[100000] via P2P/IPC comm 0xb48930 nRanks 32
[1,14]<stdout>:mi200000000:120051:120141 [14] NCCL INFO Channel 00/2 : 14[f00000] -> 15[1000000] via P2P/IPC comm 0x15b2a90 nRanks 32
[1,11]<stdout>:mi200000000:120048:120145 [11] NCCL INFO Channel 01/0 : 11[c00000] -> 10[b00000] via P2P/IPC comm 0x251da10 nRanks 32
[1,1]<stdout>:mi200000000:120038:120135 [1] NCCL INFO Channel 01/0 : 1[200000] -> 0[100000] via P2P/IPC comm 0x15d46c0 nRanks 32
[1,8]<stdout>:mi200000000:120045:120136 [8] NCCL INFO Channel 00/2 : 8[900000] -> 9[a00000] via P2P/IPC comm 0x13068f0 nRanks 32
[1,4]<stdout>:mi200000000:120041:120137 [4] NCCL INFO Channel 01/2 : 4[500000] -> 5[600000] via P2P/IPC comm 0xe822d0 nRanks 32
[1,23]<stdout>:mi200000001:470429:470520 [7] NCCL INFO Channel 01/0 : 23[800000] -> 22[700000] via P2P/IPC comm 0x11f3650 nRanks 32
[1,20]<stdout>:mi200000001:470426:470514 [4] NCCL INFO Channel 01/2 : 20[500000] -> 21[600000] via P2P/IPC comm 0x2729230 nRanks 32
[1,27]<stdout>:mi200000001:470433:470525 [11] NCCL INFO Channel 01/0 : 27[c00000] -> 26[b00000] via P2P/IPC comm 0x1feade0 nRanks 32
[1,7]<stdout>:mi200000000:120044:120139 [7] NCCL INFO Channel 01/0 : 7[800000] -> 6[700000] via P2P/IPC comm 0x2945ce0 nRanks 32
[1,17]<stdout>:mi200000001:470423:470518 [1] NCCL INFO Channel 01/0 : 17[200000] -> 16[100000] via P2P/IPC comm 0xb48930 nRanks 32
[1,29]<stdout>:mi200000001:470435:470510 [13] NCCL INFO Channel 00/0 : 29[e00000] -> 28[d00000] via P2P/IPC comm 0x2e81220 nRanks 32
[1,2]<stdout>:mi200000000:120039:120143 [2] NCCL INFO Channel 00/2 : 2[300000] -> 3[400000] via P2P/IPC comm 0x1bc3e50 nRanks 32
[1,13]<stdout>:mi200000000:120050:120131 [13] NCCL INFO Channel 00/0 : 13[e00000] -> 12[d00000] via P2P/IPC comm 0xe78d40 nRanks 32
[1,14]<stdout>:mi200000000:120051:120141 [14] NCCL INFO Channel 01/2 : 14[f00000] -> 15[1000000] via P2P/IPC comm 0x15b2a90 nRanks 32
[1,30]<stdout>:mi200000001:470436:470512 [14] NCCL INFO Channel 00/2 : 30[f00000] -> 31[1000000] via P2P/IPC comm 0x17ace30 nRanks 32
[1,8]<stdout>:mi200000000:120045:120136 [8] NCCL INFO Channel 01/2 : 8[900000] -> 9[a00000] via P2P/IPC comm 0x13068f0 nRanks 32
[1,24]<stdout>:mi200000001:470430:470511 [8] NCCL INFO Channel 00/2 : 24[900000] -> 25[a00000] via P2P/IPC comm 0xe38ff0 nRanks 32
[1,2]<stdout>:mi200000000:120039:120143 [2] NCCL INFO Channel 01/2 : 2[300000] -> 3[400000] via P2P/IPC comm 0x1bc3e50 nRanks 32
[1,18]<stdout>:mi200000001:470424:470523 [2] NCCL INFO Channel 00/2 : 18[300000] -> 19[400000] via P2P/IPC comm 0x1d78b80 nRanks 32
[1,29]<stdout>:mi200000001:470435:470510 [13] NCCL INFO Channel 01/0 : 29[e00000] -> 28[d00000] via P2P/IPC comm 0x2e81220 nRanks 32
[1,13]<stdout>:mi200000000:120050:120131 [13] NCCL INFO Channel 01/0 : 13[e00000] -> 12[d00000] via P2P/IPC comm 0xe78d40 nRanks 32
[1,30]<stdout>:mi200000001:470436:470512 [14] NCCL INFO Channel 01/2 : 30[f00000] -> 31[1000000] via P2P/IPC comm 0x17ace30 nRanks 32
[1,0]<stdout>:mi200000000:120037:120133 [0] NCCL INFO Channel 00/2 : 0[100000] -> 4[500000] via P2P/IPC comm 0x2cd50b0 nRanks 32
[1,24]<stdout>:mi200000001:470430:470511 [8] NCCL INFO Channel 01/2 : 24[900000] -> 25[a00000] via P2P/IPC comm 0xe38ff0 nRanks 32
[1,10]<stdout>:mi200000000:120047:120144 [10] NCCL INFO Channel 00/2 : 10[b00000] -> 14[f00000] via P2P/IPC comm 0x248a7d0 nRanks 32
[1,3]<stdout>:mi200000000:120040:120138 [3] NCCL INFO Channel 00/2 : 3[400000] -> 11[c00000] via P2P/IPC comm 0x16d3880 nRanks 32
[1,18]<stdout>:mi200000001:470424:470523 [2] NCCL INFO Channel 01/2 : 18[300000] -> 19[400000] via P2P/IPC comm 0x1d78b80 nRanks 32
[1,16]<stdout>:mi200000001:470422:470516 [0] NCCL INFO Channel 00/2 : 16[100000] -> 20[500000] via P2P/IPC comm 0x2424e80 nRanks 32
[1,22]<stdout>:mi200000001:470428:470521 [6] NCCL INFO Channel 00/2 : 22[700000] -> 18[300000] via P2P/IPC comm 0x103b4c0 nRanks 32
[1,9]<stdout>:mi200000000:120046:120146 [9] NCCL INFO Channel 00/2 : 9[a00000] -> 1[200000] via P2P/IPC comm 0x10feae0 nRanks 32
[1,0]<stdout>:mi200000000:120037:120133 [0] NCCL INFO Channel 01/2 : 0[100000] -> 4[500000] via P2P/IPC comm 0x2cd50b0 nRanks 32
[1,6]<stdout>:mi200000000:120043:120132 [6] NCCL INFO Channel 00/2 : 6[700000] -> 2[300000] via P2P/IPC comm 0x1311b10 nRanks 32
[1,10]<stdout>:mi200000000:120047:120144 [10] NCCL INFO Channel 01/2 : 10[b00000] -> 14[f00000] via P2P/IPC comm 0x248a7d0 nRanks 32
[1,3]<stdout>:mi200000000:120040:120138 [3] NCCL INFO Channel 01/2 : 3[400000] -> 11[c00000] via P2P/IPC comm 0x16d3880 nRanks 32
[1,26]<stdout>:mi200000001:470432:470524 [10] NCCL INFO Channel 00/2 : 26[b00000] -> 30[f00000] via P2P/IPC comm 0x14c3fc0 nRanks 32
[1,16]<stdout>:mi200000001:470422:470516 [0] NCCL INFO Channel 01/2 : 16[100000] -> 20[500000] via P2P/IPC comm 0x2424e80 nRanks 32
[1,25]<stdout>:mi200000001:470431:470517 [9] NCCL INFO Channel 00/2 : 25[a00000] -> 17[200000] via P2P/IPC comm 0x1a79780 nRanks 32
[1,19]<stdout>:mi200000001:470425:470526 [3] NCCL INFO Channel 00/2 : 19[400000] -> 27[c00000] via P2P/IPC comm 0x2d99960 nRanks 32
[1,9]<stdout>:mi200000000:120046:120146 [9] NCCL INFO Channel 01/2 : 9[a00000] -> 1[200000] via P2P/IPC comm 0x10feae0 nRanks 32
[1,12]<stdout>:mi200000000:120049:120140 [12] NCCL INFO Channel 00/2 : 12[d00000] -> 8[900000] via P2P/IPC comm 0x1580600 nRanks 32
[1,28]<stdout>:mi200000001:470434:470513 [12] NCCL INFO Channel 00/2 : 28[d00000] -> 24[900000] via P2P/IPC comm 0x12c3ee0 nRanks 32
[1,22]<stdout>:mi200000001:470428:470521 [6] NCCL INFO Channel 01/2 : 22[700000] -> 18[300000] via P2P/IPC comm 0x103b4c0 nRanks 32
[1,6]<stdout>:mi200000000:120043:120132 [6] NCCL INFO Channel 01/2 : 6[700000] -> 2[300000] via P2P/IPC comm 0x1311b10 nRanks 32
[1,11]<stdout>:mi200000000:120048:120145 [11] NCCL INFO Channel 00/2 : 11[c00000] -> 10[b00000] via P2P/IPC comm 0x251da10 nRanks 32
[1,26]<stdout>:mi200000001:470432:470524 [10] NCCL INFO Channel 01/2 : 26[b00000] -> 30[f00000] via P2P/IPC comm 0x14c3fc0 nRanks 32
[1,19]<stdout>:mi200000001:470425:470526 [3] NCCL INFO Channel 01/2 : 19[400000] -> 27[c00000] via P2P/IPC comm 0x2d99960 nRanks 32
[1,25]<stdout>:mi200000001:470431:470517 [9] NCCL INFO Channel 01/2 : 25[a00000] -> 17[200000] via P2P/IPC comm 0x1a79780 nRanks 32
[1,3]<stdout>:mi200000000:120040:120138 [3] NCCL INFO Connected all rings comm 0x16d3880 nRanks 32 busId 400000
[1,12]<stdout>:mi200000000:120049:120140 [12] NCCL INFO Channel 01/2 : 12[d00000] -> 8[900000] via P2P/IPC comm 0x1580600 nRanks 32
[1,1]<stdout>:mi200000000:120038:120135 [1] NCCL INFO Channel 00/2 : 1[200000] -> 0[100000] via P2P/IPC comm 0x15d46c0 nRanks 32
[1,11]<stdout>:mi200000000:120048:120145 [11] NCCL INFO Channel 01/2 : 11[c00000] -> 10[b00000] via P2P/IPC comm 0x251da10 nRanks 32
[1,28]<stdout>:mi200000001:470434:470513 [12] NCCL INFO Channel 01/2 : 28[d00000] -> 24[900000] via P2P/IPC comm 0x12c3ee0 nRanks 32
[1,27]<stdout>:mi200000001:470433:470525 [11] NCCL INFO Channel 00/2 : 27[c00000] -> 26[b00000] via P2P/IPC comm 0x1feade0 nRanks 32
[1,9]<stdout>:mi200000000:120046:120146 [9] NCCL INFO Connected all rings comm 0x10feae0 nRanks 32 busId a00000
[1,1]<stdout>:mi200000000:120038:120135 [1] NCCL INFO Channel 01/2 : 1[200000] -> 0[100000] via P2P/IPC comm 0x15d46c0 nRanks 32
[1,17]<stdout>:mi200000001:470423:470518 [1] NCCL INFO Channel 00/2 : 17[200000] -> 16[100000] via P2P/IPC comm 0xb48930 nRanks 32
[1,2]<stdout>:mi200000000:120039:120143 [2] NCCL INFO Connected all rings comm 0x1bc3e50 nRanks 32 busId 300000
[1,2]<stdout>:mi200000000:120039:120143 [2] NCCL INFO Channel 00/0 : 2[300000] -> 6[700000] via P2P/IPC comm 0x1bc3e50 nRanks 32
[1,19]<stdout>:mi200000001:470425:470526 [3] NCCL INFO Connected all rings comm 0x2d99960 nRanks 32 busId 400000
[1,25]<stdout>:mi200000001:470431:470517 [9] NCCL INFO Connected all rings comm 0x1a79780 nRanks 32 busId a00000
[1,27]<stdout>:mi200000001:470433:470525 [11] NCCL INFO Channel 01/2 : 27[c00000] -> 26[b00000] via P2P/IPC comm 0x1feade0 nRanks 32
[1,2]<stdout>:mi200000000:120039:120143 [2] NCCL INFO Channel 01/0 : 2[300000] -> 6[700000] via P2P/IPC comm 0x1bc3e50 nRanks 32
[1,17]<stdout>:mi200000001:470423:470518 [1] NCCL INFO Channel 01/2 : 17[200000] -> 16[100000] via P2P/IPC comm 0xb48930 nRanks 32
[1,8]<stdout>:mi200000000:120045:120136 [8] NCCL INFO Connected all rings comm 0x13068f0 nRanks 32 busId 900000
[1,8]<stdout>:mi200000000:120045:120136 [8] NCCL INFO Channel 00/0 : 8[900000] -> 12[d00000] via P2P/IPC comm 0x13068f0 nRanks 32
[1,18]<stdout>:mi200000001:470424:470523 [2] NCCL INFO Connected all rings comm 0x1d78b80 nRanks 32 busId 300000
[1,18]<stdout>:mi200000001:470424:470523 [2] NCCL INFO Channel 00/0 : 18[300000] -> 22[700000] via P2P/IPC comm 0x1d78b80 nRanks 32
[1,24]<stdout>:mi200000001:470430:470511 [8] NCCL INFO Connected all rings comm 0xe38ff0 nRanks 32 busId 900000
[1,24]<stdout>:mi200000001:470430:470511 [8] NCCL INFO Channel 00/0 : 24[900000] -> 28[d00000] via P2P/IPC comm 0xe38ff0 nRanks 32
[1,8]<stdout>:mi200000000:120045:120136 [8] NCCL INFO Channel 01/0 : 8[900000] -> 12[d00000] via P2P/IPC comm 0x13068f0 nRanks 32
[1,18]<stdout>:mi200000001:470424:470523 [2] NCCL INFO Channel 01/0 : 18[300000] -> 22[700000] via P2P/IPC comm 0x1d78b80 nRanks 32
[1,24]<stdout>:mi200000001:470430:470511 [8] NCCL INFO Channel 01/0 : 24[900000] -> 28[d00000] via P2P/IPC comm 0xe38ff0 nRanks 32
[1,21]<stdout>:mi200000001:470427:470519 [5] NCCL INFO Channel 00/2 : 21[600000] -> 23[800000] via P2P/IPC comm 0x285e260 nRanks 32
[1,5]<stdout>:mi200000000:120042:120142 [5] NCCL INFO Channel 00/2 : 5[600000] -> 7[800000] via P2P/IPC comm 0x1b20310 nRanks 32
[1,23]<stdout>:mi200000001:470429:470520 [7] NCCL INFO Channel 01/2 : 5[600000] -> 23[800000] [receive] via NET/IB/3 comm 0x11f3650 nRanks 32
[1,21]<stdout>:mi200000001:470427:470519 [5] NCCL INFO Channel 01/2 : 21[600000] -> 7[800000] [send] via NET/IB/2 comm 0x285e260 nRanks 32
[1,5]<stdout>:mi200000000:120042:120142 [5] NCCL INFO Channel 01/2 : 5[600000] -> 23[800000] [send] via NET/IB/2 comm 0x1b20310 nRanks 32
[1,7]<stdout>:mi200000000:120044:120139 [7] NCCL INFO Channel 01/2 : 21[600000] -> 7[800000] [receive] via NET/IB/3 comm 0x2945ce0 nRanks 32
[1,20]<stdout>:mi200000001:470426:470514 [4] NCCL INFO Connected all rings comm 0x2729230 nRanks 32 busId 500000
[1,20]<stdout>:mi200000001:470426:470514 [4] NCCL INFO Channel 00/0 : 20[500000] -> 16[100000] via P2P/IPC comm 0x2729230 nRanks 32
[1,7]<stdout>:mi200000000:120044:120139 [7] NCCL INFO Channel 00/2 : 7[800000] -> 6[700000] via P2P/IPC comm 0x2945ce0 nRanks 32
[1,23]<stdout>:mi200000001:470429:470520 [7] NCCL INFO Channel 00/2 : 23[800000] -> 22[700000] via P2P/IPC comm 0x11f3650 nRanks 32
[1,4]<stdout>:mi200000000:120041:120137 [4] NCCL INFO Connected all rings comm 0xe822d0 nRanks 32 busId 500000
[1,4]<stdout>:mi200000000:120041:120137 [4] NCCL INFO Channel 00/0 : 4[500000] -> 0[100000] via P2P/IPC comm 0xe822d0 nRanks 32
[1,29]<stdout>:mi200000001:470435:470510 [13] NCCL INFO Channel 00/2 : 15[1000000] -> 29[e00000] [receive] via NET/IB/6 comm 0x2e81220 nRanks 32
[1,13]<stdout>:mi200000000:120050:120131 [13] NCCL INFO Channel 00/2 : 31[1000000] -> 13[e00000] [receive] via NET/IB/6 comm 0xe78d40 nRanks 32
[1,20]<stdout>:mi200000001:470426:470514 [4] NCCL INFO Channel 01/0 : 20[500000] -> 16[100000] via P2P/IPC comm 0x2729230 nRanks 32
[1,23]<stdout>:mi200000001:470429:470520 [7] NCCL INFO Channel 01/2 : 23[800000] -> 22[700000] via P2P/IPC comm 0x11f3650 nRanks 32
[1,4]<stdout>:mi200000000:120041:120137 [4] NCCL INFO Channel 01/0 : 4[500000] -> 0[100000] via P2P/IPC comm 0xe822d0 nRanks 32
[1,7]<stdout>:mi200000000:120044:120139 [7] NCCL INFO Channel 01/2 : 7[800000] -> 6[700000] via P2P/IPC comm 0x2945ce0 nRanks 32
[1,17]<stdout>:mi200000001:470423:470518 [1] NCCL INFO Connected all rings comm 0xb48930 nRanks 32 busId 200000
[1,16]<stdout>:mi200000001:470422:470516 [0] NCCL INFO Connected all rings comm 0x2424e80 nRanks 32 busId 100000
[1,16]<stdout>:mi200000001:470422:470516 [0] NCCL INFO Channel 00/0 : 16[100000] -> 17[200000] via P2P/IPC comm 0x2424e80 nRanks 32
[1,16]<stdout>:mi200000001:470422:470516 [0] NCCL INFO Channel 01/0 : 16[100000] -> 17[200000] via P2P/IPC comm 0x2424e80 nRanks 32
[1,22]<stdout>:mi200000001:470428:470521 [6] NCCL INFO Connected all rings comm 0x103b4c0 nRanks 32 busId 700000
[1,22]<stdout>:mi200000001:470428:470521 [6] NCCL INFO Channel 00/0 : 22[700000] -> 23[800000] via P2P/IPC comm 0x103b4c0 nRanks 32
[1,1]<stdout>:mi200000000:120038:120135 [1] NCCL INFO Connected all rings comm 0x15d46c0 nRanks 32 busId 200000
[1,0]<stdout>:mi200000000:120037:120133 [0] NCCL INFO Connected all rings comm 0x2cd50b0 nRanks 32 busId 100000
[1,0]<stdout>:mi200000000:120037:120133 [0] NCCL INFO Channel 00/0 : 0[100000] -> 1[200000] via P2P/IPC comm 0x2cd50b0 nRanks 32
[1,15]<stdout>:mi200000000:120052:120134 [15] NCCL INFO Channel 00/2 : 15[1000000] -> 29[e00000] [send] via NET/IB/7 comm 0x1ea7bf0 nRanks 32
[1,31]<stdout>:mi200000001:470437:470522 [15] NCCL INFO Channel 00/2 : 31[1000000] -> 13[e00000] [send] via NET/IB/7 comm 0x1e57350 nRanks 32
[1,6]<stdout>:mi200000000:120043:120132 [6] NCCL INFO Connected all rings comm 0x1311b10 nRanks 32 busId 700000
[1,6]<stdout>:mi200000000:120043:120132 [6] NCCL INFO Channel 00/0 : 6[700000] -> 7[800000] via P2P/IPC comm 0x1311b10 nRanks 32
[1,22]<stdout>:mi200000001:470428:470521 [6] NCCL INFO Channel 01/0 : 22[700000] -> 23[800000] via P2P/IPC comm 0x103b4c0 nRanks 32
[1,17]<stdout>:mi200000001:470423:470518 [1] NCCL INFO Channel 00/0 : 17[200000] -> 25[a00000] via P2P/IPC comm 0xb48930 nRanks 32
[1,31]<stdout>:mi200000001:470437:470522 [15] NCCL INFO Channel 01/2 : 31[1000000] -> 29[e00000] via P2P/IPC comm 0x1e57350 nRanks 32
[1,15]<stdout>:mi200000000:120052:120134 [15] NCCL INFO Channel 01/2 : 15[1000000] -> 13[e00000] via P2P/IPC comm 0x1ea7bf0 nRanks 32
[1,0]<stdout>:mi200000000:120037:120133 [0] NCCL INFO Channel 01/0 : 0[100000] -> 1[200000] via P2P/IPC comm 0x2cd50b0 nRanks 32
[1,6]<stdout>:mi200000000:120043:120132 [6] NCCL INFO Channel 01/0 : 6[700000] -> 7[800000] via P2P/IPC comm 0x1311b10 nRanks 32
[1,17]<stdout>:mi200000001:470423:470518 [1] NCCL INFO Channel 01/0 : 17[200000] -> 25[a00000] via P2P/IPC comm 0xb48930 nRanks 32
[1,1]<stdout>:mi200000000:120038:120135 [1] NCCL INFO Channel 00/0 : 1[200000] -> 9[a00000] via P2P/IPC comm 0x15d46c0 nRanks 32
[1,13]<stdout>:mi200000000:120050:120131 [13] NCCL INFO Channel 00/2 : 13[e00000] -> 12[d00000] via P2P/IPC comm 0xe78d40 nRanks 32
[1,25]<stdout>:mi200000001:470431:470517 [9] NCCL INFO Channel 00/0 : 25[a00000] -> 24[900000] via P2P/IPC comm 0x1a79780 nRanks 32
[1,29]<stdout>:mi200000001:470435:470510 [13] NCCL INFO Channel 00/2 : 29[e00000] -> 28[d00000] via P2P/IPC comm 0x2e81220 nRanks 32
[1,14]<stdout>:mi200000000:120051:120141 [14] NCCL INFO Connected all rings comm 0x15b2a90 nRanks 32 busId f00000
[1,14]<stdout>:mi200000000:120051:120141 [14] NCCL INFO Channel 00/0 : 14[f00000] -> 10[b00000] via P2P/IPC comm 0x15b2a90 nRanks 32
[1,1]<stdout>:mi200000000:120038:120135 [1] NCCL INFO Channel 01/0 : 1[200000] -> 9[a00000] via P2P/IPC comm 0x15d46c0 nRanks 32
[1,17]<stdout>:mi200000001:470423:470518 [1] NCCL INFO Connected all trees
[1,17]<stdout>:mi200000001:470423:470518 [1] NCCL INFO threadThresholds 8/8/64 | 256/8/64 | 256 | 256
[1,17]<stdout>:mi200000001:470423:470518 [1] NCCL INFO 2 coll channels, 0 nvls channels, 2 p2p channels, 1 p2p channels per peer
[1,16]<stdout>:mi200000001:470422:470516 [0] NCCL INFO Connected all trees
[1,16]<stdout>:mi200000001:470422:470516 [0] NCCL INFO threadThresholds 8/8/64 | 256/8/64 | 256 | 256
[1,16]<stdout>:mi200000001:470422:470516 [0] NCCL INFO 2 coll channels, 0 nvls channels, 2 p2p channels, 1 p2p channels per peer
[1,30]<stdout>:mi200000001:470436:470512 [14] NCCL INFO Connected all rings comm 0x17ace30 nRanks 32 busId f00000
[1,30]<stdout>:mi200000001:470436:470512 [14] NCCL INFO Channel 00/0 : 30[f00000] -> 26[b00000] via P2P/IPC comm 0x17ace30 nRanks 32
[1,13]<stdout>:mi200000000:120050:120131 [13] NCCL INFO Channel 01/2 : 13[e00000] -> 12[d00000] via P2P/IPC comm 0xe78d40 nRanks 32
[1,14]<stdout>:mi200000000:120051:120141 [14] NCCL INFO Channel 01/0 : 14[f00000] -> 10[b00000] via P2P/IPC comm 0x15b2a90 nRanks 32
[1,25]<stdout>:mi200000001:470431:470517 [9] NCCL INFO Channel 01/0 : 25[a00000] -> 24[900000] via P2P/IPC comm 0x1a79780 nRanks 32
[1,29]<stdout>:mi200000001:470435:470510 [13] NCCL INFO Channel 01/2 : 29[e00000] -> 28[d00000] via P2P/IPC comm 0x2e81220 nRanks 32
[1,9]<stdout>:mi200000000:120046:120146 [9] NCCL INFO Channel 00/0 : 9[a00000] -> 8[900000] via P2P/IPC comm 0x10feae0 nRanks 32
[1,30]<stdout>:mi200000001:470436:470512 [14] NCCL INFO Channel 01/0 : 30[f00000] -> 26[b00000] via P2P/IPC comm 0x17ace30 nRanks 32
[1,1]<stdout>:mi200000000:120038:120135 [1] NCCL INFO Connected all trees
[1,1]<stdout>:mi200000000:120038:120135 [1] NCCL INFO threadThresholds 8/8/64 | 256/8/64 | 256 | 256
[1,1]<stdout>:mi200000000:120038:120135 [1] NCCL INFO 2 coll channels, 0 nvls channels, 2 p2p channels, 1 p2p channels per peer
[1,11]<stdout>:mi200000000:120048:120145 [11] NCCL INFO Connected all rings comm 0x251da10 nRanks 32 busId c00000
[1,10]<stdout>:mi200000000:120047:120144 [10] NCCL INFO Connected all rings comm 0x248a7d0 nRanks 32 busId b00000
[1,10]<stdout>:mi200000000:120047:120144 [10] NCCL INFO Channel 00/0 : 10[b00000] -> 11[c00000] via P2P/IPC comm 0x248a7d0 nRanks 32
[1,9]<stdout>:mi200000000:120046:120146 [9] NCCL INFO Channel 01/0 : 9[a00000] -> 8[900000] via P2P/IPC comm 0x10feae0 nRanks 32
[1,12]<stdout>:mi200000000:120049:120140 [12] NCCL INFO Connected all rings comm 0x1580600 nRanks 32 busId d00000
[1,12]<stdout>:mi200000000:120049:120140 [12] NCCL INFO Channel 00/0 : 12[d00000] -> 13[e00000] via P2P/IPC comm 0x1580600 nRanks 32
[1,0]<stdout>:mi200000000:120037:120133 [0] NCCL INFO Connected all trees
[1,0]<stdout>:mi200000000:120037:120133 [0] NCCL INFO threadThresholds 8/8/64 | 256/8/64 | 256 | 256
[1,0]<stdout>:mi200000000:120037:120133 [0] NCCL INFO 2 coll channels, 0 nvls channels, 2 p2p channels, 1 p2p channels per peer
[1,26]<stdout>:mi200000001:470432:470524 [10] NCCL INFO Connected all rings comm 0x14c3fc0 nRanks 32 busId b00000
[1,26]<stdout>:mi200000001:470432:470524 [10] NCCL INFO Channel 00/0 : 26[b00000] -> 27[c00000] via P2P/IPC comm 0x14c3fc0 nRanks 32
[1,10]<stdout>:mi200000000:120047:120144 [10] NCCL INFO Channel 01/0 : 10[b00000] -> 11[c00000] via P2P/IPC comm 0x248a7d0 nRanks 32
[1,27]<stdout>:mi200000001:470433:470525 [11] NCCL INFO Connected all rings comm 0x1feade0 nRanks 32 busId c00000
[1,28]<stdout>:mi200000001:470434:470513 [12] NCCL INFO Connected all rings comm 0x12c3ee0 nRanks 32 busId d00000
[1,28]<stdout>:mi200000001:470434:470513 [12] NCCL INFO Channel 00/0 : 28[d00000] -> 29[e00000] via P2P/IPC comm 0x12c3ee0 nRanks 32
[1,12]<stdout>:mi200000000:120049:120140 [12] NCCL INFO Channel 01/0 : 12[d00000] -> 13[e00000] via P2P/IPC comm 0x1580600 nRanks 32
[1,26]<stdout>:mi200000001:470432:470524 [10] NCCL INFO Channel 01/0 : 26[b00000] -> 27[c00000] via P2P/IPC comm 0x14c3fc0 nRanks 32
[1,11]<stdout>:mi200000000:120048:120145 [11] NCCL INFO Channel 00/0 : 11[c00000] -> 3[400000] via P2P/IPC comm 0x251da10 nRanks 32
[1,28]<stdout>:mi200000001:470434:470513 [12] NCCL INFO Channel 01/0 : 28[d00000] -> 29[e00000] via P2P/IPC comm 0x12c3ee0 nRanks 32
[1,11]<stdout>:mi200000000:120048:120145 [11] NCCL INFO Channel 01/0 : 11[c00000] -> 3[400000] via P2P/IPC comm 0x251da10 nRanks 32
[1,27]<stdout>:mi200000001:470433:470525 [11] NCCL INFO Channel 00/0 : 27[c00000] -> 19[400000] via P2P/IPC comm 0x1feade0 nRanks 32
[1,3]<stdout>:mi200000000:120040:120138 [3] NCCL INFO Channel 00/0 : 3[400000] -> 2[300000] via P2P/IPC comm 0x16d3880 nRanks 32
[1,27]<stdout>:mi200000001:470433:470525 [11] NCCL INFO Channel 01/0 : 27[c00000] -> 19[400000] via P2P/IPC comm 0x1feade0 nRanks 32
[1,11]<stdout>:mi200000000:120048:120145 [11] NCCL INFO Connected all trees
[1,11]<stdout>:mi200000000:120048:120145 [11] NCCL INFO threadThresholds 8/8/64 | 256/8/64 | 256 | 256
[1,11]<stdout>:mi200000000:120048:120145 [11] NCCL INFO 2 coll channels, 0 nvls channels, 2 p2p channels, 1 p2p channels per peer
[1,10]<stdout>:mi200000000:120047:120144 [10] NCCL INFO Connected all trees
[1,10]<stdout>:mi200000000:120047:120144 [10] NCCL INFO threadThresholds 8/8/64 | 256/8/64 | 256 | 256
[1,10]<stdout>:mi200000000:120047:120144 [10] NCCL INFO 2 coll channels, 0 nvls channels, 2 p2p channels, 1 p2p channels per peer
[1,3]<stdout>:mi200000000:120040:120138 [3] NCCL INFO Channel 01/0 : 3[400000] -> 2[300000] via P2P/IPC comm 0x16d3880 nRanks 32
[1,19]<stdout>:mi200000001:470425:470526 [3] NCCL INFO Channel 00/0 : 19[400000] -> 18[300000] via P2P/IPC comm 0x2d99960 nRanks 32
[1,17]<stdout>:mi200000001:470423:470518 [1] NCCL INFO MSCCL: No external scheduler found, using internal implementation
[1,17]<stdout>:mi200000001:470423:470518 [1] NCCL INFO Using MSCCL files from /home/amdautomation/xuting/rccl/build/release/msccl-algorithms
[1,16]<stdout>:mi200000001:470422:470516 [0] NCCL INFO MSCCL: No external scheduler found, using internal implementation
[1,16]<stdout>:mi200000001:470422:470516 [0] NCCL INFO Using MSCCL files from /home/amdautomation/xuting/rccl/build/release/msccl-algorithms
[1,27]<stdout>:mi200000001:470433:470525 [11] NCCL INFO Connected all trees
[1,27]<stdout>:mi200000001:470433:470525 [11] NCCL INFO threadThresholds 8/8/64 | 256/8/64 | 256 | 256
[1,27]<stdout>:mi200000001:470433:470525 [11] NCCL INFO 2 coll channels, 0 nvls channels, 2 p2p channels, 1 p2p channels per peer
[1,21]<stdout>:mi200000001:470427:470519 [5] NCCL INFO Connected all rings comm 0x285e260 nRanks 32 busId 600000
[1,17]<stdout>:mi200000001:470423:470518 [1] NCCL INFO MSCCL: Initialization finished, localSize 400
[1,23]<stdout>:mi200000001:470429:470520 [7] NCCL INFO Connected all rings comm 0x11f3650 nRanks 32 busId 800000
[1,19]<stdout>:mi200000001:470425:470526 [3] NCCL INFO Channel 01/0 : 19[400000] -> 18[300000] via P2P/IPC comm 0x2d99960 nRanks 32
[1,16]<stdout>:mi200000001:470422:470516 [0] NCCL INFO MSCCL: Initialization finished, localSize 400
[1,26]<stdout>:mi200000001:470432:470524 [10] NCCL INFO Connected all trees
[1,26]<stdout>:mi200000001:470432:470524 [10] NCCL INFO threadThresholds 8/8/64 | 256/8/64 | 256 | 256
[1,26]<stdout>:mi200000001:470432:470524 [10] NCCL INFO 2 coll channels, 0 nvls channels, 2 p2p channels, 1 p2p channels per peer
[1,5]<stdout>:mi200000000:120042:120142 [5] NCCL INFO Connected all rings comm 0x1b20310 nRanks 32 busId 600000
[1,1]<stdout>:mi200000000:120038:120135 [1] NCCL INFO MSCCL: No external scheduler found, using internal implementation
[1,1]<stdout>:mi200000000:120038:120135 [1] NCCL INFO Using MSCCL files from /home/amdautomation/xuting/rccl/build/release/msccl-algorithms
[1,1]<stdout>:mi200000000:120038:120135 [1] NCCL INFO MSCCL: Initialization finished, localSize 400
[1,23]<stdout>:mi200000001:470429:470520 [7] NCCL INFO Channel 01/0 : 7[800000] -> 23[800000] [receive] via NET/IB/3 comm 0x11f3650 nRanks 32
[1,0]<stdout>:mi200000000:120037:120133 [0] NCCL INFO MSCCL: No external scheduler found, using internal implementation
[1,0]<stdout>:mi200000000:120037:120133 [0] NCCL INFO Using MSCCL files from /home/amdautomation/xuting/rccl/build/release/msccl-algorithms
[1,23]<stdout>:mi200000001:470429:470520 [7] NCCL INFO Channel 01/0 : 23[800000] -> 7[800000] [send] via NET/IB/3 comm 0x11f3650 nRanks 32
[1,0]<stdout>:mi200000000:120037:120133 [0] NCCL INFO MSCCL: Initialization finished, localSize 400
[1,22]<stdout>:mi200000001:470428:470521 [6] NCCL INFO Connected all trees
[1,22]<stdout>:mi200000001:470428:470521 [6] NCCL INFO threadThresholds 8/8/64 | 256/8/64 | 256 | 256
[1,22]<stdout>:mi200000001:470428:470521 [6] NCCL INFO 2 coll channels, 0 nvls channels, 2 p2p channels, 1 p2p channels per peer
[1,7]<stdout>:mi200000000:120044:120139 [7] NCCL INFO Connected all rings comm 0x2945ce0 nRanks 32 busId 800000
[1,11]<stdout>:mi200000000:120048:120145 [11] NCCL INFO MSCCL: No external scheduler found, using internal implementation
[1,11]<stdout>:mi200000000:120048:120145 [11] NCCL INFO Using MSCCL files from /home/amdautomation/xuting/rccl/build/release/msccl-algorithms
[1,10]<stdout>:mi200000000:120047:120144 [10] NCCL INFO MSCCL: No external scheduler found, using internal implementation
[1,10]<stdout>:mi200000000:120047:120144 [10] NCCL INFO Using MSCCL files from /home/amdautomation/xuting/rccl/build/release/msccl-algorithms
[1,11]<stdout>:mi200000000:120048:120145 [11] NCCL INFO MSCCL: Initialization finished, localSize 400
[1,10]<stdout>:mi200000000:120047:120144 [10] NCCL INFO MSCCL: Initialization finished, localSize 400
[1,19]<stdout>:mi200000001:470425:470526 [3] NCCL INFO Connected all trees
[1,19]<stdout>:mi200000001:470425:470526 [3] NCCL INFO threadThresholds 8/8/64 | 256/8/64 | 256 | 256
[1,19]<stdout>:mi200000001:470425:470526 [3] NCCL INFO 2 coll channels, 0 nvls channels, 2 p2p channels, 1 p2p channels per peer
[1,18]<stdout>:mi200000001:470424:470523 [2] NCCL INFO Connected all trees
[1,18]<stdout>:mi200000001:470424:470523 [2] NCCL INFO threadThresholds 8/8/64 | 256/8/64 | 256 | 256
[1,18]<stdout>:mi200000001:470424:470523 [2] NCCL INFO 2 coll channels, 0 nvls channels, 2 p2p channels, 1 p2p channels per peer
[1,7]<stdout>:mi200000000:120044:120139 [7] NCCL INFO Channel 01/0 : 23[800000] -> 7[800000] [receive] via NET/IB/3 comm 0x2945ce0 nRanks 32
[1,27]<stdout>:mi200000001:470433:470525 [11] NCCL INFO MSCCL: No external scheduler found, using internal implementation
[1,27]<stdout>:mi200000001:470433:470525 [11] NCCL INFO Using MSCCL files from /home/amdautomation/xuting/rccl/build/release/msccl-algorithms
[1,7]<stdout>:mi200000000:120044:120139 [7] NCCL INFO Channel 01/0 : 7[800000] -> 23[800000] [send] via NET/IB/3 comm 0x2945ce0 nRanks 32
[1,27]<stdout>:mi200000001:470433:470525 [11] NCCL INFO MSCCL: Initialization finished, localSize 400
[1,7]<stdout>:mi200000000:120044:120139 [7] NCCL INFO Channel 00/0 : 7[800000] -> 5[600000] via P2P/IPC comm 0x2945ce0 nRanks 32
[1,26]<stdout>:mi200000001:470432:470524 [10] NCCL INFO MSCCL: No external scheduler found, using internal implementation
[1,26]<stdout>:mi200000001:470432:470524 [10] NCCL INFO Using MSCCL files from /home/amdautomation/xuting/rccl/build/release/msccl-algorithms
[1,23]<stdout>:mi200000001:470429:470520 [7] NCCL INFO Channel 00/0 : 23[800000] -> 21[600000] via P2P/IPC comm 0x11f3650 nRanks 32
[1,26]<stdout>:mi200000001:470432:470524 [10] NCCL INFO MSCCL: Initialization finished, localSize 400
[1,21]<stdout>:mi200000001:470427:470519 [5] NCCL INFO Channel 00/0 : 21[600000] -> 20[500000] via P2P/IPC comm 0x285e260 nRanks 32
[1,5]<stdout>:mi200000000:120042:120142 [5] NCCL INFO Channel 00/0 : 5[600000] -> 4[500000] via P2P/IPC comm 0x1b20310 nRanks 32
[1,29]<stdout>:mi200000001:470435:470510 [13] NCCL INFO Connected all rings comm 0x2e81220 nRanks 32 busId e00000
[1,13]<stdout>:mi200000000:120050:120131 [13] NCCL INFO Connected all rings comm 0xe78d40 nRanks 32 busId e00000
[1,31]<stdout>:mi200000001:470437:470522 [15] NCCL INFO Connected all rings comm 0x1e57350 nRanks 32 busId 1000000
[1,15]<stdout>:mi200000000:120052:120134 [15] NCCL INFO Connected all rings comm 0x1ea7bf0 nRanks 32 busId 1000000
[1,6]<stdout>:mi200000000:120043:120132 [6] NCCL INFO Connected all trees
[1,6]<stdout>:mi200000000:120043:120132 [6] NCCL INFO threadThresholds 8/8/64 | 256/8/64 | 256 | 256
[1,6]<stdout>:mi200000000:120043:120132 [6] NCCL INFO 2 coll channels, 0 nvls channels, 2 p2p channels, 1 p2p channels per peer
[1,21]<stdout>:mi200000001:470427:470519 [5] NCCL INFO Channel 01/0 : 21[600000] -> 20[500000] via P2P/IPC comm 0x285e260 nRanks 32
